07-26 06:18:22.162   833  1280 D test##>>: com.Slack=37-3.176635120555556-0
07-26 06:24:02.083   833  1280 D test##>>: com.Slack=37-3.176635120555556-0
07-26 06:47:09.036   833  1280 D test##>>: com.Slack=37-3.176635120555556-0
07-26 07:04:10.045   833  1280 D test##>>: com.Slack=37-3.176635120555556-0
07-26 07:18:24.118   833  1280 D test##>>: com.Slack=37-3.176635120555556-0
07-26 07:22:03.095   833  1280 D test##>>: com.Slack=37-3.176635120555556-0
07-26 07:46:28.011   833  1280 D test##>>: com.Slack=37-3.176635120555556-0
07-26 08:11:44.666   833  1280 D test##>>: com.Slack=37-3.176635120555556-0
07-26 08:16:46.961  1708  2103 D Boost   : hostingType=broadcast, hostingName={com.Slack/com.google.firebase.iid.FirebaseInstanceIdReceiver}, callerPackage=com.google.android.gms, isSystem=true, isBoostNeeded=false.
07-26 08:16:46.962  1708  2103 I ActivityManager: Start proc 12931:com.Slack/u0a460 for broadcast {com.Slack/com.google.firebase.iid.FirebaseInstanceIdReceiver} caller=com.google.android.gms
07-26 08:16:47.274  1708  2738 I SmartPower.com.Slack/10460(12931): died->background(3446463ms) R(process start ) adj=-10000.
07-26 08:16:47.275  1708  2445 I SmartPower: com.Slack/10460 state=died adj=915 proc size=1 move to background process start 
07-26 08:16:47.942  1708  2851 I UiModeManager: systemserver package:com.Slack null
07-26 08:16:47.950 12931 12931 I ForceDarkHelperStubImpl: initialize for com.Slack , ForceDarkAppConfig: null
07-26 08:16:55.357  1708 12630 E ActivityManager:  +0% 12931/com.Slack: 0% user + 0% kernel
07-26 08:16:55.681  1708  2445 I SmartPower: com.Slack/10460 state=background adj=0 proc size=1 move to inactive service end com.Slack/androidx.work.impl.background.systemjob.SystemJobService
07-26 08:16:58.552  1708  2159 I ProcessSceneCleaner: UserDefined: kill procName=com.Slack info=AS:50010
07-26 08:16:58.552  1708  2159 I ActivityManager: Killing 12931:com.Slack/u0a460 (adj 500): UserDefined
07-26 08:16:58.553  1708  2159 W PreloadController: notify...pkgName=com.Slack, userId=0, processName=com.Slack, pid=12931, reason=UserDefined
07-26 08:16:58.559  1708  2159 I SmartPower.com.Slack/10460(12931): background->died(11285ms) R(process died ) adj=500.
07-26 08:16:58.560  1708  2445 I SmartPower: com.Slack/10460 state=inactive adj=500 proc size=1 move to died process died 
07-26 08:16:58.672  1708  4378 D ProcessManager: skip restart com.Slack because this device is a lowmemory device!
07-26 08:16:58.680  1708  4378 W ActivityManager: Scheduling restart of crashed service com.Slack/slack.services.notifications.push.impl.SlackFirebaseMessagingService in 81480ms for start-requested
07-26 08:17:02.083  1708  2103 D Boost   : hostingType=broadcast, hostingName={com.Slack/com.google.firebase.iid.FirebaseInstanceIdReceiver}, callerPackage=com.google.android.gms, isSystem=true, isBoostNeeded=false.
07-26 08:17:02.084  1708  2103 I ActivityManager: Start proc 14701:com.Slack/u0a460 for broadcast {com.Slack/com.google.firebase.iid.FirebaseInstanceIdReceiver} caller=com.google.android.gms
07-26 08:17:02.286  1708  4201 I SmartPower.com.Slack/10460(14701): died->background(3727ms) R(process start ) adj=-10000.
07-26 08:17:02.286  1708  2445 I SmartPower: com.Slack/10460 state=died adj=500 proc size=1 move to background process start 
07-26 08:17:03.216  1708  2899 I UiModeManager: systemserver package:com.Slack null
07-26 08:17:03.222 14701 14701 I ForceDarkHelperStubImpl: initialize for com.Slack , ForceDarkAppConfig: null
07-26 08:17:12.063  1708  2102 W BroadcastQueue: Receiver during timeout of BroadcastRecord{63ecba4 u0 com.google.android.c2dm.intent.RECEIVE} : ResolveInfo{14622e3 com.Slack/com.google.firebase.iid.FirebaseInstanceIdReceiver m=0x108000}
07-26 08:17:12.064  1708  2445 I SmartPower: com.Slack/10460 state=background adj=0 proc size=1 move to inactive broadcast end Intent { act=com.google.android.c2dm.intent.RECEIVE flg=0x11000010 pkg=com.Slack cmp=com.Slack/com.google.firebase.iid.FirebaseInstanceIdReceiver (has extras) }
07-26 08:17:12.914  1708 15706 D ActivityManagerServiceImpl: checkThawTime uid=10460 report=Broadcast of Intent { act=com.google.android.c2dm.intent.RECEIVE flg=0x11000010 pkg=com.Slack cmp=com.Slack/com.google.firebase.iid.FirebaseInstanceIdReceiver (has extras) }
07-26 08:17:12.981  1708 15706 D MIUIScout ANR: Pid(14701) have D state thead(tid:14701 name:com.Slack)
07-26 08:17:14.190  1708 15706 E ActivityManager: ANR in com.Slack
07-26 08:17:14.190  1708 15706 E ActivityManager: Reason: Broadcast of Intent { act=com.google.android.c2dm.intent.RECEIVE flg=0x11000010 pkg=com.Slack cmp=com.Slack/com.google.firebase.iid.FirebaseInstanceIdReceiver (has extras) }
07-26 08:17:14.191  1708 15706 E ActivityManager:  +0% 14701/com.Slack: 0% user + 0% kernel
07-26 08:17:14.268  1708  3361 W ActivityManager: Missing app error report, app = com.Slack crashing = false notResponding = true
07-26 08:17:14.268  1708  2851 W ActivityManager: Missing app error report, app = com.Slack crashing = false notResponding = true
07-26 08:17:14.387  1708  4380 W ActivityManager: Missing app error report, app = com.Slack crashing = false notResponding = true
07-26 08:17:14.403  1708 15706 I ActivityManager: Killing 14701:com.Slack/u0a460 (adj 0): bg anr
07-26 08:17:14.403  1708 15706 W PreloadController: notify...pkgName=com.Slack, userId=0, processName=com.Slack, pid=14701, reason=bg anr
07-26 08:17:14.405  1708 15706 I SmartPower.com.Slack/10460(14701): background->died(12119ms) R(process died ) adj=0.
07-26 08:17:14.406  1708 15706 D ActivityManager: Completed ANR of com.Slack in 2060ms, latency 282ms
07-26 08:17:14.406  1708  2445 I SmartPower: com.Slack/10460 state=inactive adj=0 proc size=1 move to died process died 
07-26 08:17:14.415  1708  2437 W PreloadManager: Failed : usage, pkg=com.Slack
07-26 08:17:14.415  1708  2437 W PreloadController: Will not preload com.Slack, decision = false, mMonitor.size()=4
07-26 08:17:14.913  1708  4201 D ProcessManager: skip restart com.Slack because this device is a lowmemory device!
07-26 08:17:14.915  1708  4201 W ActivityManager: Scheduling restart of crashed service com.Slack/slack.services.notifications.push.impl.SlackFirebaseMessagingService in 325920ms for start-requested
07-26 08:17:14.957  1708  2103 D Boost   : hostingType=broadcast, hostingName={com.Slack/com.google.firebase.iid.FirebaseInstanceIdReceiver}, callerPackage=com.google.android.gms, isSystem=true, isBoostNeeded=false.
07-26 08:17:14.970  1708  2103 I ActivityManager: Start proc 15880:com.Slack/u0a460 for broadcast {com.Slack/com.google.firebase.iid.FirebaseInstanceIdReceiver} caller=com.google.android.gms
07-26 08:17:15.319  1708  2788 I SmartPower.com.Slack/10460(15880): died->background(915ms) R(process start ) adj=-10000.
07-26 08:17:15.319  1708  2445 I SmartPower: com.Slack/10460 state=died adj=0 proc size=1 move to background process start 
07-26 08:17:17.116  1708  2851 I UiModeManager: systemserver package:com.Slack null
07-26 08:17:17.121 15880 15880 I ForceDarkHelperStubImpl: initialize for com.Slack , ForceDarkAppConfig: null
07-26 08:17:25.091  1708  2102 W BroadcastQueue: Receiver during timeout of BroadcastRecord{8ae8554 u0 com.google.android.c2dm.intent.RECEIVE} : ResolveInfo{73487e4 com.Slack/com.google.firebase.iid.FirebaseInstanceIdReceiver m=0x108000}
07-26 08:17:25.100  1708  2445 I SmartPower: com.Slack/10460 state=background adj=0 proc size=1 move to inactive broadcast end Intent { act=com.google.android.c2dm.intent.RECEIVE flg=0x11000010 pkg=com.Slack cmp=com.Slack/com.google.firebase.iid.FirebaseInstanceIdReceiver (has extras) }
07-26 08:17:26.738  1708 16906 D ActivityManagerServiceImpl: checkThawTime uid=10460 report=Broadcast of Intent { act=com.google.android.c2dm.intent.RECEIVE flg=0x11000010 pkg=com.Slack cmp=com.Slack/com.google.firebase.iid.FirebaseInstanceIdReceiver (has extras) }
07-26 08:17:26.745  1708 16906 D MIUIScout ANR: Pid(15880) have D state thead(tid:15880 name:com.Slack)
07-26 08:17:36.227  1708  2102 W BroadcastQueue: Receiver during timeout of BroadcastRecord{c347117 u0 com.google.android.c2dm.intent.RECEIVE} : ResolveInfo{7d4ddd0 com.Slack/com.google.firebase.iid.FirebaseInstanceIdReceiver m=0x108000}
07-26 08:17:37.631  1708  2738 W ActivityManager: Missing app error report, app = com.Slack crashing = false notResponding = true
07-26 08:17:37.726  1708  2738 W ActivityManager: Missing app error report, app = com.Slack crashing = false notResponding = true
07-26 08:17:37.860  1708  3194 W ActivityManager: Missing app error report, app = com.Slack crashing = false notResponding = true
07-26 08:17:37.862  1708  3194 W ActivityManager: Missing app error report, app = com.Slack crashing = false notResponding = true
07-26 08:17:38.001  1708  3194 W ActivityManager: Missing app error report, app = com.Slack crashing = false notResponding = true
07-26 08:17:38.003  1708  3194 W ActivityManager: Missing app error report, app = com.Slack crashing = false notResponding = true
07-26 08:17:38.144  1708  3194 W ActivityManager: Missing app error report, app = com.Slack crashing = false notResponding = true
07-26 08:17:38.146  1708  2738 W ActivityManager: Missing app error report, app = com.Slack crashing = false notResponding = true
07-26 08:17:38.279  1708  2738 W ActivityManager: Missing app error report, app = com.Slack crashing = false notResponding = true
07-26 08:17:38.280  1708  2944 W ActivityManager: Missing app error report, app = com.Slack crashing = false notResponding = true
07-26 08:17:38.399  1708  2944 W ActivityManager: Missing app error report, app = com.Slack crashing = false notResponding = true
07-26 08:17:38.400  1708  3194 W ActivityManager: Missing app error report, app = com.Slack crashing = false notResponding = true
07-26 08:17:38.540  1708  2738 W ActivityManager: Missing app error report, app = com.Slack crashing = false notResponding = true
07-26 08:17:38.541  1708  3176 W ActivityManager: Missing app error report, app = com.Slack crashing = false notResponding = true
07-26 08:17:38.683  1708  2944 W ActivityManager: Missing app error report, app = com.Slack crashing = false notResponding = true
07-26 08:17:38.685  1708  3176 W ActivityManager: Missing app error report, app = com.Slack crashing = false notResponding = true
07-26 08:17:38.819  1708  3176 W ActivityManager: Missing app error report, app = com.Slack crashing = false notResponding = true
07-26 08:17:38.821  1708  2738 W ActivityManager: Missing app error report, app = com.Slack crashing = false notResponding = true
07-26 08:17:38.960  1708  2738 W ActivityManager: Missing app error report, app = com.Slack crashing = false notResponding = true
07-26 08:17:38.961  1708  3176 W ActivityManager: Missing app error report, app = com.Slack crashing = false notResponding = true
07-26 08:17:39.102  1708  2944 W ActivityManager: Missing app error report, app = com.Slack crashing = false notResponding = true
07-26 08:17:39.103  1708  2944 W ActivityManager: Missing app error report, app = com.Slack crashing = false notResponding = true
07-26 08:17:39.241  1708  2944 W ActivityManager: Missing app error report, app = com.Slack crashing = false notResponding = true
07-26 08:17:39.245  1708  4350 W ActivityManager: Missing app error report, app = com.Slack crashing = false notResponding = true
07-26 08:17:39.386  1708  2944 W ActivityManager: Missing app error report, app = com.Slack crashing = false notResponding = true
07-26 08:17:39.389  1708  4350 W ActivityManager: Missing app error report, app = com.Slack crashing = false notResponding = true
07-26 08:17:39.520  1708  4350 W ActivityManager: Missing app error report, app = com.Slack crashing = false notResponding = true
07-26 08:17:39.521  1708  2944 W ActivityManager: Missing app error report, app = com.Slack crashing = false notResponding = true
07-26 08:17:39.659  1708  2944 W ActivityManager: Missing app error report, app = com.Slack crashing = false notResponding = true
07-26 08:17:39.660  1708  3194 W ActivityManager: Missing app error report, app = com.Slack crashing = false notResponding = true
07-26 08:17:39.801  1708  4350 W ActivityManager: Missing app error report, app = com.Slack crashing = false notResponding = true
07-26 08:17:39.802  1708  3176 W ActivityManager: Missing app error report, app = com.Slack crashing = false notResponding = true
07-26 08:17:39.949  1708  4350 W ActivityManager: Missing app error report, app = com.Slack crashing = false notResponding = true
07-26 08:17:39.950  1708  4201 W ActivityManager: Missing app error report, app = com.Slack crashing = false notResponding = true
07-26 08:17:40.080  1708  2738 W ActivityManager: Missing app error report, app = com.Slack crashing = false notResponding = true
07-26 08:17:40.081  1708  3176 W ActivityManager: Missing app error report, app = com.Slack crashing = false notResponding = true
07-26 08:17:40.214  1708  3176 W ActivityManager: Missing app error report, app = com.Slack crashing = false notResponding = true
07-26 08:17:40.215  1708  4201 W ActivityManager: Missing app error report, app = com.Slack crashing = false notResponding = true
07-26 08:17:40.338  1708  3194 W ActivityManager: Missing app error report, app = com.Slack crashing = false notResponding = true
07-26 08:17:40.340  1708  4350 W ActivityManager: Missing app error report, app = com.Slack crashing = false notResponding = true
07-26 08:17:40.440  1708  3194 W ActivityManager: Missing app error report, app = com.Slack crashing = false notResponding = true
07-26 08:17:40.442  1708  2738 W ActivityManager: Missing app error report, app = com.Slack crashing = false notResponding = true
07-26 08:17:40.502  1708 16906 E ActivityManager: ANR in com.Slack
07-26 08:17:40.502  1708 16906 E ActivityManager: Reason: Broadcast of Intent { act=com.google.android.c2dm.intent.RECEIVE flg=0x11000010 pkg=com.Slack cmp=com.Slack/com.google.firebase.iid.FirebaseInstanceIdReceiver (has extras) }
07-26 08:17:40.502  1708 16906 E ActivityManager:   5.9% 15880/com.Slack: 2.1% user + 3.8% kernel / faults: 24976 minor 91 major
07-26 08:17:40.502  1708 16906 E ActivityManager:  +0% 17836/com.Slack: 0% user + 0% kernel
07-26 08:17:40.541  1708  2944 W ActivityManager: Missing app error report, app = com.Slack crashing = false notResponding = true
07-26 08:17:40.543  1708  2944 W ActivityManager: Missing app error report, app = com.Slack crashing = false notResponding = true
07-26 08:17:40.643  1708  3194 W ActivityManager: Missing app error report, app = com.Slack crashing = false notResponding = true
07-26 08:17:40.643  1708  2944 W ActivityManager: Missing app error report, app = com.Slack crashing = false notResponding = true
07-26 08:17:40.655  1708 16906 I ActivityManager: Killing 15880:com.Slack/u0a460 (adj 0): bg anr
07-26 08:17:40.657  1708 16906 W PreloadController: notify...pkgName=com.Slack, userId=0, processName=com.Slack, pid=15880, reason=bg anr
07-26 08:17:40.666  1708 16906 I SmartPower.com.Slack/10460(15880): background->died(25346ms) R(process died ) adj=0.
07-26 08:17:40.666  1708  2445 I SmartPower: com.Slack/10460 state=inactive adj=0 proc size=1 move to died process died 
07-26 08:17:40.667  1708 16906 D ActivityManager: Completed ANR of com.Slack in 15557ms, latency 18ms
07-26 08:17:40.667  1708 16906 I ActivityManager: Skipping duplicate ANR: com.android.server.am.ProcessErrorStateRecord@324a204 Broadcast of Intent { act=com.google.android.c2dm.intent.RECEIVE flg=0x11000010 pkg=com.Slack cmp=com.Slack/com.google.firebase.iid.FirebaseInstanceIdReceiver (has extras) }
07-26 08:17:40.668  1708 16906 D ActivityManager: Completed ANR of com.Slack in 1ms, latency 4439ms
07-26 08:17:40.684  1708  2437 W PreloadManager: Failed : usage, pkg=com.Slack
07-26 08:17:40.684  1708  2437 W PreloadController: Will not preload com.Slack, decision = false, mMonitor.size()=4
07-26 08:17:40.726  1708  3194 D ProcessManager: skip restart com.Slack because this device is a lowmemory device!
07-26 08:17:40.754  1708  3194 W ActivityManager: Scheduling restart of crashed service com.Slack/slack.services.notifications.push.impl.SlackFirebaseMessagingService in 1303680ms for start-requested
07-26 08:17:40.762  1708  2110 I ActivityManager: Process PhantomProcessRecord {2615521 17836:15880:com.Slack/u0a460} died
07-26 08:17:40.783  1708  2103 D Boost   : hostingType=broadcast, hostingName={com.Slack/com.google.firebase.iid.FirebaseInstanceIdReceiver}, callerPackage=com.google.android.gms, isSystem=true, isBoostNeeded=false.
07-26 08:17:40.796  1708  2103 I ActivityManager: Start proc 17900:com.Slack/u0a460 for broadcast {com.Slack/com.google.firebase.iid.FirebaseInstanceIdReceiver} caller=com.google.android.gms
07-26 08:17:40.916  1708  4350 I SmartPower.com.Slack/10460(17900): died->background(250ms) R(process start ) adj=-10000.
07-26 08:17:40.916  1708  2445 I SmartPower: com.Slack/10460 state=died adj=0 proc size=1 move to background process start 
07-26 08:17:41.036  4389  4695 D Utils   : isSystemApp:com.Slack
07-26 08:17:44.494  1708  2944 I UiModeManager: systemserver package:com.Slack null
07-26 08:17:44.495 17900 17900 I ForceDarkHelperStubImpl: initialize for com.Slack , ForceDarkAppConfig: null
07-26 08:17:50.774  1708  2102 W BroadcastQueue: Receiver during timeout of BroadcastRecord{c355b4 u0 com.google.android.c2dm.intent.RECEIVE} : ResolveInfo{438a2b0 com.Slack/com.google.firebase.iid.FirebaseInstanceIdReceiver m=0x108000}
07-26 08:17:50.775  1708  2445 I SmartPower: com.Slack/10460 state=background adj=0 proc size=1 move to inactive broadcast end Intent { act=com.google.android.c2dm.intent.RECEIVE flg=0x11000010 pkg=com.Slack cmp=com.Slack/com.google.firebase.iid.FirebaseInstanceIdReceiver (has extras) }
07-26 08:17:55.828  4389  4695 D Utils   : isSystemApp:com.Slack
07-26 08:18:04.222  1708 16906 E ActivityManager:  +0% 17900/com.Slack: 0% user + 0% kernel
07-26 08:18:04.222  1708 16906 E ActivityManager:   23% 17900/com.Slack: 5.1% user + 17% kernel / faults: 4821 minor
07-26 08:18:04.222  1708 16906 E ActivityManager:     23% 17900/com.Slack: 5.1% user + 17% kernel
07-26 08:18:06.721  1708 16906 D ActivityManagerServiceImpl: checkThawTime uid=10460 report=Broadcast of Intent { act=com.google.android.c2dm.intent.RECEIVE flg=0x11000010 pkg=com.Slack cmp=com.Slack/com.google.firebase.iid.FirebaseInstanceIdReceiver (has extras) }
07-26 08:18:07.511  1708  2159 I ProcessSceneCleaner: UserDefined: kill procName=com.Slack info=AS:50010
07-26 08:18:07.525  1708  2159 I ActivityManager: Killing 17900:com.Slack/u0a460 (adj 500): UserDefined
07-26 08:18:07.529  1708  2159 W PreloadController: notify...pkgName=com.Slack, userId=0, processName=com.Slack, pid=17900, reason=UserDefined
07-26 08:18:07.542  1708  2159 I SmartPower.com.Slack/10460(17900): background->died(26626ms) R(process died ) adj=500.
07-26 08:18:07.543  1708  2445 I SmartPower: com.Slack/10460 state=inactive adj=500 proc size=1 move to died process died 
07-26 08:18:08.081  1708  4543 D ProcessManager: skip restart com.Slack because this device is a lowmemory device!
07-26 08:18:08.082  1708  4543 W ActivityManager: Scheduling restart of crashed service com.Slack/slack.services.notifications.push.impl.SlackFirebaseMessagingService in 16578ms for start-requested
07-26 08:18:18.161  1708 16906 E ActivityManager: ANR in com.Slack
07-26 08:18:18.161  1708 16906 E ActivityManager: Reason: Broadcast of Intent { act=com.google.android.c2dm.intent.RECEIVE flg=0x11000010 pkg=com.Slack cmp=com.Slack/com.google.firebase.iid.FirebaseInstanceIdReceiver (has extras) }
07-26 08:18:18.789  1708 16906 D ActivityManager: Completed ANR of com.Slack in 14194ms, latency 13821ms
07-26 08:18:22.713  4389  4695 D Utils   : isSystemApp:com.Slack
07-26 08:18:24.735  1708  2103 D Boost   : hostingType=service, hostingName={com.Slack/slack.services.notifications.push.impl.SlackFirebaseMessagingService}, callerPackage=com.Slack, isSystem=false, isBoostNeeded=false.
07-26 08:18:24.737  1708  2103 I ActivityManager: Start proc 20315:com.Slack/u0a460 for service {com.Slack/slack.services.notifications.push.impl.SlackFirebaseMessagingService} caller=com.Slack
07-26 08:18:24.974  1708  4453 I SmartPower.com.Slack/10460(20315): died->background(17432ms) R(process start ) adj=-10000.
07-26 08:18:25.006  1708  4453 W ActivityManager: Stopping service due to app idle: u0a460 -25s220ms com.Slack/slack.services.notifications.push.impl.SlackFirebaseMessagingService
07-26 08:18:26.121  1708  4453 I UiModeManager: systemserver package:com.Slack null
07-26 08:18:26.153 20315 20315 I ForceDarkHelperStubImpl: initialize for com.Slack , ForceDarkAppConfig: null
07-26 08:18:26.416  1708  2445 I SmartPower: com.Slack/10460 state=died adj=500 proc size=1 move to background process start 
07-26 08:18:36.078   833  1280 D test##>>: com.Slack=37-3.176635120555556-0
07-26 08:18:40.311  1708  4378 W ActivityManager: Service done with onDestroy, but executeNesting=2: ServiceRecord{f9ca7e8 u0 com.Slack/slack.services.notifications.push.impl.SlackFirebaseMessagingService}
07-26 08:18:40.313  1708  2445 I SmartPower: com.Slack/10460 state=background adj=1001 proc size=1 move to inactive adj below visible
07-26 08:18:40.369  1708  4201 I SmartPower.com.Slack/10460(20315): background->died(15395ms) R(process died ) adj=905.
07-26 08:18:40.369  1708  4201 I ActivityManager: Process com.Slack (pid 20315) has died: cch+5 CEM 
07-26 08:18:40.370  1708  2445 I SmartPower: com.Slack/10460 state=inactive adj=905 proc size=1 move to died process died 
07-26 08:18:40.375  1708  4201 D ProcessManager: skip restart com.Slack because this device is a lowmemory device!
07-26 08:19:30.476  1708  2103 D Boost   : hostingType=broadcast, hostingName={com.Slack/com.google.firebase.iid.FirebaseInstanceIdReceiver}, callerPackage=com.google.android.gms, isSystem=true, isBoostNeeded=false.
07-26 08:19:30.477  1708  2103 I ActivityManager: Start proc 26273:com.Slack/u0a460 for broadcast {com.Slack/com.google.firebase.iid.FirebaseInstanceIdReceiver} caller=com.google.android.gms
07-26 08:19:30.527  1708  1780 I SmartPower.com.Slack/10460(26273): died->background(50158ms) R(process start ) adj=-10000.
07-26 08:19:30.527  1708  2445 I SmartPower: com.Slack/10460 state=died adj=905 proc size=1 move to background process start 
07-26 08:19:30.914  1708  1780 I UiModeManager: systemserver package:com.Slack null
07-26 08:19:30.914 26273 26273 I ForceDarkHelperStubImpl: initialize for com.Slack , ForceDarkAppConfig: null
07-26 08:19:31.598  1708  2445 I SmartPower: com.Slack/10460 state=background adj=0 proc size=1 move to inactive service end com.Slack/androidx.work.impl.background.systemjob.SystemJobService
07-26 08:19:34.429  1708  3361 E NotificationService: Muting recently noisy 0|com.Slack|786733008|null|10460
07-26 08:19:34.500  1708  1776 E NotificationService: Muting recently noisy 0|com.Slack|786733008|null|10460
07-26 08:19:34.833  1708  4380 E NotificationService: Muting recently noisy 0|com.Slack|786733008|null|10460
07-26 08:19:35.250  1708  4380 E NotificationManagerServiceImpl: Cancel the recent frequently vibration in 15s 0|com.Slack|786733008|null|10460
07-26 08:19:41.830  1708  2898 I SmartPower.com.Slack/10460(26273): background->died(11303ms) R(process died ) adj=905.
07-26 08:19:41.830  1708  2898 I ActivityManager: Process com.Slack (pid 26273) has died: cch+5 CEM 
07-26 08:19:41.830  1708  2445 I SmartPower: com.Slack/10460 state=inactive adj=905 proc size=1 move to died process died 
07-26 08:19:41.832  1708  2898 D ProcessManager: skip restart com.Slack because this device is a lowmemory device!
07-26 08:29:19.218   833  1280 D test##>>: com.Slack=37-3.176635120555556-0
07-26 08:36:41.405  1708  4453 I ActivityTaskManager: START u0 {act=android.intent.action.MAIN cat=[android.intent.category.LAUNCHER] flg=0x10200000 cmp=com.Slack/slack.features.home.HomeActivity bnds=[265,1485][416,1636] (has extras)} from uid 10087 from pid 6797 callingPackage com.miui.home
07-26 08:36:41.484  1708  2103 D Boost   : hostingType=pre-top-activity, hostingName={com.Slack/slack.features.home.HomeActivity}, callerPackage=others, isSystem=true, isBoostNeeded=false.
07-26 08:36:41.487  1708  2103 I ActivityManager: Start proc 23391:com.Slack/u0a460 for pre-top-activity {com.Slack/slack.features.home.HomeActivity} caller=others
07-26 08:36:41.527  1708  2049 I SmartPower.com.Slack/10460(0): died->visible(483019ms) R(become visible) adj=-10000.
07-26 08:36:41.527  1708  2445 I SmartPower: com.Slack/10460 state=died adj=905 proc size=1 move to foreground become visible
07-26 08:36:41.568  1708  2098 I PeriodicCleaner: current focused package: com.Slack
07-26 08:36:41.878  1708  4204 I UiModeManager: systemserver package:com.Slack null
07-26 08:36:41.878 23391 23391 I ForceDarkHelperStubImpl: initialize for com.Slack , ForceDarkAppConfig: null
07-26 08:36:42.132  1708  2044 I WindowManager: isGestureIsolated-->curAppPackageName:com.Slack
07-26 08:36:42.311  1708  2098 I PeriodicCleaner: current focused package: com.Slack
07-26 08:36:42.315  1708  2098 I PeriodicCleaner: current focused package: com.Slack
07-26 08:36:42.698  1708  2103 D Boost   : hostingType=service, hostingName={com.android.chrome/org.chromium.chrome.browser.customtabs.CustomTabsConnectionService}, callerPackage=com.Slack, isSystem=false, isBoostNeeded=false.
07-26 08:36:42.699  1708  2103 I ActivityManager: Start proc 23557:com.android.chrome/u0a203 for service {com.android.chrome/org.chromium.chrome.browser.customtabs.CustomTabsConnectionService} caller=com.Slack
07-26 08:36:42.891 23391 23391 W Looper  : PerfMonitor looperActivity : package=com.Slack/slack.features.home.HomeActivity time=559ms latency=764ms running=0ms  procState=-1  historyMsgCount=3 (msgIndex=1 wall=559ms seq=4 late=764ms h=android.app.ActivityThread$H w=159) (msgIndex=2 wall=766ms seq=2 h=android.app.ActivityThread$H w=110)
07-26 08:36:42.892 23391 23391 W Looper  : PerfMonitor looperActivity : package=com.Slack/slack.features.home.HomeActivity time=0ms latency=1323ms running=0ms  procState=-1  historyMsgCount=5 (msgIndex=1 wall=559ms seq=4 late=764ms h=android.app.ActivityThread$H w=159) (msgIndex=2 wall=766ms seq=2 h=android.app.ActivityThread$H w=110) (msgIndex=4 wall=559ms seq=4 late=764ms h=android.app.ActivityThread$H w=159)
07-26 08:36:44.274  1708  4453 D WindowManager: finishDrawingLocked: mDrawState=COMMIT_DRAW_PENDING Window{2f0b6b2 u0 com.Slack/slack.features.home.HomeActivity} in Surface(name=com.Slack/slack.features.home.HomeActivity)/@0xb810717
07-26 08:36:44.401  1708  3194 D WindowManager: Input focus has changed to Window{2f0b6b2 u0 com.Slack/slack.features.home.HomeActivity} display=0 updateInputWindows = true
07-26 08:36:51.975  1708  4451 D PerfShielderService: com.Slack|com.Slack/slack.features.home.HomeActivity|289|354411303900314|131|3|8
07-26 08:36:51.992  4389 20329 W MiuiPerfServiceClient: interceptAndQueuing:23391|com.Slack|289|131|354411303900314|Slow handle traversal|8
07-26 08:36:52.411  1708  2098 I PeriodicCleaner: current focused package: com.Slack
07-26 08:36:52.428  1708  2098 I PeriodicCleaner: current focused package: com.Slack
07-26 08:36:52.895  1708  4183 D PerfShielderService: com.Slack|com.Slack/slack.features.home.HomeActivity|747|354416560589635|145|2|25
07-26 08:36:52.905  4389 20329 W MiuiPerfServiceClient: interceptAndQueuing:23391|com.Slack|747|145|354416560589635|Slow handle animation|25
07-26 08:36:54.643  1708  2044 I WindowManager: isGestureIsolated-->curAppPackageName:com.Slack
07-26 08:36:57.876  1708  4183 D WindowManager: Input focus has changed to Window{2f0b6b2 u0 com.Slack/slack.features.home.HomeActivity} display=0 updateInputWindows = true
07-26 08:37:01.912  1708  4183 D PerfShielderService: com.Slack|com.Slack/slack.features.home.HomeActivity|239|354423654399685|239|2|1
07-26 08:37:01.913  4389 20329 W MiuiPerfServiceClient: interceptAndQueuing:23391|com.Slack|239|239|354423654399685|Slow handle animation|1
07-26 08:37:01.913  1708  2898 D PerfShielderService: com.Slack|com.Slack/slack.features.home.HomeActivity|730|354425162623851|276|3|9
07-26 08:37:01.913  4389 20329 W MiuiPerfServiceClient: interceptAndQueuing:23391|com.Slack|730|276|354425162623851|Slow handle traversal|9
07-26 08:37:06.724  1708  4183 I ActivityTaskManager: START u0 {cmp=com.Slack/slack.features.messagedetails.MessageDetailsActivity (has extras)} from uid 10460 from pid 23391 callingPackage com.Slack
07-26 08:37:06.761  1708  2049 D WindowManager: Update InputWindowHandle: 2f0b6b2 com.Slack/slack.features.home.HomeActivity, frame=[0,0,1080,2340], touchableRegion=SkRegion((0,0,1080,2340)), visible=true, focusable=true, changed=true
07-26 08:37:06.780  1708  2898 I ActivityTaskManager: The Process com.Slack Already Exists in BG. So sending its PID: 23391
07-26 08:37:06.794  1708  2098 D PeriodicCleaner: com.Slack/slack.features.messagedetails.MessageDetailsActivity isn't fullscreen, skip.
07-26 08:37:06.878  1708  2103 D Boost   : hostingType=service, hostingName={com.android.chrome/org.chromium.chrome.browser.customtabs.CustomTabsConnectionService}, callerPackage=com.Slack, isSystem=false, isBoostNeeded=false.
07-26 08:37:06.879  1708  2103 I ActivityManager: Start proc 24298:com.android.chrome/u0a203 for service {com.android.chrome/org.chromium.chrome.browser.customtabs.CustomTabsConnectionService} caller=com.Slack
07-26 08:37:07.095 23391 23391 W Activity: PerfMonitor: Slow Operation: Activity com.Slack/slack.features.messagedetails.MessageDetailsActivity onStart took 176ms
07-26 08:37:07.208 23391 23391 W Looper  : PerfMonitor looperActivity : package=com.Slack/slack.features.messagedetails.MessageDetailsActivity time=0ms latency=416ms running=0ms  procState=-1  historyMsgCount=16 (msgIndex=15 wall=406ms seq=1817 h=android.app.ActivityThread$H w=159)
07-26 08:37:07.304  1708  1776 D ActivityTaskManager:  setRequestedOrientationFreeForm: requestedOrientation= -1 task=Task{ef962fb #1302 type=standard A=10460:com.Slack U=0 visible=true mode=fullscreen translucent=false sz=2} MiuiFreeformServicesUtils.getFreeformIgnoreRequestOrientationList()= [com.miui.player, com.sqw.setdl.mi, air.tv.douyu.android, com.youku.phone, com.tencent.gamehelper.smoba, com.taobao.litetao, com.live.shuoqiudi, com.baidu.homework, com.tencent.qqmusic, cn.xiaochuankeji.zuiyouLite, com.facebook.orca, com.android.browser, com.alibaba.android.rimet]packageName= com.Slack
07-26 08:37:07.338  1708  1776 D WindowManager: Input focus has changed to Window{d0d741e u0 com.Slack/slack.features.messagedetails.MessageDetailsActivity} display=0 updateInputWindows = true
07-26 08:37:07.339  1708  2049 D WindowManager: Update InputWindowHandle: d0d741e com.Slack/slack.features.messagedetails.MessageDetailsActivity, frame=[0,0,1080,2340], touchableRegion=SkRegion((0,0,1080,2340)), visible=true, focusable=true, changed=true
07-26 08:37:07.415  1708  1776 D WindowManager: finishDrawingLocked: mDrawState=COMMIT_DRAW_PENDING Window{d0d741e u0 com.Slack/slack.features.messagedetails.MessageDetailsActivity} in Surface(name=com.Slack/slack.features.messagedetails.MessageDetailsActivity)/@0xfc485cd
07-26 08:37:07.514  1708  4183 D ActivityTaskManager:  setRequestedOrientationFreeForm: requestedOrientation= -1 task=Task{ef962fb #1302 type=standard A=10460:com.Slack U=0 visible=true mode=fullscreen translucent=false sz=2} MiuiFreeformServicesUtils.getFreeformIgnoreRequestOrientationList()= [com.miui.player, com.sqw.setdl.mi, air.tv.douyu.android, com.youku.phone, com.tencent.gamehelper.smoba, com.taobao.litetao, com.live.shuoqiudi, com.baidu.homework, com.tencent.qqmusic, cn.xiaochuankeji.zuiyouLite, com.facebook.orca, com.android.browser, com.alibaba.android.rimet]packageName= com.Slack
07-26 08:37:07.578  1708  4183 D ActivityTaskManager:  setRequestedOrientationFreeForm: requestedOrientation= -1 task=Task{ef962fb #1302 type=standard A=10460:com.Slack U=0 visible=true mode=fullscreen translucent=false sz=2} MiuiFreeformServicesUtils.getFreeformIgnoreRequestOrientationList()= [com.miui.player, com.sqw.setdl.mi, air.tv.douyu.android, com.youku.phone, com.tencent.gamehelper.smoba, com.taobao.litetao, com.live.shuoqiudi, com.baidu.homework, com.tencent.qqmusic, cn.xiaochuankeji.zuiyouLite, com.facebook.orca, com.android.browser, com.alibaba.android.rimet]packageName= com.Slack
07-26 08:37:07.583  1708  4183 D ActivityTaskManager:  setRequestedOrientationFreeForm: requestedOrientation= -1 task=Task{ef962fb #1302 type=standard A=10460:com.Slack U=0 visible=true mode=fullscreen translucent=false sz=2} MiuiFreeformServicesUtils.getFreeformIgnoreRequestOrientationList()= [com.miui.player, com.sqw.setdl.mi, air.tv.douyu.android, com.youku.phone, com.tencent.gamehelper.smoba, com.taobao.litetao, com.live.shuoqiudi, com.baidu.homework, com.tencent.qqmusic, cn.xiaochuankeji.zuiyouLite, com.facebook.orca, com.android.browser, com.alibaba.android.rimet]packageName= com.Slack
07-26 08:37:07.763  1708  2049 D WindowManager: Update InputWindowHandle: d0d741e com.Slack/slack.features.messagedetails.MessageDetailsActivity, frame=[0,0,1080,2340], touchableRegion=SkRegion((0,0,1080,2340)), visible=true, focusable=true, changed=true
07-26 08:37:07.912  1708  3194 D ActivityTaskManager:  setRequestedOrientationFreeForm: requestedOrientation= -1 task=Task{ef962fb #1302 type=standard A=10460:com.Slack U=0 visible=true mode=fullscreen translucent=false sz=2} MiuiFreeformServicesUtils.getFreeformIgnoreRequestOrientationList()= [com.miui.player, com.sqw.setdl.mi, air.tv.douyu.android, com.youku.phone, com.tencent.gamehelper.smoba, com.taobao.litetao, com.live.shuoqiudi, com.baidu.homework, com.tencent.qqmusic, cn.xiaochuankeji.zuiyouLite, com.facebook.orca, com.android.browser, com.alibaba.android.rimet]packageName= com.Slack
07-26 08:37:07.959  1708  2098 I PeriodicCleaner: current focused package: com.Slack
07-26 08:37:07.971  1708  2098 I PeriodicCleaner: current focused package: com.Slack
07-26 08:37:09.029  1708  2103 D Boost   : hostingType=service, hostingName={com.android.chrome/org.chromium.chrome.browser.customtabs.CustomTabsConnectionService}, callerPackage=com.Slack, isSystem=false, isBoostNeeded=false.
07-26 08:37:09.030  1708  2103 I ActivityManager: Start proc 24366:com.android.chrome/u0a203 for service {com.android.chrome/org.chromium.chrome.browser.customtabs.CustomTabsConnectionService} caller=com.Slack
07-26 08:37:09.968  1708  2317 D PerfShielderService: com.Slack|com.Slack/slack.features.messagedetails.MessageDetailsActivity|653|354432366148848|304|3|10
07-26 08:37:09.969  4389 20329 W MiuiPerfServiceClient: interceptAndQueuing:23391|com.Slack|653|304|354432366148848|Slow handle traversal|10
07-26 08:37:10.015  1708  2317 D PerfShielderService: com.Slack|com.Slack/slack.features.home.HomeActivity|423|354432489847910|120|3|10
07-26 08:37:10.016  4389 20329 W MiuiPerfServiceClient: interceptAndQueuing:23391|com.Slack|423|120|354432489847910|Slow handle traversal|10
07-26 08:37:40.628  1708  2098 I PeriodicCleaner: current focused package: com.Slack
07-26 08:37:40.638  1708  2098 I PeriodicCleaner: current focused package: com.Slack
07-26 08:37:44.878  1708  2103 D Boost   : hostingType=service, hostingName={com.android.chrome/org.chromium.chrome.browser.customtabs.CustomTabsConnectionService}, callerPackage=com.Slack, isSystem=false, isBoostNeeded=false.
07-26 08:37:44.881  1708  2103 I ActivityManager: Start proc 25030:com.android.chrome/u0a203 for service {com.android.chrome/org.chromium.chrome.browser.customtabs.CustomTabsConnectionService} caller=com.Slack
07-26 08:38:43.570  1708  2049 D WindowManager: Focus not requested for window=Window{d0d741e u0 com.Slack/slack.features.messagedetails.MessageDetailsActivity} because it has no surface or is not focusable.
07-26 08:38:43.591  1708  2049 D WindowManager: Focus not requested for window=Window{d0d741e u0 com.Slack/slack.features.messagedetails.MessageDetailsActivity} because it has no surface or is not focusable.
07-26 08:38:43.619  1708  4330 D WindowManager: Input focus has changed to Window{2f0b6b2 u0 com.Slack/slack.features.home.HomeActivity} display=0 updateInputWindows = true
07-26 08:38:46.198  1708  2044 I WindowManager: isGestureIsolated-->curAppPackageName:com.Slack
07-26 08:38:46.311  1708  3194 D PerfShielderService: com.Slack|com.Slack/slack.features.home.HomeActivity|377|354529362879488|138|2|12
07-26 08:38:46.312  4389 19982 W MiuiPerfServiceClient: interceptAndQueuing:23391|com.Slack|377|138|354529362879488|Slow handle animation|12
07-26 08:38:51.178  1708  4330 D WindowManager: Input focus has changed to Window{2f0b6b2 u0 com.Slack/slack.features.home.HomeActivity} display=0 updateInputWindows = true
07-26 08:38:53.448  1708  4381 D ActivityTaskManager:  setRequestedOrientationFreeForm: requestedOrientation= -1 task=Task{ef962fb #1302 type=standard A=10460:com.Slack U=0 visible=true mode=fullscreen translucent=false sz=1} MiuiFreeformServicesUtils.getFreeformIgnoreRequestOrientationList()= [com.miui.player, com.sqw.setdl.mi, air.tv.douyu.android, com.youku.phone, com.tencent.gamehelper.smoba, com.taobao.litetao, com.live.shuoqiudi, com.baidu.homework, com.tencent.qqmusic, cn.xiaochuankeji.zuiyouLite, com.facebook.orca, com.android.browser, com.alibaba.android.rimet]packageName= com.Slack
07-26 08:38:53.455  1708  4381 D ActivityTaskManager:  setRequestedOrientationFreeForm: requestedOrientation= -1 task=Task{ef962fb #1302 type=standard A=10460:com.Slack U=0 visible=true mode=fullscreen translucent=false sz=1} MiuiFreeformServicesUtils.getFreeformIgnoreRequestOrientationList()= [com.miui.player, com.sqw.setdl.mi, air.tv.douyu.android, com.youku.phone, com.tencent.gamehelper.smoba, com.taobao.litetao, com.live.shuoqiudi, com.baidu.homework, com.tencent.qqmusic, cn.xiaochuankeji.zuiyouLite, com.facebook.orca, com.android.browser, com.alibaba.android.rimet]packageName= com.Slack
07-26 08:38:53.534  1708  4381 D ActivityTaskManager:  setRequestedOrientationFreeForm: requestedOrientation= -1 task=Task{ef962fb #1302 type=standard A=10460:com.Slack U=0 visible=true mode=fullscreen translucent=false sz=1} MiuiFreeformServicesUtils.getFreeformIgnoreRequestOrientationList()= [com.miui.player, com.sqw.setdl.mi, air.tv.douyu.android, com.youku.phone, com.tencent.gamehelper.smoba, com.taobao.litetao, com.live.shuoqiudi, com.baidu.homework, com.tencent.qqmusic, cn.xiaochuankeji.zuiyouLite, com.facebook.orca, com.android.browser, com.alibaba.android.rimet]packageName= com.Slack
07-26 08:38:53.597  1708  4381 D ActivityTaskManager:  setRequestedOrientationFreeForm: requestedOrientation= -1 task=Task{ef962fb #1302 type=standard A=10460:com.Slack U=0 visible=true mode=fullscreen translucent=false sz=1} MiuiFreeformServicesUtils.getFreeformIgnoreRequestOrientationList()= [com.miui.player, com.sqw.setdl.mi, air.tv.douyu.android, com.youku.phone, com.tencent.gamehelper.smoba, com.taobao.litetao, com.live.shuoqiudi, com.baidu.homework, com.tencent.qqmusic, cn.xiaochuankeji.zuiyouLite, com.facebook.orca, com.android.browser, com.alibaba.android.rimet]packageName= com.Slack
07-26 08:38:53.601  1708  4381 D ActivityTaskManager:  setRequestedOrientationFreeForm: requestedOrientation= -1 task=Task{ef962fb #1302 type=standard A=10460:com.Slack U=0 visible=true mode=fullscreen translucent=false sz=1} MiuiFreeformServicesUtils.getFreeformIgnoreRequestOrientationList()= [com.miui.player, com.sqw.setdl.mi, air.tv.douyu.android, com.youku.phone, com.tencent.gamehelper.smoba, com.taobao.litetao, com.live.shuoqiudi, com.baidu.homework, com.tencent.qqmusic, cn.xiaochuankeji.zuiyouLite, com.facebook.orca, com.android.browser, com.alibaba.android.rimet]packageName= com.Slack
07-26 08:38:53.643  1708  4381 D ActivityTaskManager:  setRequestedOrientationFreeForm: requestedOrientation= -1 task=Task{ef962fb #1302 type=standard A=10460:com.Slack U=0 visible=true mode=fullscreen translucent=false sz=1} MiuiFreeformServicesUtils.getFreeformIgnoreRequestOrientationList()= [com.miui.player, com.sqw.setdl.mi, air.tv.douyu.android, com.youku.phone, com.tencent.gamehelper.smoba, com.taobao.litetao, com.live.shuoqiudi, com.baidu.homework, com.tencent.qqmusic, cn.xiaochuankeji.zuiyouLite, com.facebook.orca, com.android.browser, com.alibaba.android.rimet]packageName= com.Slack
07-26 08:38:53.645  1708  4381 D ActivityTaskManager:  setRequestedOrientationFreeForm: requestedOrientation= -1 task=Task{ef962fb #1302 type=standard A=10460:com.Slack U=0 visible=true mode=fullscreen translucent=false sz=1} MiuiFreeformServicesUtils.getFreeformIgnoreRequestOrientationList()= [com.miui.player, com.sqw.setdl.mi, air.tv.douyu.android, com.youku.phone, com.tencent.gamehelper.smoba, com.taobao.litetao, com.live.shuoqiudi, com.baidu.homework, com.tencent.qqmusic, cn.xiaochuankeji.zuiyouLite, com.facebook.orca, com.android.browser, com.alibaba.android.rimet]packageName= com.Slack
07-26 08:38:55.190  1708  1780 D PerfShielderService: com.Slack|com.Slack/slack.features.home.HomeActivity|502|354538638999328|161|2|16
07-26 08:38:55.191  4389 19982 W MiuiPerfServiceClient: interceptAndQueuing:23391|com.Slack|502|161|354538638999328|Slow handle animation|16
07-26 08:38:58.327  1708  2049 D WindowManager: Update InputWindowHandle: 2f0b6b2 com.Slack/slack.features.home.HomeActivity, frame=[0,0,1080,2340], touchableRegion=SkRegion((0,0,1080,2340)), visible=true, focusable=true, changed=true
07-26 08:38:58.334  1708  2044 I WindowManager: isGestureIsolated-->curAppPackageName:com.Slack
07-26 08:38:59.943  1708  2098 I PeriodicCleaner: current focused package: com.Slack
07-26 08:38:59.973  1708  2098 I PeriodicCleaner: current focused package: com.Slack
07-26 08:39:00.413  1708  2049 D WindowManager: Update InputWindowHandle: 2f0b6b2 com.Slack/slack.features.home.HomeActivity, frame=[0,0,1080,2340], touchableRegion=SkRegion((0,0,1080,2340)), visible=true, focusable=false, changed=true
07-26 08:39:00.975  1708  2048 I SmartPower.com.Slack/10460(23391): visible->invisible(139448ms) R(become invisible) adj=0.
07-26 08:39:00.975  1708  2048 I SmartPower.com.Slack/10460(23391): invisible->background(0ms) R(become background) adj=0.
07-26 08:39:00.975  1708  2445 I SmartPower: com.Slack/10460 state=foreground adj=0 proc size=1 move to inactive become invisible
07-26 08:39:01.034 23391 23391 W Activity: PerfMonitor: Slow Operation: Activity com.Slack/slack.features.home.HomeActivity onPause took 57ms
07-26 08:39:01.706 23391 23391 W Activity: PerfMonitor: Slow Operation: Activity com.Slack/slack.features.home.HomeActivity onStop took 641ms
07-26 08:39:02.022  1708  2788 D PackageManager: set app  component=com.Slack/slack.features.customstatus.widget.CustomStatusWidgetReceiver enabled state: 2 from null,uid=10460,pid=23391
07-26 08:39:10.852  1708  2103 D Boost   : hostingType=service, hostingName={com.android.chrome/org.chromium.chrome.browser.customtabs.CustomTabsConnectionService}, callerPackage=com.Slack, isSystem=false, isBoostNeeded=false.
07-26 08:39:10.853  1708  2103 I ActivityManager: Start proc 26139:com.android.chrome/u0a203 for service {com.android.chrome/org.chromium.chrome.browser.customtabs.CustomTabsConnectionService} caller=com.Slack
07-26 08:39:59.613  1708  2103 D Boost   : hostingType=service, hostingName={com.android.chrome/org.chromium.chrome.browser.customtabs.CustomTabsConnectionService}, callerPackage=com.Slack, isSystem=false, isBoostNeeded=false.
07-26 08:39:59.614  1708  2103 I ActivityManager: Start proc 26957:com.android.chrome/u0a203 for service {com.android.chrome/org.chromium.chrome.browser.customtabs.CustomTabsConnectionService} caller=com.Slack
07-26 08:43:33.476  1708  2159 I ProcessSceneCleaner: SwipeUpClean: kill procName=com.Slack info=AS:90018
07-26 08:43:33.476  1708  2159 I ActivityManager: Killing 23391:com.Slack/u0a460 (adj 900): SwipeUpClean
07-26 08:43:33.476  1708  2159 W PreloadController: notify...pkgName=com.Slack, userId=0, processName=com.Slack, pid=23391, reason=SwipeUpClean
07-26 08:43:33.480  1708  2159 I SmartPower.com.Slack/10460(23391): background->died(253928ms) R(process died ) adj=900.
07-26 08:43:33.480  1708  2445 I SmartPower: com.Slack/10460 state=inactive adj=900 proc size=1 move to died process died 
07-26 08:43:33.480  1708  2437 W PreloadManager: Failed : usage, pkg=com.Slack
07-26 08:43:33.480  1708  2437 W PreloadController: Will not preload com.Slack, decision = false, mMonitor.size()=0
07-26 08:43:33.579  1708  4200 I WindowManager: WIN DEATH: Window{2f0b6b2 u0 com.Slack/slack.features.home.HomeActivity}
07-26 08:43:33.589  1708  2898 D ProcessManager: skip restart com.Slack because this device is a lowmemory device!
07-26 08:43:33.600  1708  2088 W UsageStatsService: Unexpected activity event reported! (com.Slack/slack.features.home.HomeActivity event : 23 instanceId : 166723398)
07-26 08:44:28.455   833  1280 D test##>>: com.Slack=177-14.835058301666667-0
07-26 09:04:54.349   833  1280 D test##>>: com.Slack=177-14.835058301666667-0
07-26 09:18:37.442   833  1280 D test##>>: com.Slack=177-14.835058301666667-0
07-26 09:25:42.833   833  1280 D test##>>: com.Slack=177-14.835058301666667-0
07-26 09:36:39.246  1708  2103 D Boost   : hostingType=broadcast, hostingName={com.Slack/com.google.firebase.iid.FirebaseInstanceIdReceiver}, callerPackage=com.google.android.gms, isSystem=true, isBoostNeeded=false.
07-26 09:36:39.249  1708  2103 I ActivityManager: Start proc 5764:com.Slack/u0a460 for broadcast {com.Slack/com.google.firebase.iid.FirebaseInstanceIdReceiver} caller=com.google.android.gms
07-26 09:36:39.558  1708  4359 I SmartPower.com.Slack/10460(5764): died->background(1590458ms) R(process start ) adj=-10000.
07-26 09:36:39.558  1708  2445 I SmartPower: com.Slack/10460 state=died adj=900 proc size=1 move to background process start 
07-26 09:36:39.979  1708  2317 I UiModeManager: systemserver package:com.Slack null
07-26 09:36:39.980  5764  5764 I ForceDarkHelperStubImpl: initialize for com.Slack , ForceDarkAppConfig: null
07-26 09:36:40.666  1708  2445 I SmartPower: com.Slack/10460 state=background adj=0 proc size=1 move to inactive service end com.Slack/androidx.work.impl.background.systemjob.SystemJobService
07-26 09:37:03.892  1708  2788 I ActivityManager: Killing 5764:com.Slack/u0a460 (adj 955): empty #13
07-26 09:37:03.892  1708  2788 W PreloadController: notify...pkgName=com.Slack, userId=0, processName=com.Slack, pid=5764, reason=empty #13
07-26 09:37:03.895  1708  2788 I SmartPower.com.Slack/10460(5764): background->died(24337ms) R(process died ) adj=955.
07-26 09:37:03.895  1708  2445 I SmartPower: com.Slack/10460 state=inactive adj=955 proc size=1 move to died process died 
07-26 09:37:03.898  1708  2437 W PreloadManager: Failed : usage, pkg=com.Slack
07-26 09:37:03.898  1708  2437 W PreloadController: Will not preload com.Slack, decision = false, mMonitor.size()=2
07-26 09:37:04.168  1708  4380 D ProcessManager: skip restart com.Slack because this device is a lowmemory device!
07-26 09:45:42.855   833  1280 D test##>>: com.Slack=177-14.835058301666667-0
07-26 09:59:15.971  1708  2103 D Boost   : hostingType=broadcast, hostingName={com.Slack/com.google.firebase.iid.FirebaseInstanceIdReceiver}, callerPackage=com.google.android.gms, isSystem=true, isBoostNeeded=false.
07-26 09:59:15.975  1708  2103 I ActivityManager: Start proc 8510:com.Slack/u0a460 for broadcast {com.Slack/com.google.firebase.iid.FirebaseInstanceIdReceiver} caller=com.google.android.gms
07-26 09:59:16.029  1708  2738 I SmartPower.com.Slack/10460(8510): died->background(642533ms) R(process start ) adj=-10000.
07-26 09:59:16.029  1708  2445 I SmartPower: com.Slack/10460 state=died adj=955 proc size=1 move to background process start 
07-26 09:59:16.371  1708  2738 I UiModeManager: systemserver package:com.Slack null
07-26 09:59:16.372  8510  8510 I ForceDarkHelperStubImpl: initialize for com.Slack , ForceDarkAppConfig: null
07-26 09:59:16.949  1708  2445 I SmartPower: com.Slack/10460 state=background adj=0 proc size=1 move to inactive service end com.Slack/androidx.work.impl.background.systemjob.SystemJobService
07-26 09:59:29.942  1708  4426 I ActivityManager: Killing 8510:com.Slack/u0a460 (adj 935): empty #14
07-26 09:59:29.942  1708  4426 W PreloadController: notify...pkgName=com.Slack, userId=0, processName=com.Slack, pid=8510, reason=empty #14
07-26 09:59:29.945  1708  4426 I SmartPower.com.Slack/10460(8510): background->died(13916ms) R(process died ) adj=935.
07-26 09:59:29.945  1708  2445 I SmartPower: com.Slack/10460 state=inactive adj=935 proc size=1 move to died process died 
07-26 09:59:29.946  1708  2437 W PreloadManager: Failed : usage, pkg=com.Slack
07-26 09:59:29.946  1708  2437 W PreloadController: Will not preload com.Slack, decision = false, mMonitor.size()=1
07-26 09:59:30.170  1708  3194 D ProcessManager: skip restart com.Slack because this device is a lowmemory device!
07-26 10:05:41.686   833  1280 D test##>>: com.Slack=177-14.835058301666667-0
07-26 10:17:39.005  1708  2103 D Boost   : hostingType=service, hostingName={com.Slack/androidx.work.impl.background.systemjob.SystemJobService}, callerPackage=android, isSystem=true, isBoostNeeded=false.
07-26 10:17:39.006  1708  2103 I ActivityManager: Start proc 10988:com.Slack/u0a460 for service {com.Slack/androidx.work.impl.background.systemjob.SystemJobService} caller=android
07-26 10:17:39.063  1708  2851 I SmartPower.com.Slack/10460(10988): died->background(695909ms) R(process start ) adj=-10000.
07-26 10:17:39.064  1708  2445 I SmartPower: com.Slack/10460 state=died adj=935 proc size=1 move to background process start 
07-26 10:17:39.579  1708  4542 I UiModeManager: systemserver package:com.Slack null
07-26 10:17:39.580 10988 10988 I ForceDarkHelperStubImpl: initialize for com.Slack , ForceDarkAppConfig: null
