07-26 10:17:40.624  1708  2445 I SmartPower: com.Slack/10460 state=background adj=250 proc size=1 move to inactive adj below visible
07-26 10:18:37.995   833  1280 D test##>>: com.Slack=177-14.835058301666667-0
07-26 10:19:09.472  1708  2159 I ProcessSceneCleaner: UserDefined: kill procName=com.Slack info=AS:94519
07-26 10:19:09.472  1708  2159 I ActivityManager: Killing 10988:com.Slack/u0a460 (adj 945): UserDefined
07-26 10:19:09.472  1708  2159 W PreloadController: notify...pkgName=com.Slack, userId=0, processName=com.Slack, pid=10988, reason=UserDefined
07-26 10:19:09.475  1708  2159 I SmartPower.com.Slack/10460(10988): background->died(90411ms) R(process died ) adj=945.
07-26 10:19:09.476  1708  2445 I SmartPower: com.Slack/10460 state=inactive adj=945 proc size=1 move to died process died 
07-26 10:19:09.761  1708  4201 D ProcessManager: skip restart com.Slack because this device is a lowmemory device!
07-26 10:19:45.072  1708  4543 I ActivityTaskManager: START u0 {act=android.intent.action.MAIN cat=[android.intent.category.LAUNCHER] flg=0x10200000 cmp=com.Slack/slack.features.home.HomeActivity bnds=[262,1656][413,1807] (has extras)} from uid 10087 from pid 6797 callingPackage com.miui.home
07-26 10:19:45.164  1708  2103 D Boost   : hostingType=pre-top-activity, hostingName={com.Slack/slack.features.home.HomeActivity}, callerPackage=others, isSystem=true, isBoostNeeded=false.
07-26 10:19:45.172  1708  2103 I ActivityManager: Start proc 14351:com.Slack/u0a460 for pre-top-activity {com.Slack/slack.features.home.HomeActivity} caller=others
07-26 10:19:45.246  1708  2049 I SmartPower.com.Slack/10460(0): died->visible(35772ms) R(become visible) adj=-10000.
07-26 10:19:45.247  1708  2445 I SmartPower: com.Slack/10460 state=died adj=945 proc size=1 move to foreground become visible
07-26 10:19:45.293  1708  2098 I PeriodicCleaner: current focused package: com.Slack
07-26 10:19:45.305  1708  2098 I PeriodicCleaner: current focused package: com.Slack
07-26 10:19:45.576  1708  4375 I UiModeManager: systemserver package:com.Slack null
07-26 10:19:45.577 14351 14351 I ForceDarkHelperStubImpl: initialize for com.Slack , ForceDarkAppConfig: null
07-26 10:19:46.273  1708  2103 D Boost   : hostingType=service, hostingName={com.android.chrome/org.chromium.chrome.browser.customtabs.CustomTabsConnectionService}, callerPackage=com.Slack, isSystem=false, isBoostNeeded=false.
07-26 10:19:46.273  1708  2103 I ActivityManager: Start proc 14518:com.android.chrome/u0a203 for service {com.android.chrome/org.chromium.chrome.browser.customtabs.CustomTabsConnectionService} caller=com.Slack
07-26 10:19:46.411 14351 14351 W Looper  : PerfMonitor looperActivity : package=com.Slack/slack.features.home.HomeActivity time=407ms latency=713ms running=0ms  procState=-1  historyMsgCount=3 (msgIndex=2 wall=709ms seq=2 h=android.app.ActivityThread$H w=110)
07-26 10:19:46.412 14351 14351 W Looper  : PerfMonitor looperActivity : package=com.Slack/slack.features.home.HomeActivity time=0ms latency=1120ms running=0ms  procState=-1  historyMsgCount=5 (msgIndex=2 wall=709ms seq=2 h=android.app.ActivityThread$H w=110) (msgIndex=4 wall=407ms seq=4 late=713ms h=android.app.ActivityThread$H w=159)
07-26 10:19:47.199  1708  4452 D WindowManager: Input focus has changed to Window{7ec8ee6 u0 com.Slack/slack.features.home.HomeActivity} display=0 updateInputWindows = true
07-26 10:19:47.201  1708  2049 D WindowManager: Update InputWindowHandle: 7ec8ee6 com.Slack/slack.features.home.HomeActivity, frame=[0,0,1080,2340], touchableRegion=SkRegion((0,0,1080,2340)), visible=true, focusable=true, changed=true
07-26 10:19:47.442  1708  4452 D WindowManager: finishDrawingLocked: mDrawState=COMMIT_DRAW_PENDING Window{7ec8ee6 u0 com.Slack/slack.features.home.HomeActivity} in Surface(name=com.Slack/slack.features.home.HomeActivity)/@0x1ffbaa5
07-26 10:19:52.120  1708  4201 I ActivityTaskManager: START u0 {cmp=com.Slack/slack.features.allthreads.AllThreadsActivity} from uid 10460 from pid 14351 callingPackage com.Slack
07-26 10:19:52.139  1708  2049 D WindowManager: Update InputWindowHandle: 7ec8ee6 com.Slack/slack.features.home.HomeActivity, frame=[0,0,1080,2340], touchableRegion=SkRegion((0,0,1080,2340)), visible=true, focusable=true, changed=true
07-26 10:19:52.179  1708  3176 I ActivityTaskManager: The Process com.Slack Already Exists in BG. So sending its PID: 14351
07-26 10:19:52.416  1708  2738 D WindowManager: Input focus has changed to Window{58ef375 u0 com.Slack/slack.features.allthreads.AllThreadsActivity} display=0 updateInputWindows = true
07-26 10:19:52.417  1708  2049 D WindowManager: Update InputWindowHandle: 58ef375 com.Slack/slack.features.allthreads.AllThreadsActivity, frame=[0,0,1080,2340], touchableRegion=SkRegion((0,0,1080,2340)), visible=true, focusable=true, changed=true
07-26 10:19:52.475  1708  2944 D WindowManager: finishDrawingLocked: mDrawState=COMMIT_DRAW_PENDING Window{58ef375 u0 com.Slack/slack.features.allthreads.AllThreadsActivity} in Surface(name=com.Slack/slack.features.allthreads.AllThreadsActivity)/@0x322e562
07-26 10:19:53.000  1708  2049 D WindowManager: shouldDeferAnimationFinish ActivityRecord{6b05c38 u0 com.Slack/slack.features.home.HomeActivity t1306}, anim = com.android.server.wm.LocalAnimationAdapter@ee8712a
07-26 10:19:53.015  1708  2049 D WindowManager: Update InputWindowHandle: 58ef375 com.Slack/slack.features.allthreads.AllThreadsActivity, frame=[0,0,1080,2340], touchableRegion=SkRegion((0,0,1080,2340)), visible=true, focusable=true, changed=true
07-26 10:19:56.297  1708  2098 I PeriodicCleaner: current focused package: com.Slack
07-26 10:19:56.315  1708  2098 I PeriodicCleaner: current focused package: com.Slack
07-26 10:19:56.865  1708  4379 D PerfShielderService: com.Slack|com.Slack/slack.features.allthreads.AllThreadsActivity|406|357903598688930|294|2|2
07-26 10:19:56.887  4389 17681 W MiuiPerfServiceClient: interceptAndQueuing:14351|com.Slack|406|294|357903598688930|Slow handle animation|2
07-26 10:19:57.470  1708  2103 D Boost   : hostingType=service, hostingName={com.android.chrome/org.chromium.chrome.browser.customtabs.CustomTabsConnectionService}, callerPackage=com.Slack, isSystem=false, isBoostNeeded=false.
07-26 10:19:57.471  1708  2103 I ActivityManager: Start proc 14981:com.android.chrome/u0a203 for service {com.android.chrome/org.chromium.chrome.browser.customtabs.CustomTabsConnectionService} caller=com.Slack
07-26 10:19:59.655  1708  3197 D PerfShielderService: com.Slack|com.Slack/slack.features.allthreads.AllThreadsActivity|1051|357905477191638|134|2|18
07-26 10:19:59.656  4389 17681 W MiuiPerfServiceClient: interceptAndQueuing:14351|com.Slack|1051|134|357905477191638|Slow handle animation|18
07-26 10:20:04.328  1708  4378 I ActivityTaskManager: START u0 {cmp=com.Slack/slack.features.messagedetails.MessageDetailsActivity (has extras)} from uid 10460 from pid 14351 callingPackage com.Slack
07-26 10:20:04.351  1708  2049 D WindowManager: Update InputWindowHandle: 58ef375 com.Slack/slack.features.allthreads.AllThreadsActivity, frame=[0,0,1080,2340], touchableRegion=SkRegion((0,0,1080,2340)), visible=true, focusable=true, changed=true
07-26 10:20:04.361  1708  4378 I ActivityTaskManager: The Process com.Slack Already Exists in BG. So sending its PID: 14351
07-26 10:20:04.364  1708  2098 D PeriodicCleaner: com.Slack/slack.features.messagedetails.MessageDetailsActivity isn't fullscreen, skip.
07-26 10:20:04.581 14351 14351 W Activity: PerfMonitor: Slow Operation: Activity com.Slack/slack.features.messagedetails.MessageDetailsActivity onStart took 159ms
07-26 10:20:04.667 14351 14351 W Looper  : PerfMonitor looperActivity : package=com.Slack/slack.features.messagedetails.MessageDetailsActivity time=0ms latency=303ms running=0ms  procState=-1  historyMsgCount=5 (msgIndex=4 wall=296ms seq=2183 h=android.app.ActivityThread$H w=159)
07-26 10:20:04.761  1708  4378 D ActivityTaskManager:  setRequestedOrientationFreeForm: requestedOrientation= -1 task=Task{808411 #1306 type=standard A=10460:com.Slack U=0 visible=true mode=fullscreen translucent=false sz=3} MiuiFreeformServicesUtils.getFreeformIgnoreRequestOrientationList()= [com.miui.player, com.sqw.setdl.mi, air.tv.douyu.android, com.youku.phone, com.tencent.gamehelper.smoba, com.taobao.litetao, com.live.shuoqiudi, com.baidu.homework, com.tencent.qqmusic, cn.xiaochuankeji.zuiyouLite, com.facebook.orca, com.android.browser, com.alibaba.android.rimet]packageName= com.Slack
07-26 10:20:04.804  1708  4378 D WindowManager: Input focus has changed to Window{f2e4d9d u0 com.Slack/slack.features.messagedetails.MessageDetailsActivity} display=0 updateInputWindows = true
07-26 10:20:04.805  1708  2049 D WindowManager: Update InputWindowHandle: f2e4d9d com.Slack/slack.features.messagedetails.MessageDetailsActivity, frame=[0,0,1080,2340], touchableRegion=SkRegion((0,0,1080,2340)), visible=true, focusable=true, changed=true
07-26 10:20:04.872  1708  4426 D WindowManager: finishDrawingLocked: mDrawState=COMMIT_DRAW_PENDING Window{f2e4d9d u0 com.Slack/slack.features.messagedetails.MessageDetailsActivity} in Surface(name=com.Slack/slack.features.messagedetails.MessageDetailsActivity)/@0xe3fce0c
07-26 10:20:04.905  1708  4378 D ActivityTaskManager:  setRequestedOrientationFreeForm: requestedOrientation= -1 task=Task{808411 #1306 type=standard A=10460:com.Slack U=0 visible=true mode=fullscreen translucent=false sz=3} MiuiFreeformServicesUtils.getFreeformIgnoreRequestOrientationList()= [com.miui.player, com.sqw.setdl.mi, air.tv.douyu.android, com.youku.phone, com.tencent.gamehelper.smoba, com.taobao.litetao, com.live.shuoqiudi, com.baidu.homework, com.tencent.qqmusic, cn.xiaochuankeji.zuiyouLite, com.facebook.orca, com.android.browser, com.alibaba.android.rimet]packageName= com.Slack
07-26 10:20:04.925  1708  1780 D ActivityTaskManager:  setRequestedOrientationFreeForm: requestedOrientation= -1 task=Task{808411 #1306 type=standard A=10460:com.Slack U=0 visible=true mode=fullscreen translucent=false sz=3} MiuiFreeformServicesUtils.getFreeformIgnoreRequestOrientationList()= [com.miui.player, com.sqw.setdl.mi, air.tv.douyu.android, com.youku.phone, com.tencent.gamehelper.smoba, com.taobao.litetao, com.live.shuoqiudi, com.baidu.homework, com.tencent.qqmusic, cn.xiaochuankeji.zuiyouLite, com.facebook.orca, com.android.browser, com.alibaba.android.rimet]packageName= com.Slack
07-26 10:20:04.932  1708  1780 D ActivityTaskManager:  setRequestedOrientationFreeForm: requestedOrientation= -1 task=Task{808411 #1306 type=standard A=10460:com.Slack U=0 visible=true mode=fullscreen translucent=false sz=3} MiuiFreeformServicesUtils.getFreeformIgnoreRequestOrientationList()= [com.miui.player, com.sqw.setdl.mi, air.tv.douyu.android, com.youku.phone, com.tencent.gamehelper.smoba, com.taobao.litetao, com.live.shuoqiudi, com.baidu.homework, com.tencent.qqmusic, cn.xiaochuankeji.zuiyouLite, com.facebook.orca, com.android.browser, com.alibaba.android.rimet]packageName= com.Slack
07-26 10:20:05.209  1708  2049 D WindowManager: Update InputWindowHandle: f2e4d9d com.Slack/slack.features.messagedetails.MessageDetailsActivity, frame=[0,0,1080,2340], touchableRegion=SkRegion((0,0,1080,2340)), visible=true, focusable=true, changed=true
07-26 10:20:05.498  1708  1780 D ActivityTaskManager:  setRequestedOrientationFreeForm: requestedOrientation= -1 task=Task{808411 #1306 type=standard A=10460:com.Slack U=0 visible=true mode=fullscreen translucent=false sz=3} MiuiFreeformServicesUtils.getFreeformIgnoreRequestOrientationList()= [com.miui.player, com.sqw.setdl.mi, air.tv.douyu.android, com.youku.phone, com.tencent.gamehelper.smoba, com.taobao.litetao, com.live.shuoqiudi, com.baidu.homework, com.tencent.qqmusic, cn.xiaochuankeji.zuiyouLite, com.facebook.orca, com.android.browser, com.alibaba.android.rimet]packageName= com.Slack
07-26 10:20:08.460  1708  4378 D PerfShielderService: com.Slack|com.Slack/slack.features.messagedetails.MessageDetailsActivity|379|357913306437051|91|2|7
07-26 10:20:08.460  1708  4378 D PerfShielderService: com.Slack|com.Slack/slack.features.messagedetails.MessageDetailsActivity|358|357914438575540|132|2|7
07-26 10:20:08.461  4389 17681 W MiuiPerfServiceClient: interceptAndQueuing:14351|com.Slack|379|91|357913306437051|Slow handle animation|7
07-26 10:20:08.461  4389 17681 W MiuiPerfServiceClient: interceptAndQueuing:14351|com.Slack|358|132|357914438575540|Slow handle animation|7
07-26 10:20:09.654  1708  2049 D WindowManager: Focus not requested for window=Window{f2e4d9d u0 com.Slack/slack.features.messagedetails.MessageDetailsActivity} because it has no surface or is not focusable.
07-26 10:20:09.665  1708  2049 D WindowManager: Focus not requested for window=Window{f2e4d9d u0 com.Slack/slack.features.messagedetails.MessageDetailsActivity} because it has no surface or is not focusable.
07-26 10:20:09.692  1708  4452 D WindowManager: Input focus has changed to Window{58ef375 u0 com.Slack/slack.features.allthreads.AllThreadsActivity} display=0 updateInputWindows = true
07-26 10:20:10.768  1708  2049 D WindowManager: Focus not requested for window=Window{58ef375 u0 com.Slack/slack.features.allthreads.AllThreadsActivity} because it has no surface or is not focusable.
07-26 10:20:10.857  1708  2738 D WindowManager: Input focus has changed to Window{7ec8ee6 u0 com.Slack/slack.features.home.HomeActivity} display=0 updateInputWindows = true
07-26 10:20:10.858  1708  2049 D WindowManager: Update InputWindowHandle: 7ec8ee6 com.Slack/slack.features.home.HomeActivity, frame=[0,0,1080,2340], touchableRegion=SkRegion((0,0,1080,2340)), visible=true, focusable=true, changed=true
07-26 10:20:10.904  1708  4426 D WindowManager: finishDrawingLocked: mDrawState=COMMIT_DRAW_PENDING Window{7ec8ee6 u0 com.Slack/slack.features.home.HomeActivity} in Surface(name=com.Slack/slack.features.home.HomeActivity)/@0x73b2c
07-26 10:20:11.403  1708  2049 D WindowManager: shouldDeferAnimationFinish ActivityRecord{a2c2bb2 u0 com.Slack/slack.features.allthreads.AllThreadsActivity t1306 f}}, anim = com.android.server.wm.LocalAnimationAdapter@56e4906
07-26 10:20:11.413  1708  2049 D WindowManager: Update InputWindowHandle: 7ec8ee6 com.Slack/slack.features.home.HomeActivity, frame=[0,0,1080,2340], touchableRegion=SkRegion((0,0,1080,2340)), visible=true, focusable=true, changed=true
07-26 10:20:13.409  1708  4378 D PerfShielderService: com.Slack|com.Slack/slack.features.home.HomeActivity|254|357919354940591|75|2|7
07-26 10:20:13.410  4389 17681 W MiuiPerfServiceClient: interceptAndQueuing:14351|com.Slack|254|75|357919354940591|Slow handle animation|7
07-26 10:20:13.516  1708  4378 D ActivityTaskManager:  setRequestedOrientationFreeForm: requestedOrientation= -1 task=Task{808411 #1306 type=standard A=10460:com.Slack U=0 visible=true mode=fullscreen translucent=false sz=1} MiuiFreeformServicesUtils.getFreeformIgnoreRequestOrientationList()= [com.miui.player, com.sqw.setdl.mi, air.tv.douyu.android, com.youku.phone, com.tencent.gamehelper.smoba, com.taobao.litetao, com.live.shuoqiudi, com.baidu.homework, com.tencent.qqmusic, cn.xiaochuankeji.zuiyouLite, com.facebook.orca, com.android.browser, com.alibaba.android.rimet]packageName= com.Slack
07-26 10:20:13.571  1708  4378 D ActivityTaskManager:  setRequestedOrientationFreeForm: requestedOrientation= -1 task=Task{808411 #1306 type=standard A=10460:com.Slack U=0 visible=true mode=fullscreen translucent=false sz=1} MiuiFreeformServicesUtils.getFreeformIgnoreRequestOrientationList()= [com.miui.player, com.sqw.setdl.mi, air.tv.douyu.android, com.youku.phone, com.tencent.gamehelper.smoba, com.taobao.litetao, com.live.shuoqiudi, com.baidu.homework, com.tencent.qqmusic, cn.xiaochuankeji.zuiyouLite, com.facebook.orca, com.android.browser, com.alibaba.android.rimet]packageName= com.Slack
07-26 10:20:13.578  1708  4378 D ActivityTaskManager:  setRequestedOrientationFreeForm: requestedOrientation= -1 task=Task{808411 #1306 type=standard A=10460:com.Slack U=0 visible=true mode=fullscreen translucent=false sz=1} MiuiFreeformServicesUtils.getFreeformIgnoreRequestOrientationList()= [com.miui.player, com.sqw.setdl.mi, air.tv.douyu.android, com.youku.phone, com.tencent.gamehelper.smoba, com.taobao.litetao, com.live.shuoqiudi, com.baidu.homework, com.tencent.qqmusic, cn.xiaochuankeji.zuiyouLite, com.facebook.orca, com.android.browser, com.alibaba.android.rimet]packageName= com.Slack
07-26 10:20:13.617  1708  4378 D ActivityTaskManager:  setRequestedOrientationFreeForm: requestedOrientation= -1 task=Task{808411 #1306 type=standard A=10460:com.Slack U=0 visible=true mode=fullscreen translucent=false sz=1} MiuiFreeformServicesUtils.getFreeformIgnoreRequestOrientationList()= [com.miui.player, com.sqw.setdl.mi, air.tv.douyu.android, com.youku.phone, com.tencent.gamehelper.smoba, com.taobao.litetao, com.live.shuoqiudi, com.baidu.homework, com.tencent.qqmusic, cn.xiaochuankeji.zuiyouLite, com.facebook.orca, com.android.browser, com.alibaba.android.rimet]packageName= com.Slack
07-26 10:20:13.619  1708  4378 D ActivityTaskManager:  setRequestedOrientationFreeForm: requestedOrientation= -1 task=Task{808411 #1306 type=standard A=10460:com.Slack U=0 visible=true mode=fullscreen translucent=false sz=1} MiuiFreeformServicesUtils.getFreeformIgnoreRequestOrientationList()= [com.miui.player, com.sqw.setdl.mi, air.tv.douyu.android, com.youku.phone, com.tencent.gamehelper.smoba, com.taobao.litetao, com.live.shuoqiudi, com.baidu.homework, com.tencent.qqmusic, cn.xiaochuankeji.zuiyouLite, com.facebook.orca, com.android.browser, com.alibaba.android.rimet]packageName= com.Slack
07-26 10:20:13.621  1708  4378 D ActivityTaskManager:  setRequestedOrientationFreeForm: requestedOrientation= -1 task=Task{808411 #1306 type=standard A=10460:com.Slack U=0 visible=true mode=fullscreen translucent=false sz=1} MiuiFreeformServicesUtils.getFreeformIgnoreRequestOrientationList()= [com.miui.player, com.sqw.setdl.mi, air.tv.douyu.android, com.youku.phone, com.tencent.gamehelper.smoba, com.taobao.litetao, com.live.shuoqiudi, com.baidu.homework, com.tencent.qqmusic, cn.xiaochuankeji.zuiyouLite, com.facebook.orca, com.android.browser, com.alibaba.android.rimet]packageName= com.Slack
07-26 10:20:17.445  1708  2098 I PeriodicCleaner: current focused package: com.Slack
07-26 10:20:17.468  1708  2098 I PeriodicCleaner: current focused package: com.Slack
07-26 10:20:18.695  1708  2103 D Boost   : hostingType=service, hostingName={com.android.chrome/org.chromium.chrome.browser.customtabs.CustomTabsConnectionService}, callerPackage=com.Slack, isSystem=false, isBoostNeeded=false.
07-26 10:20:18.697  1708  2103 I ActivityManager: Start proc 15417:com.android.chrome/u0a203 for service {com.android.chrome/org.chromium.chrome.browser.customtabs.CustomTabsConnectionService} caller=com.Slack
07-26 10:20:26.960  1708  2044 I WindowManager: isGestureIsolated-->curAppPackageName:com.Slack
07-26 10:20:27.192  1708  4379 D WindowManager: Input focus has changed to Window{7ec8ee6 u0 com.Slack/slack.features.home.HomeActivity} display=0 updateInputWindows = true
07-26 10:20:27.568  1708  2098 I PeriodicCleaner: current focused package: com.Slack
07-26 10:20:27.588  1708  2098 I PeriodicCleaner: current focused package: com.Slack
07-26 10:20:28.036  1708  2049 D WindowManager: Update InputWindowHandle: 7ec8ee6 com.Slack/slack.features.home.HomeActivity, frame=[0,0,1080,2340], touchableRegion=SkRegion((0,0,1080,2340)), visible=true, focusable=true, changed=true
07-26 10:20:28.062  1708  2044 I WindowManager: isGestureIsolated-->curAppPackageName:com.Slack
07-26 10:20:28.158  1708  2049 D WindowManager: Update InputWindowHandle: 7ec8ee6 com.Slack/slack.features.home.HomeActivity, frame=[0,0,1080,2340], touchableRegion=SkRegion((0,0,1080,2340)), visible=true, focusable=false, changed=true
07-26 10:20:28.671  1708  2049 D WindowManager: Update InputWindowHandle: 7ec8ee6 com.Slack/slack.features.home.HomeActivity, frame=[0,0,1080,2340], touchableRegion=SkRegion((0,0,1080,2340)), visible=true, focusable=true, changed=true
07-26 10:20:28.700  1708  2048 I SmartPower.com.Slack/10460(14351): visible->invisible(43454ms) R(become invisible) adj=0.
07-26 10:20:28.700  1708  2048 I SmartPower.com.Slack/10460(14351): invisible->background(0ms) R(become background) adj=0.
07-26 10:20:28.701  1708  2445 I SmartPower: com.Slack/10460 state=foreground adj=0 proc size=1 move to inactive become invisible
07-26 10:20:29.466  1708  2944 D PackageManager: set app  component=com.Slack/slack.features.customstatus.widget.CustomStatusWidgetReceiver enabled state: 2 from null,uid=10460,pid=14351
07-26 10:20:32.837  1708  2103 D Boost   : hostingType=service, hostingName={com.android.chrome/org.chromium.chrome.browser.customtabs.CustomTabsConnectionService}, callerPackage=com.Slack, isSystem=false, isBoostNeeded=false.
07-26 10:20:32.837  1708  2103 I ActivityManager: Start proc 15844:com.android.chrome/u0a203 for service {com.android.chrome/org.chromium.chrome.browser.customtabs.CustomTabsConnectionService} caller=com.Slack
07-26 10:20:47.618  1708  2103 D Boost   : hostingType=service, hostingName={com.android.chrome/org.chromium.chrome.browser.customtabs.CustomTabsConnectionService}, callerPackage=com.Slack, isSystem=false, isBoostNeeded=false.
07-26 10:20:47.619  1708  2103 I ActivityManager: Start proc 16506:com.android.chrome/u0a203 for service {com.android.chrome/org.chromium.chrome.browser.customtabs.CustomTabsConnectionService} caller=com.Slack
07-26 10:21:12.689  1708  2103 D Boost   : hostingType=service, hostingName={com.android.chrome/org.chromium.chrome.browser.customtabs.CustomTabsConnectionService}, callerPackage=com.Slack, isSystem=false, isBoostNeeded=false.
07-26 10:21:12.690  1708  2103 I ActivityManager: Start proc 17683:com.android.chrome/u0a203 for service {com.android.chrome/org.chromium.chrome.browser.customtabs.CustomTabsConnectionService} caller=com.Slack
07-26 10:22:24.928   833  1280 D test##>>: com.Slack=220-18.465331168888888-0
07-26 10:22:26.807  1708  2103 D Boost   : hostingType=service, hostingName={com.android.chrome/org.chromium.chrome.browser.customtabs.CustomTabsConnectionService}, callerPackage=com.Slack, isSystem=false, isBoostNeeded=false.
07-26 10:22:26.808  1708  2103 I ActivityManager: Start proc 19987:com.android.chrome/u0a203 for service {com.android.chrome/org.chromium.chrome.browser.customtabs.CustomTabsConnectionService} caller=com.Slack
07-26 10:22:57.357  1708  2103 D Boost   : hostingType=service, hostingName={com.android.chrome/org.chromium.chrome.browser.customtabs.CustomTabsConnectionService}, callerPackage=com.Slack, isSystem=false, isBoostNeeded=false.
07-26 10:22:57.358  1708  2103 I ActivityManager: Start proc 21195:com.android.chrome/u0a203 for service {com.android.chrome/org.chromium.chrome.browser.customtabs.CustomTabsConnectionService} caller=com.Slack
07-26 10:23:37.206  1708  2159 I ProcessSceneCleaner: SwipeUpClean: kill procName=com.Slack info=AS:90018
07-26 10:23:37.206  1708  2159 I ActivityManager: Killing 14351:com.Slack/u0a460 (adj 900): SwipeUpClean
07-26 10:23:37.206  1708  2159 W PreloadController: notify...pkgName=com.Slack, userId=0, processName=com.Slack, pid=14351, reason=SwipeUpClean
07-26 10:23:37.208  1708  2437 W PreloadManager: Failed : usage, pkg=com.Slack
07-26 10:23:37.208  1708  2437 W PreloadController: Will not preload com.Slack, decision = false, mMonitor.size()=2
07-26 10:23:37.209  1708  2159 I SmartPower.com.Slack/10460(14351): background->died(188509ms) R(process died ) adj=900.
07-26 10:23:37.210  1708  2445 I SmartPower: com.Slack/10460 state=inactive adj=900 proc size=1 move to died process died 
07-26 10:23:37.314  1708  1780 I WindowManager: WIN DEATH: Window{7ec8ee6 u0 com.Slack/slack.features.home.HomeActivity}
07-26 10:23:37.320  1708  3049 D ProcessManager: skip restart com.Slack because this device is a lowmemory device!
07-26 10:23:37.329  1708  2088 W UsageStatsService: Unexpected activity event reported! (com.Slack/slack.features.home.HomeActivity event : 23 instanceId : 184104413)
07-26 10:26:51.467  1708  2103 D Boost   : hostingType=broadcast, hostingName={com.Slack/com.google.firebase.iid.FirebaseInstanceIdReceiver}, callerPackage=com.google.android.gms, isSystem=true, isBoostNeeded=false.
07-26 10:26:51.468  1708  2103 I ActivityManager: Start proc 27674:com.Slack/u0a460 for broadcast {com.Slack/com.google.firebase.iid.FirebaseInstanceIdReceiver} caller=com.google.android.gms
07-26 10:26:51.519  1708  2851 I SmartPower.com.Slack/10460(27674): died->background(194310ms) R(process start ) adj=-10000.
07-26 10:26:51.519  1708  2445 I SmartPower: com.Slack/10460 state=died adj=900 proc size=1 move to background process start 
07-26 10:26:51.853  1708  4380 I UiModeManager: systemserver package:com.Slack null
07-26 10:26:51.854 27674 27674 I ForceDarkHelperStubImpl: initialize for com.Slack , ForceDarkAppConfig: null
07-26 10:26:52.484  1708  2445 I SmartPower: com.Slack/10460 state=background adj=0 proc size=1 move to inactive service end com.Slack/slack.services.notifications.push.impl.SlackFirebaseMessagingService
07-26 10:33:27.633  1708  3361 I ActivityManager: Killing 27674:com.Slack/u0a460 (adj 955): empty #14
07-26 10:33:27.633  1708  3361 W PreloadController: notify...pkgName=com.Slack, userId=0, processName=com.Slack, pid=27674, reason=empty #14
07-26 10:33:27.634  1708  2437 W PreloadManager: Failed : usage, pkg=com.Slack
07-26 10:33:27.635  1708  2437 W PreloadController: Will not preload com.Slack, decision = false, mMonitor.size()=5
07-26 10:33:27.635  1708  3361 I SmartPower.com.Slack/10460(27674): background->died(396116ms) R(process died ) adj=955.
07-26 10:33:27.636  1708  2445 I SmartPower: com.Slack/10460 state=inactive adj=955 proc size=1 move to died process died 
07-26 10:33:27.732  1708  4452 D ProcessManager: skip restart com.Slack because this device is a lowmemory device!
07-26 10:36:44.009  1708  2103 D Boost   : hostingType=service, hostingName={com.Slack/slack.services.notifications.push.impl.NotificationActionIntentService}, callerPackage=com.Slack, isSystem=false, isBoostNeeded=false.
07-26 10:36:44.011  1708  2103 I ActivityManager: Start proc 30779:com.Slack/u0a460 for service {com.Slack/slack.services.notifications.push.impl.NotificationActionIntentService} caller=com.Slack
07-26 10:36:44.063  1708  3361 I SmartPower.com.Slack/10460(30779): died->background(196428ms) R(process start ) adj=-10000.
07-26 10:36:44.063  1708  2445 I SmartPower: com.Slack/10460 state=died adj=955 proc size=1 move to background process start 
07-26 10:36:44.360  1708  3361 I UiModeManager: systemserver package:com.Slack null
07-26 10:36:44.361 30779 30779 I ForceDarkHelperStubImpl: initialize for com.Slack , ForceDarkAppConfig: null
07-26 10:36:44.740  1708  2445 I SmartPower: com.Slack/10460 state=background adj=250 proc size=1 move to inactive adj below visible
07-26 10:37:12.677  1708  2159 I ProcessSceneCleaner: UserDefined: kill procName=com.Slack info=AS:91519
07-26 10:37:12.677  1708  2159 I ActivityManager: Killing 30779:com.Slack/u0a460 (adj 915): UserDefined
07-26 10:37:12.677  1708  2159 W PreloadController: notify...pkgName=com.Slack, userId=0, processName=com.Slack, pid=30779, reason=UserDefined
07-26 10:37:12.680  1708  2159 I SmartPower.com.Slack/10460(30779): background->died(28616ms) R(process died ) adj=915.
07-26 10:37:12.680  1708  2445 I SmartPower: com.Slack/10460 state=inactive adj=915 proc size=1 move to died process died 
07-26 10:37:12.735  1708  4451 D ProcessManager: skip restart com.Slack because this device is a lowmemory device!
07-26 10:37:23.985  1708  2103 D Boost   : hostingType=broadcast, hostingName={com.Slack/com.google.firebase.iid.FirebaseInstanceIdReceiver}, callerPackage=com.google.android.gms, isSystem=true, isBoostNeeded=false.
07-26 10:37:23.986  1708  2103 I ActivityManager: Start proc 1682:com.Slack/u0a460 for broadcast {com.Slack/com.google.firebase.iid.FirebaseInstanceIdReceiver} caller=com.google.android.gms
07-26 10:37:24.059  1708  4426 I SmartPower.com.Slack/10460(1682): died->background(11380ms) R(process start ) adj=-10000.
07-26 10:37:24.060  1708  2445 I SmartPower: com.Slack/10460 state=died adj=915 proc size=1 move to background process start 
07-26 10:37:24.845  1708  4183 I UiModeManager: systemserver package:com.Slack null
07-26 10:37:24.851  1682  1682 I ForceDarkHelperStubImpl: initialize for com.Slack , ForceDarkAppConfig: null
07-26 10:37:28.227  1708  2445 I SmartPower: com.Slack/10460 state=background adj=0 proc size=1 move to inactive service end com.Slack/slack.services.notifications.push.impl.SlackFirebaseMessagingService
07-26 10:37:28.826  1708  4204 I SmartPower.com.Slack/10460(1682): background->died(4766ms) R(process died ) adj=905.
07-26 10:37:28.826  1708  4204 I ActivityManager: Process com.Slack (pid 1682) has died: cch+5 CEM 
07-26 10:37:28.827  1708  2445 I SmartPower: com.Slack/10460 state=inactive adj=905 proc size=1 move to died process died 
07-26 10:37:28.831  1708  4204 D ProcessManager: skip restart com.Slack because this device is a lowmemory device!
07-26 10:37:43.432   833  1280 D test##>>: com.Slack=220-18.465331168888888-0
07-26 10:37:53.335  1708  2103 D Boost   : hostingType=service, hostingName={com.Slack/androidx.work.impl.background.systemjob.SystemJobService}, callerPackage=android, isSystem=true, isBoostNeeded=false.
07-26 10:37:53.336  1708  2103 I ActivityManager: Start proc 4427:com.Slack/u0a460 for service {com.Slack/androidx.work.impl.background.systemjob.SystemJobService} caller=android
07-26 10:37:53.403  1708  4201 I SmartPower.com.Slack/10460(4427): died->background(24577ms) R(process start ) adj=-10000.
07-26 10:37:53.403  1708  2445 I SmartPower: com.Slack/10460 state=died adj=905 proc size=1 move to background process start 
07-26 10:37:53.906  1708  2788 I UiModeManager: systemserver package:com.Slack null
07-26 10:37:53.907  4427  4427 I ForceDarkHelperStubImpl: initialize for com.Slack , ForceDarkAppConfig: null
07-26 10:37:54.528  1708  2445 I SmartPower: com.Slack/10460 state=background adj=250 proc size=1 move to inactive adj below visible
07-26 10:38:07.581  1708  2159 I ProcessSceneCleaner: UserDefined: kill procName=com.Slack info=AS:90519
07-26 10:38:07.582  1708  2159 I ActivityManager: Killing 4427:com.Slack/u0a460 (adj 905): UserDefined
07-26 10:38:07.583  1708  2159 W PreloadController: notify...pkgName=com.Slack, userId=0, processName=com.Slack, pid=4427, reason=UserDefined
07-26 10:38:07.588  1708  2159 I SmartPower.com.Slack/10460(4427): background->died(14185ms) R(process died ) adj=905.
07-26 10:38:07.588  1708  2445 I SmartPower: com.Slack/10460 state=inactive adj=905 proc size=1 move to died process died 
07-26 10:38:07.655  1708  4330 D ProcessManager: skip restart com.Slack because this device is a lowmemory device!
07-26 10:48:42.580  1708  2103 D Boost   : hostingType=service, hostingName={com.Slack/androidx.work.impl.background.systemjob.SystemJobService}, callerPackage=android, isSystem=true, isBoostNeeded=false.
07-26 10:48:42.581  1708  2103 I ActivityManager: Start proc 8605:com.Slack/u0a460 for service {com.Slack/androidx.work.impl.background.systemjob.SystemJobService} caller=android
07-26 10:48:42.627  1708  1776 I SmartPower.com.Slack/10460(8605): died->background(635040ms) R(process start ) adj=-10000.
07-26 10:48:42.628  1708  2445 I SmartPower: com.Slack/10460 state=died adj=905 proc size=1 move to background process start 
07-26 10:48:43.031  1708  4543 I UiModeManager: systemserver package:com.Slack null
07-26 10:48:43.033  8605  8605 I ForceDarkHelperStubImpl: initialize for com.Slack , ForceDarkAppConfig: null
07-26 10:48:43.527  1708  2445 I SmartPower: com.Slack/10460 state=background adj=250 proc size=1 move to inactive adj below visible
07-26 10:55:41.686   833  1280 D test##>>: com.Slack=220-18.465331168888888-0
07-26 10:56:58.693  1708  2159 I ProcessSceneCleaner: UserDefined: kill procName=com.Slack info=AS:95519
07-26 10:56:58.693  1708  2159 I ActivityManager: Killing 8605:com.Slack/u0a460 (adj 955): UserDefined
07-26 10:56:58.693  1708  2159 W PreloadController: notify...pkgName=com.Slack, userId=0, processName=com.Slack, pid=8605, reason=UserDefined
07-26 10:56:58.696  1708  2159 I SmartPower.com.Slack/10460(8605): background->died(496068ms) R(process died ) adj=955.
07-26 10:56:58.696  1708  2445 I SmartPower: com.Slack/10460 state=inactive adj=955 proc size=1 move to died process died 
07-26 10:56:59.273  1708  1776 D ProcessManager: skip restart com.Slack because this device is a lowmemory device!
07-26 10:59:55.703  1708  2103 D Boost   : hostingType=broadcast, hostingName={com.Slack/com.google.firebase.iid.FirebaseInstanceIdReceiver}, callerPackage=com.google.android.gms, isSystem=true, isBoostNeeded=false.
07-26 10:59:55.704  1708  2103 I ActivityManager: Start proc 11516:com.Slack/u0a460 for broadcast {com.Slack/com.google.firebase.iid.FirebaseInstanceIdReceiver} caller=com.google.android.gms
07-26 10:59:55.763  1708  2899 I SmartPower.com.Slack/10460(11516): died->background(177067ms) R(process start ) adj=-10000.
07-26 10:59:55.763  1708  2445 I SmartPower: com.Slack/10460 state=died adj=955 proc size=1 move to background process start 
07-26 10:59:56.128  1708  4452 I UiModeManager: systemserver package:com.Slack null
07-26 10:59:56.130 11516 11516 I ForceDarkHelperStubImpl: initialize for com.Slack , ForceDarkAppConfig: null
07-26 10:59:56.849  1708  2445 I SmartPower: com.Slack/10460 state=background adj=0 proc size=1 move to inactive service end com.Slack/slack.services.notifications.push.impl.SlackFirebaseMessagingService
07-26 11:00:53.308  1708  2159 I ProcessSceneCleaner: UserDefined: kill procName=com.Slack info=AS:91519
07-26 11:00:53.309  1708  2159 I ActivityManager: Killing 11516:com.Slack/u0a460 (adj 915): UserDefined
07-26 11:00:53.309  1708  2159 W PreloadController: notify...pkgName=com.Slack, userId=0, processName=com.Slack, pid=11516, reason=UserDefined
07-26 11:00:53.313  1708  2159 I SmartPower.com.Slack/10460(11516): background->died(57550ms) R(process died ) adj=915.
07-26 11:00:53.313  1708  2445 I SmartPower: com.Slack/10460 state=inactive adj=915 proc size=1 move to died process died 
07-26 11:00:53.439  1708  4453 D ProcessManager: skip restart com.Slack because this device is a lowmemory device!
07-26 11:03:03.420  1708  9920 I BackgroundDexOptService: Pinning optimized code {com.google.android.youtube, com.google.android.ext.services, com.android.dynsystem, com.goodix.fingerprint, com.sbi.lotusintouch, com.android.providers.calendar, com.google.android.apps.googleassistant, org.telegram.messenger, com.google.android.apps.docs.editors.docs, com.qti.service.colorservice, com.huaqin.sarcontroller, com.xiaomi.cameratools, com.whatsapp, com.qualcomm.qti.uceShimService, com.google.android.apps.docs.editors.sheets, com.miui.msa.global, vendor.qti.hardware.cacert.server, com.qualcomm.qti.telephonyservice, vendor.qti.iwlan, com.google.android.configupdater, com.xiaomi.barrage, com.miui.daemon, com.wapi.wapicertmanage, com.miui.hybrid, com.olx.southasia, com.instagram.android, com.android.provision, org.codeaurora.ims, in.startv.hotstar, com.qualcomm.qti.xrvd.service, org.ifaa.aidl.manager, pw.ninthfi.myincome, com.google.android.apps.docs, com.qti.snapdragon.qdcm_ff, com.xiaomi.glgm, com.xiaomi.xmsf, com.google.android.packageinstaller, com.google.android.gsf, com.google.android.ims, com.google.android.tts, com.google.android.partnersetup, com.android.localtransport, com.xiaomi.finddevice, com.xiaomi.joyose, com.miui.wmsvc, com.google.android.printservice.recommendation, com.xiaomi.midrop, com.google.android.apps.photos, com.fingerprints.sensortesttool, com.mventus.selfcare.activity, com.microsoft.office.officehubrow, com.miui.audiomonitor, com.miui.touchassistant, com.application.zomato.district, com.mi.AutoTest, com.keka.xhr, com.miui.miwallpaper, com.Slack, com.xiaomi.bluetooth, com.google.android.networkstack.permissionconfig, com.miui.analytics, com.linkedin.android, org.mipay.android.manager, com.qualcomm.location, com.xiaomi.scanner, com.google.android.safetycore, com.huaqin.diaglogger, com.digilocker.android, com.fedmobile, com.qualcomm.qti.services.secureui, com.android.hotspot2.osulogin, com.qualcomm.qti.qdma, com.google.android.gms.location.history, com.android.thememanager, com.google.android.cellbroadcastreceiver, com.android.bluetooth, com.mi.globalminusscreen, com.facemoji.lite.xiaomi, com.google.android.photopicker, com.miui.face, com.miui.home}
07-26 11:04:31.050  1708  2103 D Boost   : hostingType=service, hostingName={com.Slack/androidx.work.impl.background.systemjob.SystemJobService}, callerPackage=android, isSystem=true, isBoostNeeded=false.
07-26 11:04:31.051  1708  2103 I ActivityManager: Start proc 15387:com.Slack/u0a460 for service {com.Slack/androidx.work.impl.background.systemjob.SystemJobService} caller=android
07-26 11:04:31.098  1708  2851 I SmartPower.com.Slack/10460(15387): died->background(217786ms) R(process start ) adj=-10000.
07-26 11:04:31.099  1708  2445 I SmartPower: com.Slack/10460 state=died adj=915 proc size=1 move to background process start 
07-26 11:04:31.453  1708  2944 I UiModeManager: systemserver package:com.Slack null
07-26 11:04:31.455 15387 15387 I ForceDarkHelperStubImpl: initialize for com.Slack , ForceDarkAppConfig: null
07-26 11:04:31.944  1708  2445 I SmartPower: com.Slack/10460 state=background adj=250 proc size=1 move to inactive adj below visible
07-26 11:06:58.401  1708  4453 I ActivityManager: Killing 15387:com.Slack/u0a460 (adj 955): empty #13
07-26 11:06:58.402  1708  4453 W PreloadController: notify...pkgName=com.Slack, userId=0, processName=com.Slack, pid=15387, reason=empty #13
07-26 11:06:58.415  1708  4453 I SmartPower.com.Slack/10460(15387): background->died(147317ms) R(process died ) adj=955.
07-26 11:06:58.416  1708  2445 I SmartPower: com.Slack/10460 state=inactive adj=955 proc size=1 move to died process died 
07-26 11:06:58.418  1708  2437 W PreloadManager: Failed : usage, pkg=com.Slack
07-26 11:06:58.420  1708  2437 W PreloadController: Will not preload com.Slack, decision = false, mMonitor.size()=2
07-26 11:06:58.479  1708  4451 D ProcessManager: skip restart com.Slack because this device is a lowmemory device!
07-26 11:08:43.763 17686 17798 D test##>>: com.Slack=220-18.465331168888888-0
07-26 11:18:42.808 17686 17798 D test##>>: com.Slack=220-18.465331168888888-0
07-26 11:19:52.484  1708  2103 D Boost   : hostingType=service, hostingName={com.Slack/androidx.work.impl.background.systemjob.SystemJobService}, callerPackage=android, isSystem=true, isBoostNeeded=false.
07-26 11:19:52.485  1708  2103 I ActivityManager: Start proc 22925:com.Slack/u0a460 for service {com.Slack/androidx.work.impl.background.systemjob.SystemJobService} caller=android
07-26 11:19:52.523  1708  1776 I SmartPower.com.Slack/10460(22925): died->background(774107ms) R(process start ) adj=-10000.
07-26 11:19:52.523  1708  2445 I SmartPower: com.Slack/10460 state=died adj=955 proc size=1 move to background process start 
07-26 11:19:53.498  1708  3197 I UiModeManager: systemserver package:com.Slack null
07-26 11:19:53.499 22925 22925 I ForceDarkHelperStubImpl: initialize for com.Slack , ForceDarkAppConfig: null
07-26 11:19:54.014  1708  2445 I SmartPower: com.Slack/10460 state=background adj=250 proc size=1 move to inactive adj below visible
07-26 11:25:41.745 17686 17798 D test##>>: com.Slack=220-18.465331168888888-0
07-26 11:45:41.724 17686 17798 D test##>>: com.Slack=220-18.465331168888888-0
07-26 11:47:56.906 25775 25882 D test##>>: com.Slack=220-18.465331168888888-0
07-26 11:57:54.269  1708  2159 I ProcessSceneCleaner: UserDefined: kill procName=com.Slack info=AS:96519
07-26 11:57:54.270  1708  2159 I ActivityManager: Killing 22925:com.Slack/u0a460 (adj 965): UserDefined
07-26 11:57:54.270  1708  2159 W PreloadController: notify...pkgName=com.Slack, userId=0, processName=com.Slack, pid=22925, reason=UserDefined
07-26 11:57:54.273  1708  2159 I SmartPower.com.Slack/10460(22925): background->died(2281750ms) R(process died ) adj=965.
07-26 11:57:54.273  1708  2445 I SmartPower: com.Slack/10460 state=inactive adj=965 proc size=1 move to died process died 
07-26 11:57:54.324  1708  2317 D ProcessManager: skip restart com.Slack because this device is a lowmemory device!
07-26 11:58:18.221 28715 28773 D test##>>: com.Slack=220-18.465331168888888-0
07-26 12:03:30.247 25775 25882 D test##>>: com.Slack=220-18.465331168888888-0
07-26 12:07:20.705  1708  2103 D Boost   : hostingType=broadcast, hostingName={com.Slack/com.google.firebase.iid.FirebaseInstanceIdReceiver}, callerPackage=com.google.android.gms, isSystem=true, isBoostNeeded=false.
07-26 12:07:20.708  1708  2103 I ActivityManager: Start proc 3508:com.Slack/u0a460 for broadcast {com.Slack/com.google.firebase.iid.FirebaseInstanceIdReceiver} caller=com.google.android.gms
07-26 12:07:20.772  1708  4375 I SmartPower.com.Slack/10460(3508): died->background(566499ms) R(process start ) adj=-10000.
07-26 12:07:20.772  1708  2445 I SmartPower: com.Slack/10460 state=died adj=965 proc size=1 move to background process start 
07-26 12:07:21.271  1708  4375 I UiModeManager: systemserver package:com.Slack null
07-26 12:07:21.273  3508  3508 I ForceDarkHelperStubImpl: initialize for com.Slack , ForceDarkAppConfig: null
07-26 12:07:21.972  1708  2445 I SmartPower: com.Slack/10460 state=background adj=0 proc size=1 move to inactive service end com.Slack/slack.services.notifications.push.impl.SlackFirebaseMessagingService
07-26 12:11:00.629  1708  4451 I ActivityManager: Killing 3508:com.Slack/u0a460 (adj 955): empty #13
07-26 12:11:00.629  1708  4451 W PreloadController: notify...pkgName=com.Slack, userId=0, processName=com.Slack, pid=3508, reason=empty #13
07-26 12:11:00.633  1708  4451 I SmartPower.com.Slack/10460(3508): background->died(219861ms) R(process died ) adj=955.
07-26 12:11:00.633  1708  2445 I SmartPower: com.Slack/10460 state=inactive adj=955 proc size=1 move to died process died 
07-26 12:11:00.639  1708  2437 W PreloadManager: Failed : usage, pkg=com.Slack
07-26 12:11:00.639  1708  2437 W PreloadController: Will not preload com.Slack, decision = false, mMonitor.size()=1
07-26 12:11:00.736  1708  4375 D ProcessManager: skip restart com.Slack because this device is a lowmemory device!
07-26 12:18:22.379 25775 25882 D test##>>: com.Slack=220-18.465331168888888-0
07-26 12:18:32.553 25775 25882 D test##>>: com.Slack=220-18.465331168888888-0
07-26 12:18:45.188 25775 25882 D test##>>: com.Slack=220-18.465331168888888-0
07-26 12:18:51.610  1708  2103 D Boost   : hostingType=broadcast, hostingName={com.Slack/com.google.firebase.iid.FirebaseInstanceIdReceiver}, callerPackage=com.google.android.gms, isSystem=true, isBoostNeeded=false.
07-26 12:18:51.611  1708  2103 I ActivityManager: Start proc 5976:com.Slack/u0a460 for broadcast {com.Slack/com.google.firebase.iid.FirebaseInstanceIdReceiver} caller=com.google.android.gms
07-26 12:18:51.668  1708  4375 I SmartPower.com.Slack/10460(5976): died->background(471036ms) R(process start ) adj=-10000.
07-26 12:18:51.668  1708  2445 I SmartPower: com.Slack/10460 state=died adj=955 proc size=1 move to background process start 
07-26 12:18:52.102  1708  4375 I UiModeManager: systemserver package:com.Slack null
07-26 12:18:52.104  5976  5976 I ForceDarkHelperStubImpl: initialize for com.Slack , ForceDarkAppConfig: null
07-26 12:18:52.746  1708  2445 I SmartPower: com.Slack/10460 state=background adj=0 proc size=1 move to inactive service end com.Slack/slack.services.notifications.push.impl.SlackFirebaseMessagingService
07-26 12:20:18.365  1708  2159 I ProcessSceneCleaner: UserDefined: kill procName=com.Slack info=AS:95519
07-26 12:20:18.366  1708  2159 I ActivityManager: Killing 5976:com.Slack/u0a460 (adj 955): UserDefined
07-26 12:20:18.371  1708  2159 W PreloadController: notify...pkgName=com.Slack, userId=0, processName=com.Slack, pid=5976, reason=UserDefined
07-26 12:20:18.375  1708  2159 I SmartPower.com.Slack/10460(5976): background->died(86707ms) R(process died ) adj=955.
07-26 12:20:18.377  1708  2445 I SmartPower: com.Slack/10460 state=inactive adj=955 proc size=1 move to died process died 
07-26 12:20:18.476  1708  3361 D ProcessManager: skip restart com.Slack because this device is a lowmemory device!
07-26 12:32:36.382 10509 10681 D test##>>: com.Slack=220-18.465331168888888-0
07-26 12:34:40.182  1708  2103 D Boost   : hostingType=service, hostingName={com.Slack/androidx.work.impl.background.systemjob.SystemJobService}, callerPackage=android, isSystem=true, isBoostNeeded=false.
07-26 12:34:40.183  1708  2103 I ActivityManager: Start proc 12242:com.Slack/u0a460 for service {com.Slack/androidx.work.impl.background.systemjob.SystemJobService} caller=android
07-26 12:34:40.235  1708  4451 I SmartPower.com.Slack/10460(12242): died->background(861860ms) R(process start ) adj=-10000.
07-26 12:34:40.235  1708  2445 I SmartPower: com.Slack/10460 state=died adj=955 proc size=1 move to background process start 
07-26 12:34:40.985  1708  3194 I UiModeManager: systemserver package:com.Slack null
07-26 12:34:40.986 12242 12242 I ForceDarkHelperStubImpl: initialize for com.Slack , ForceDarkAppConfig: null
07-26 12:34:41.614  1708  2445 I SmartPower: com.Slack/10460 state=background adj=250 proc size=1 move to inactive service end com.Slack/androidx.work.impl.background.systemjob.SystemJobService
07-26 12:35:06.239  1708  2159 I ProcessSceneCleaner: UserDefined: kill procName=com.Slack info=AS:90519
07-26 12:35:06.239  1708  2159 I ActivityManager: Killing 12242:com.Slack/u0a460 (adj 905): UserDefined
07-26 12:35:06.243  1708  2159 W PreloadController: notify...pkgName=com.Slack, userId=0, processName=com.Slack, pid=12242, reason=UserDefined
07-26 12:35:06.248  1708  2159 I SmartPower.com.Slack/10460(12242): background->died(26012ms) R(process died ) adj=905.
07-26 12:35:06.248  1708  2445 I SmartPower: com.Slack/10460 state=inactive adj=905 proc size=1 move to died process died 
07-26 12:35:06.308  1708  1780 D ProcessManager: skip restart com.Slack because this device is a lowmemory device!
07-26 12:50:41.813 10509 10681 D test##>>: com.Slack=220-18.465331168888888-0
07-26 12:59:48.361  1708  2103 D Boost   : hostingType=broadcast, hostingName={com.Slack/com.google.firebase.iid.FirebaseInstanceIdReceiver}, callerPackage=com.google.android.gms, isSystem=true, isBoostNeeded=false.
07-26 12:59:48.362  1708  2103 I ActivityManager: Start proc 15442:com.Slack/u0a460 for broadcast {com.Slack/com.google.firebase.iid.FirebaseInstanceIdReceiver} caller=com.google.android.gms
07-26 12:59:48.420  1708  4350 I SmartPower.com.Slack/10460(15442): died->background(1482172ms) R(process start ) adj=-10000.
07-26 12:59:48.420  1708  2445 I SmartPower: com.Slack/10460 state=died adj=905 proc size=1 move to background process start 
07-26 12:59:48.864  1708  2317 I UiModeManager: systemserver package:com.Slack null
07-26 12:59:48.865 15442 15442 I ForceDarkHelperStubImpl: initialize for com.Slack , ForceDarkAppConfig: null
07-26 12:59:49.517  1708  2445 I SmartPower: com.Slack/10460 state=background adj=0 proc size=1 move to inactive service end com.Slack/slack.services.notifications.push.impl.SlackFirebaseMessagingService
07-26 13:09:00.402 10509 10681 D test##>>: com.Slack=220-18.465331168888888-0
07-26 13:11:59.223  1708  2159 I ProcessSceneCleaner: UserDefined: kill procName=com.Slack info=AS:91519
07-26 13:11:59.223  1708  2159 I ActivityManager: Killing 15442:com.Slack/u0a460 (adj 915): UserDefined
07-26 13:11:59.223  1708  2159 W PreloadController: notify...pkgName=com.Slack, userId=0, processName=com.Slack, pid=15442, reason=UserDefined
07-26 13:11:59.226  1708  2159 I SmartPower.com.Slack/10460(15442): background->died(730807ms) R(process died ) adj=915.
07-26 13:11:59.227  1708  2445 I SmartPower: com.Slack/10460 state=inactive adj=915 proc size=1 move to died process died 
07-26 13:11:59.312  1708  4378 D ProcessManager: skip restart com.Slack because this device is a lowmemory device!
07-26 13:12:47.255 10509 10681 D test##>>: com.Slack=220-18.465331168888888-0
07-26 13:15:09.927  1708  2103 D Boost   : hostingType=service, hostingName={com.Slack/androidx.work.impl.background.systemjob.SystemJobService}, callerPackage=android, isSystem=true, isBoostNeeded=false.
07-26 13:15:09.928  1708  2103 I ActivityManager: Start proc 23127:com.Slack/u0a460 for service {com.Slack/androidx.work.impl.background.systemjob.SystemJobService} caller=android
07-26 13:15:09.972  1708  2851 I SmartPower.com.Slack/10460(23127): died->background(190745ms) R(process start ) adj=-10000.
07-26 13:15:09.972  1708  2445 I SmartPower: com.Slack/10460 state=died adj=915 proc size=1 move to background process start 
07-26 13:15:10.445  1708  2851 I UiModeManager: systemserver package:com.Slack null
07-26 13:15:10.448 23127 23127 I ForceDarkHelperStubImpl: initialize for com.Slack , ForceDarkAppConfig: null
07-26 13:15:10.908  1708  2445 I SmartPower: com.Slack/10460 state=background adj=250 proc size=1 move to inactive adj below visible
07-26 13:18:51.193 10509 10681 D test##>>: com.Slack=220-18.465331168888888-0
07-26 13:29:56.665  1708  4379 I ActivityManager: Killing 23127:com.Slack/u0a460 (adj 955): empty #13
07-26 13:29:56.666  1708  4379 W PreloadController: notify...pkgName=com.Slack, userId=0, processName=com.Slack, pid=23127, reason=empty #13
07-26 13:29:56.671  1708  4379 I SmartPower.com.Slack/10460(23127): background->died(886700ms) R(process died ) adj=955.
07-26 13:29:56.671  1708  2445 I SmartPower: com.Slack/10460 state=inactive adj=955 proc size=1 move to died process died 
07-26 13:29:56.675  1708  2437 W PreloadManager: Failed : usage, pkg=com.Slack
07-26 13:29:56.675  1708  2437 W PreloadController: Will not preload com.Slack, decision = false, mMonitor.size()=1
