07-25 21:48:45.327  1708  4325 E TaskPersister: File error accessing recents directory (directory doesn't exist?).
07-25 21:48:59.788  1708  4325 E TaskPersister: File error accessing recents directory (directory doesn't exist?).
07-25 21:49:03.880  1708  4325 E TaskPersister: File error accessing recents directory (directory doesn't exist?).
07-25 21:49:12.007  1708  4325 E TaskPersister: File error accessing recents directory (directory doesn't exist?).
07-25 21:49:31.063  1708  4325 E TaskPersister: File error accessing recents directory (directory doesn't exist?).
07-25 21:49:40.335  1708  4325 E TaskPersister: File error accessing recents directory (directory doesn't exist?).
07-25 21:49:53.138  1708  4325 E TaskPersister: File error accessing recents directory (directory doesn't exist?).
07-25 21:49:54.934  1708  2044 E WindowManager: Error: package name null
07-25 21:49:54.968  1708  2044 E WindowManager: Error: package name null
07-25 21:49:55.502  1708  4325 E TaskPersister: File error accessing recents directory (directory doesn't exist?).
07-25 21:49:56.410  1708  2125 E KernelCpuUidActiveTimeReader: Negative delta from active time for uid: 10072, delta: -8
07-25 21:49:56.410  1708  2125 E KernelCpuUidActiveTimeReader: Negative delta from active time for uid: 10216, delta: -14
07-25 21:49:56.410  1708  2125 E KernelCpuUidActiveTimeReader: Negative delta from active time for uid: 10093, delta: -18
07-25 21:49:56.410  1708  2125 E KernelCpuUidActiveTimeReader: Negative delta from active time for uid: 10169, delta: -5
07-25 21:49:56.410  1708  2125 E KernelCpuUidActiveTimeReader: Negative delta from active time for uid: 10232, delta: -34
07-25 21:49:56.410  1708  2125 E KernelCpuUidActiveTimeReader: Negative delta from active time for uid: 10219, delta: -15
07-25 21:49:56.410  1708  2125 E KernelCpuUidActiveTimeReader: Negative delta from active time for uid: 10154, delta: -16
07-25 21:49:56.411  1708  2125 E KernelCpuUidActiveTimeReader: Negative delta from active time for uid: 10060, delta: -1
07-25 21:49:56.411  1708  2125 E KernelCpuUidActiveTimeReader: Negative delta from active time for uid: 10170, delta: -13
07-25 21:49:56.411  1708  2125 E KernelCpuUidActiveTimeReader: Negative delta from active time for uid: 10173, delta: -11
07-25 21:49:56.411  1708  2125 E KernelCpuUidActiveTimeReader: Negative delta from active time for uid: 10129, delta: -11
07-25 21:49:56.876  1708  4325 E TaskPersister: File error accessing recents directory (directory doesn't exist?).
07-25 21:50:00.080  1708  4325 E TaskPersister: File error accessing recents directory (directory doesn't exist?).
07-25 21:50:01.663  9428  9428 E MiuiMultiWindowUtils: initFreeFormResolutionArgs failed, device is lime
07-25 21:50:03.384  1708  4325 E TaskPersister: File error accessing recents directory (directory doesn't exist?).
07-25 21:50:06.150  1708  2445 E AppOps  : checkOperation
07-25 21:50:06.150  1708  2445 E AppOps  : java.lang.SecurityException: Specified package com.android.chrome under uid 90000 but it is not
07-25 21:50:06.150  1708  2445 E AppOps  : 	at com.android.server.appop.AppOpsService.verifyAndGetBypass(AppOpsService.java:4796)
07-25 21:50:06.150  1708  2445 E AppOps  : 	at com.android.server.appop.AppOpsService.verifyAndGetBypass(AppOpsService.java:4688)
07-25 21:50:06.150  1708  2445 E AppOps  : 	at com.android.server.appop.AppOpsService.checkOperationUnchecked(AppOpsService.java:3277)
07-25 21:50:06.150  1708  2445 E AppOps  : 	at com.android.server.appop.AppOpsService.checkOperationImpl(AppOpsService.java:3260)
07-25 21:50:06.150  1708  2445 E AppOps  : 	at com.android.server.appop.AppOpsService.access$3700(AppOpsService.java:221)
07-25 21:50:06.150  1708  2445 E AppOps  : 	at com.android.server.appop.AppOpsService$CheckOpsDelegateDispatcher.lambda$checkOperation$0(AppOpsService.java:7689)
07-25 21:50:06.150  1708  2445 E AppOps  : 	at com.android.server.appop.AppOpsService$CheckOpsDelegateDispatcher$$ExternalSyntheticLambda17.apply(Unknown Source:25)
07-25 21:50:06.150  1708  2445 E AppOps  : 	at com.android.server.policy.AppOpsPolicy.checkOperation(AppOpsPolicy.java:205)
07-25 21:50:06.150  1708  2445 E AppOps  : 	at com.android.server.appop.AppOpsService$CheckOpsDelegateDispatcher.checkOperation(AppOpsService.java:7688)
07-25 21:50:06.150  1708  2445 E AppOps  : 	at com.android.server.appop.AppOpsService.checkOperation(AppOpsService.java:3247)
07-25 21:50:06.150  1708  2445 E AppOps  : 	at android.app.AppOpsManager.checkOpNoThrow(AppOpsManager.java:8747)
07-25 21:50:06.150  1708  2445 E AppOps  : 	at android.miui.AppOpsUtils.getApplicationAutoStart(AppOpsUtils.java:84)
07-25 21:50:06.150  1708  2445 E AppOps  : 	at com.android.server.am.AppStateManager$AppState$RunningProcess$1.run(AppStateManager.java:1484)
07-25 21:50:06.150  1708  2445 E AppOps  : 	at android.os.Handler.handleCallback(Handler.java:938)
07-25 21:50:06.150  1708  2445 E AppOps  : 	at android.os.Handler.dispatchMessage(Handler.java:99)
07-25 21:50:06.150  1708  2445 E AppOps  : 	at android.os.Looper.loopOnce(Looper.java:211)
07-25 21:50:06.150  1708  2445 E AppOps  : 	at android.os.Looper.loop(Looper.java:300)
07-25 21:50:06.150  1708  2445 E AppOps  : 	at android.os.HandlerThread.run(HandlerThread.java:67)
07-25 21:50:06.175 10023 10023 E MQSEventManagerDelegate: failed to get MQSService.
07-25 21:50:06.277 10023 10023 E ForceDarkHelperStubImpl: getForceDarkOriginState transact failed , mService: null
07-25 21:50:14.504  1708  2338 E AlarmManager: Attempt to decrement existing alarm count 0 by 1 for uid 1000
07-25 21:50:14.510  1708  2338 E AlarmManager: Attempt to decrement existing alarm count 0 by 1 for uid 1000
07-25 21:50:18.208  1708  4325 E TaskPersister: File error accessing recents directory (directory doesn't exist?).
07-25 21:50:22.237  1708  4325 E TaskPersister: File error accessing recents directory (directory doesn't exist?).
07-25 21:50:56.023  1708  2125 E KernelCpuUidActiveTimeReader: Negative delta from active time for uid: 10072, delta: -8
07-25 21:50:56.023  1708  2125 E KernelCpuUidActiveTimeReader: Negative delta from active time for uid: 10216, delta: -14
07-25 21:50:56.023  1708  2125 E KernelCpuUidActiveTimeReader: Negative delta from active time for uid: 10093, delta: -18
07-25 21:50:56.023  1708  2125 E KernelCpuUidActiveTimeReader: Negative delta from active time for uid: 10169, delta: -5
07-25 21:50:56.023  1708  2125 E KernelCpuUidActiveTimeReader: Negative delta from active time for uid: 10232, delta: -34
07-25 21:50:56.024  1708  2125 E KernelCpuUidActiveTimeReader: Negative delta from active time for uid: 10219, delta: -15
07-25 21:50:56.024  1708  2125 E KernelCpuUidActiveTimeReader: Negative delta from active time for uid: 10154, delta: -16
07-25 21:50:56.024  1708  2125 E KernelCpuUidActiveTimeReader: Negative delta from active time for uid: 10060, delta: -1
07-25 21:50:56.024  1708  2125 E KernelCpuUidActiveTimeReader: Negative delta from active time for uid: 10170, delta: -13
07-25 21:50:56.024  1708  2125 E KernelCpuUidActiveTimeReader: Negative delta from active time for uid: 10173, delta: -11
07-25 21:50:56.024  1708  2125 E KernelCpuUidActiveTimeReader: Negative delta from active time for uid: 10129, delta: -11
07-25 21:50:57.027  1708  2445 E AppOps  : checkOperation
07-25 21:50:57.027  1708  2445 E AppOps  : java.lang.SecurityException: Specified package com.google.android.googlequicksearchbox under uid 99683 but it is not
07-25 21:50:57.027  1708  2445 E AppOps  : 	at com.android.server.appop.AppOpsService.verifyAndGetBypass(AppOpsService.java:4796)
07-25 21:50:57.027  1708  2445 E AppOps  : 	at com.android.server.appop.AppOpsService.verifyAndGetBypass(AppOpsService.java:4688)
07-25 21:50:57.027  1708  2445 E AppOps  : 	at com.android.server.appop.AppOpsService.checkOperationUnchecked(AppOpsService.java:3277)
07-25 21:50:57.027  1708  2445 E AppOps  : 	at com.android.server.appop.AppOpsService.checkOperationImpl(AppOpsService.java:3260)
07-25 21:50:57.027  1708  2445 E AppOps  : 	at com.android.server.appop.AppOpsService.access$3700(AppOpsService.java:221)
07-25 21:50:57.027  1708  2445 E AppOps  : 	at com.android.server.appop.AppOpsService$CheckOpsDelegateDispatcher.lambda$checkOperation$0(AppOpsService.java:7689)
07-25 21:50:57.027  1708  2445 E AppOps  : 	at com.android.server.appop.AppOpsService$CheckOpsDelegateDispatcher$$ExternalSyntheticLambda17.apply(Unknown Source:25)
07-25 21:50:57.027  1708  2445 E AppOps  : 	at com.android.server.policy.AppOpsPolicy.checkOperation(AppOpsPolicy.java:205)
07-25 21:50:57.027  1708  2445 E AppOps  : 	at com.android.server.appop.AppOpsService$CheckOpsDelegateDispatcher.checkOperation(AppOpsService.java:7688)
07-25 21:50:57.027  1708  2445 E AppOps  : 	at com.android.server.appop.AppOpsService.checkOperation(AppOpsService.java:3247)
07-25 21:50:57.027  1708  2445 E AppOps  : 	at android.app.AppOpsManager.checkOpNoThrow(AppOpsManager.java:8747)
07-25 21:50:57.027  1708  2445 E AppOps  : 	at android.miui.AppOpsUtils.getApplicationAutoStart(AppOpsUtils.java:84)
07-25 21:50:57.027  1708  2445 E AppOps  : 	at com.android.server.am.AppStateManager$AppState$RunningProcess$1.run(AppStateManager.java:1484)
07-25 21:50:57.027  1708  2445 E AppOps  : 	at android.os.Handler.handleCallback(Handler.java:938)
07-25 21:50:57.027  1708  2445 E AppOps  : 	at android.os.Handler.dispatchMessage(Handler.java:99)
07-25 21:50:57.027  1708  2445 E AppOps  : 	at android.os.Looper.loopOnce(Looper.java:211)
07-25 21:50:57.027  1708  2445 E AppOps  : 	at android.os.Looper.loop(Looper.java:300)
07-25 21:50:57.027  1708  2445 E AppOps  : 	at android.os.HandlerThread.run(HandlerThread.java:67)
07-25 21:50:57.038 11674 11674 E MQSEventManagerDelegate: failed to get MQSService.
07-25 21:50:57.099 11674 11674 E ForceDarkHelperStubImpl: getForceDarkOriginState transact failed , mService: null
07-25 21:50:58.618  1708  4325 E TaskPersister: File error accessing recents directory (directory doesn't exist?).
07-25 21:51:01.679 11855 11855 E MQSEventManagerDelegate: failed to get MQSService.
07-25 21:51:01.700  1708  2445 E AppOps  : checkOperation
07-25 21:51:01.700  1708  2445 E AppOps  : java.lang.SecurityException: Specified package com.android.chrome under uid 90000 but it is not
07-25 21:51:01.700  1708  2445 E AppOps  : 	at com.android.server.appop.AppOpsService.verifyAndGetBypass(AppOpsService.java:4796)
07-25 21:51:01.700  1708  2445 E AppOps  : 	at com.android.server.appop.AppOpsService.verifyAndGetBypass(AppOpsService.java:4688)
07-25 21:51:01.700  1708  2445 E AppOps  : 	at com.android.server.appop.AppOpsService.checkOperationUnchecked(AppOpsService.java:3277)
07-25 21:51:01.700  1708  2445 E AppOps  : 	at com.android.server.appop.AppOpsService.checkOperationImpl(AppOpsService.java:3260)
07-25 21:51:01.700  1708  2445 E AppOps  : 	at com.android.server.appop.AppOpsService.access$3700(AppOpsService.java:221)
07-25 21:51:01.700  1708  2445 E AppOps  : 	at com.android.server.appop.AppOpsService$CheckOpsDelegateDispatcher.lambda$checkOperation$0(AppOpsService.java:7689)
07-25 21:51:01.700  1708  2445 E AppOps  : 	at com.android.server.appop.AppOpsService$CheckOpsDelegateDispatcher$$ExternalSyntheticLambda17.apply(Unknown Source:25)
07-25 21:51:01.700  1708  2445 E AppOps  : 	at com.android.server.policy.AppOpsPolicy.checkOperation(AppOpsPolicy.java:205)
07-25 21:51:01.700  1708  2445 E AppOps  : 	at com.android.server.appop.AppOpsService$CheckOpsDelegateDispatcher.checkOperation(AppOpsService.java:7688)
07-25 21:51:01.700  1708  2445 E AppOps  : 	at com.android.server.appop.AppOpsService.checkOperation(AppOpsService.java:3247)
07-25 21:51:01.700  1708  2445 E AppOps  : 	at android.app.AppOpsManager.checkOpNoThrow(AppOpsManager.java:8747)
07-25 21:51:01.700  1708  2445 E AppOps  : 	at android.miui.AppOpsUtils.getApplicationAutoStart(AppOpsUtils.java:84)
07-25 21:51:01.700  1708  2445 E AppOps  : 	at com.android.server.am.AppStateManager$AppState$RunningProcess$1.run(AppStateManager.java:1484)
07-25 21:51:01.700  1708  2445 E AppOps  : 	at android.os.Handler.handleCallback(Handler.java:938)
07-25 21:51:01.700  1708  2445 E AppOps  : 	at android.os.Handler.dispatchMessage(Handler.java:99)
07-25 21:51:01.700  1708  2445 E AppOps  : 	at android.os.Looper.loopOnce(Looper.java:211)
07-25 21:51:01.700  1708  2445 E AppOps  : 	at android.os.Looper.loop(Looper.java:300)
07-25 21:51:01.700  1708  2445 E AppOps  : 	at android.os.HandlerThread.run(HandlerThread.java:67)
07-25 21:51:01.740 11855 11855 E ForceDarkHelperStubImpl: getForceDarkOriginState transact failed , mService: null
07-25 21:51:02.042 11723 11723 E MiuiMultiWindowUtils: initFreeFormResolutionArgs failed, device is lime
07-25 21:51:06.950 12173 12173 E MQSEventManagerDelegate: failed to get MQSService.
07-25 21:51:06.957  1708  2445 E AppOps  : checkOperation
07-25 21:51:06.957  1708  2445 E AppOps  : java.lang.SecurityException: Specified package com.android.chrome under uid 90001 but it is not
07-25 21:51:06.957  1708  2445 E AppOps  : 	at com.android.server.appop.AppOpsService.verifyAndGetBypass(AppOpsService.java:4796)
07-25 21:51:06.957  1708  2445 E AppOps  : 	at com.android.server.appop.AppOpsService.verifyAndGetBypass(AppOpsService.java:4688)
07-25 21:51:06.957  1708  2445 E AppOps  : 	at com.android.server.appop.AppOpsService.checkOperationUnchecked(AppOpsService.java:3277)
07-25 21:51:06.957  1708  2445 E AppOps  : 	at com.android.server.appop.AppOpsService.checkOperationImpl(AppOpsService.java:3260)
07-25 21:51:06.957  1708  2445 E AppOps  : 	at com.android.server.appop.AppOpsService.access$3700(AppOpsService.java:221)
07-25 21:51:06.957  1708  2445 E AppOps  : 	at com.android.server.appop.AppOpsService$CheckOpsDelegateDispatcher.lambda$checkOperation$0(AppOpsService.java:7689)
07-25 21:51:06.957  1708  2445 E AppOps  : 	at com.android.server.appop.AppOpsService$CheckOpsDelegateDispatcher$$ExternalSyntheticLambda17.apply(Unknown Source:25)
07-25 21:51:06.957  1708  2445 E AppOps  : 	at com.android.server.policy.AppOpsPolicy.checkOperation(AppOpsPolicy.java:205)
07-25 21:51:06.957  1708  2445 E AppOps  : 	at com.android.server.appop.AppOpsService$CheckOpsDelegateDispatcher.checkOperation(AppOpsService.java:7688)
07-25 21:51:06.957  1708  2445 E AppOps  : 	at com.android.server.appop.AppOpsService.checkOperation(AppOpsService.java:3247)
07-25 21:51:06.957  1708  2445 E AppOps  : 	at android.app.AppOpsManager.checkOpNoThrow(AppOpsManager.java:8747)
07-25 21:51:06.957  1708  2445 E AppOps  : 	at android.miui.AppOpsUtils.getApplicationAutoStart(AppOpsUtils.java:84)
07-25 21:51:06.957  1708  2445 E AppOps  : 	at com.android.server.am.AppStateManager$AppState$RunningProcess$1.run(AppStateManager.java:1484)
07-25 21:51:06.957  1708  2445 E AppOps  : 	at android.os.Handler.handleCallback(Handler.java:938)
07-25 21:51:06.957  1708  2445 E AppOps  : 	at android.os.Handler.dispatchMessage(Handler.java:99)
07-25 21:51:06.957  1708  2445 E AppOps  : 	at android.os.Looper.loopOnce(Looper.java:211)
07-25 21:51:06.957  1708  2445 E AppOps  : 	at android.os.Looper.loop(Looper.java:300)
07-25 21:51:06.957  1708  2445 E AppOps  : 	at android.os.HandlerThread.run(HandlerThread.java:67)
07-25 21:51:07.010 12173 12173 E ForceDarkHelperStubImpl: getForceDarkOriginState transact failed , mService: null
07-25 21:51:16.760 12671 12671 E MQSEventManagerDelegate: failed to get MQSService.
07-25 21:51:16.814  1708  2445 E AppOps  : checkOperation
07-25 21:51:16.814  1708  2445 E AppOps  : java.lang.SecurityException: Specified package com.android.chrome under uid 90002 but it is not
07-25 21:51:16.814  1708  2445 E AppOps  : 	at com.android.server.appop.AppOpsService.verifyAndGetBypass(AppOpsService.java:4796)
07-25 21:51:16.814  1708  2445 E AppOps  : 	at com.android.server.appop.AppOpsService.verifyAndGetBypass(AppOpsService.java:4688)
07-25 21:51:16.814  1708  2445 E AppOps  : 	at com.android.server.appop.AppOpsService.checkOperationUnchecked(AppOpsService.java:3277)
07-25 21:51:16.814  1708  2445 E AppOps  : 	at com.android.server.appop.AppOpsService.checkOperationImpl(AppOpsService.java:3260)
07-25 21:51:16.814  1708  2445 E AppOps  : 	at com.android.server.appop.AppOpsService.access$3700(AppOpsService.java:221)
07-25 21:51:16.814  1708  2445 E AppOps  : 	at com.android.server.appop.AppOpsService$CheckOpsDelegateDispatcher.lambda$checkOperation$0(AppOpsService.java:7689)
07-25 21:51:16.814  1708  2445 E AppOps  : 	at com.android.server.appop.AppOpsService$CheckOpsDelegateDispatcher$$ExternalSyntheticLambda17.apply(Unknown Source:25)
07-25 21:51:16.814  1708  2445 E AppOps  : 	at com.android.server.policy.AppOpsPolicy.checkOperation(AppOpsPolicy.java:205)
07-25 21:51:16.814  1708  2445 E AppOps  : 	at com.android.server.appop.AppOpsService$CheckOpsDelegateDispatcher.checkOperation(AppOpsService.java:7688)
07-25 21:51:16.814  1708  2445 E AppOps  : 	at com.android.server.appop.AppOpsService.checkOperation(AppOpsService.java:3247)
07-25 21:51:16.814  1708  2445 E AppOps  : 	at android.app.AppOpsManager.checkOpNoThrow(AppOpsManager.java:8747)
07-25 21:51:16.814  1708  2445 E AppOps  : 	at android.miui.AppOpsUtils.getApplicationAutoStart(AppOpsUtils.java:84)
07-25 21:51:16.814  1708  2445 E AppOps  : 	at com.android.server.am.AppStateManager$AppState$RunningProcess$1.run(AppStateManager.java:1484)
07-25 21:51:16.814  1708  2445 E AppOps  : 	at android.os.Handler.handleCallback(Handler.java:938)
07-25 21:51:16.814  1708  2445 E AppOps  : 	at android.os.Handler.dispatchMessage(Handler.java:99)
07-25 21:51:16.814  1708  2445 E AppOps  : 	at android.os.Looper.loopOnce(Looper.java:211)
07-25 21:51:16.814  1708  2445 E AppOps  : 	at android.os.Looper.loop(Looper.java:300)
07-25 21:51:16.814  1708  2445 E AppOps  : 	at android.os.HandlerThread.run(HandlerThread.java:67)
07-25 21:51:17.015 12671 12671 E ForceDarkHelperStubImpl: getForceDarkOriginState transact failed , mService: null
07-25 21:51:17.794 11998 12726 E ActivityThread: Failed to find provider info for com.xiaomi.market.provider.DirectMailProvider
07-25 21:51:19.163  1708  2125 E KernelCpuUidActiveTimeReader: Negative delta from active time for uid: 10072, delta: -8
07-25 21:51:19.163  1708  2125 E KernelCpuUidActiveTimeReader: Negative delta from active time for uid: 10216, delta: -14
07-25 21:51:19.163  1708  2125 E KernelCpuUidActiveTimeReader: Negative delta from active time for uid: 10093, delta: -18
07-25 21:51:19.163  1708  2125 E KernelCpuUidActiveTimeReader: Negative delta from active time for uid: 10169, delta: -5
07-25 21:51:19.163  1708  2125 E KernelCpuUidActiveTimeReader: Negative delta from active time for uid: 10232, delta: -34
07-25 21:51:19.163  1708  2125 E KernelCpuUidActiveTimeReader: Negative delta from active time for uid: 10219, delta: -15
07-25 21:51:19.165  1708  2125 E KernelCpuUidActiveTimeReader: Negative delta from active time for uid: 10154, delta: -16
07-25 21:51:19.167  1708  2125 E KernelCpuUidActiveTimeReader: Negative delta from active time for uid: 10060, delta: -1
07-25 21:51:19.167  1708  2125 E KernelCpuUidActiveTimeReader: Negative delta from active time for uid: 10170, delta: -13
07-25 21:51:19.167  1708  2125 E KernelCpuUidActiveTimeReader: Negative delta from active time for uid: 10173, delta: -11
07-25 21:51:19.167  1708  2125 E KernelCpuUidActiveTimeReader: Negative delta from active time for uid: 10129, delta: -11
07-25 21:51:24.066  1708  2125 E KernelCpuUidActiveTimeReader: Negative delta from active time for uid: 10072, delta: -8
07-25 21:51:24.066  1708  2125 E KernelCpuUidActiveTimeReader: Negative delta from active time for uid: 10216, delta: -14
07-25 21:51:24.066  1708  2125 E KernelCpuUidActiveTimeReader: Negative delta from active time for uid: 10093, delta: -18
07-25 21:51:24.066  1708  2125 E KernelCpuUidActiveTimeReader: Negative delta from active time for uid: 10169, delta: -5
07-25 21:51:24.066  1708  2125 E KernelCpuUidActiveTimeReader: Negative delta from active time for uid: 10232, delta: -34
07-25 21:51:24.066  1708  2125 E KernelCpuUidActiveTimeReader: Negative delta from active time for uid: 10219, delta: -15
07-25 21:51:24.067  1708  2125 E KernelCpuUidActiveTimeReader: Negative delta from active time for uid: 10154, delta: -16
07-25 21:51:24.067  1708  2125 E KernelCpuUidActiveTimeReader: Negative delta from active time for uid: 10060, delta: -1
07-25 21:51:24.067  1708  2125 E KernelCpuUidActiveTimeReader: Negative delta from active time for uid: 10170, delta: -13
07-25 21:51:24.070  1708  2125 E KernelCpuUidActiveTimeReader: Negative delta from active time for uid: 10173, delta: -11
07-25 21:51:24.070  1708  2125 E KernelCpuUidActiveTimeReader: Negative delta from active time for uid: 10129, delta: -11
07-25 21:51:27.930  1708  3361 E ClipboardService: Denying clipboard access to com.android.chrome, application is not in focus nor is it a system service for user 0
07-25 21:51:28.575  1708  2125 E KernelCpuUidActiveTimeReader: Negative delta from active time for uid: 10072, delta: -8
07-25 21:51:28.575  1708  2125 E KernelCpuUidActiveTimeReader: Negative delta from active time for uid: 10216, delta: -14
07-25 21:51:28.575  1708  2125 E KernelCpuUidActiveTimeReader: Negative delta from active time for uid: 10093, delta: -18
07-25 21:51:28.575  1708  2125 E KernelCpuUidActiveTimeReader: Negative delta from active time for uid: 10169, delta: -5
07-25 21:51:28.575  1708  2125 E KernelCpuUidActiveTimeReader: Negative delta from active time for uid: 10232, delta: -34
07-25 21:51:28.575  1708  2125 E KernelCpuUidActiveTimeReader: Negative delta from active time for uid: 10219, delta: -15
07-25 21:51:28.575  1708  2125 E KernelCpuUidActiveTimeReader: Negative delta from active time for uid: 10154, delta: -16
07-25 21:51:28.575  1708  2125 E KernelCpuUidActiveTimeReader: Negative delta from active time for uid: 10060, delta: -1
07-25 21:51:28.575  1708  2125 E KernelCpuUidActiveTimeReader: Negative delta from active time for uid: 10170, delta: -13
07-25 21:51:28.576  1708  2125 E KernelCpuUidActiveTimeReader: Negative delta from active time for uid: 10173, delta: -11
07-25 21:51:28.576  1708  2125 E KernelCpuUidActiveTimeReader: Negative delta from active time for uid: 10129, delta: -11
07-25 21:51:29.192  6010  6352 E KernelRpmStatsReader: Failure in reading rpm stats
07-25 21:51:29.192  6010  6352 E KernelRpmStatsReader: java.io.FileNotFoundException: /sys/power/system_sleep/stats: open failed: EACCES (Permission denied)
07-25 21:51:29.192  6010  6352 E KernelRpmStatsReader: 	at libcore.io.IoBridge.open(IoBridge.java:574)
07-25 21:51:29.192  6010  6352 E KernelRpmStatsReader: 	at java.io.FileInputStream.<init>(FileInputStream.java:179)
07-25 21:51:29.192  6010  6352 E KernelRpmStatsReader: 	at java.io.FileInputStream.<init>(FileInputStream.java:133)
07-25 21:51:29.192  6010  6352 E KernelRpmStatsReader: 	at com.miui.powerkeeper.utils.KernelRpmStatsReader.readRpmStatsType1(Unknown Source:19)
07-25 21:51:29.192  6010  6352 E KernelRpmStatsReader: 	at com.miui.powerkeeper.utils.KernelRpmStatsReader.readRpmStats(Unknown Source:63)
07-25 21:51:29.192  6010  6352 E KernelRpmStatsReader: 	at com.miui.powerkeeper.powerchecker.PowerCheckerService.requestKernelRpmStatsUpdate(Unknown Source:4)
07-25 21:51:29.192  6010  6352 E KernelRpmStatsReader: 	at com.miui.powerkeeper.powerchecker.PowerCheckerService.addBatteryHistoryRecord(Unknown Source:38)
07-25 21:51:29.192  6010  6352 E KernelRpmStatsReader: 	at com.miui.powerkeeper.powerchecker.PowerCheckerService.updateBatteryLevelChanged(Unknown Source:8)
07-25 21:51:29.192  6010  6352 E KernelRpmStatsReader: 	at com.miui.powerkeeper.powerchecker.PowerCheckerService.access$3800(Unknown Source:0)
07-25 21:51:29.192  6010  6352 E KernelRpmStatsReader: 	at com.miui.powerkeeper.powerchecker.PowerCheckerService$PowerCheckHandler.handleMessage(Unknown Source:72)
07-25 21:51:29.192  6010  6352 E KernelRpmStatsReader: 	at android.os.Handler.dispatchMessage(Handler.java:106)
07-25 21:51:29.192  6010  6352 E KernelRpmStatsReader: 	at android.os.Looper.loopOnce(Looper.java:211)
07-25 21:51:29.192  6010  6352 E KernelRpmStatsReader: 	at android.os.Looper.loop(Looper.java:300)
07-25 21:51:29.192  6010  6352 E KernelRpmStatsReader: 	at android.os.HandlerThread.run(HandlerThread.java:67)
07-25 21:51:29.192  6010  6352 E KernelRpmStatsReader: Caused by: android.system.ErrnoException: open failed: EACCES (Permission denied)
07-25 21:51:29.192  6010  6352 E KernelRpmStatsReader: 	at libcore.io.Linux.open(Native Method)
07-25 21:51:29.192  6010  6352 E KernelRpmStatsReader: 	at libcore.io.ForwardingOs.open(ForwardingOs.java:563)
07-25 21:51:29.192  6010  6352 E KernelRpmStatsReader: 	at libcore.io.BlockGuardOs.open(BlockGuardOs.java:274)
07-25 21:51:29.192  6010  6352 E KernelRpmStatsReader: 	at libcore.io.ForwardingOs.open(ForwardingOs.java:563)
07-25 21:51:29.192  6010  6352 E KernelRpmStatsReader: 	at android.app.ActivityThread$AndroidOs.open(ActivityThread.java:8192)
07-25 21:51:29.192  6010  6352 E KernelRpmStatsReader: 	at libcore.io.IoBridge.open(IoBridge.java:560)
07-25 21:51:29.192  6010  6352 E KernelRpmStatsReader: 	... 13 more
07-25 21:51:29.484  1708  2445 E AppOps  : checkOperation
07-25 21:51:29.484  1708  2445 E AppOps  : java.lang.SecurityException: Specified package com.android.chrome under uid 90003 but it is not
07-25 21:51:29.484  1708  2445 E AppOps  : 	at com.android.server.appop.AppOpsService.verifyAndGetBypass(AppOpsService.java:4796)
07-25 21:51:29.484  1708  2445 E AppOps  : 	at com.android.server.appop.AppOpsService.verifyAndGetBypass(AppOpsService.java:4688)
07-25 21:51:29.484  1708  2445 E AppOps  : 	at com.android.server.appop.AppOpsService.checkOperationUnchecked(AppOpsService.java:3277)
07-25 21:51:29.484  1708  2445 E AppOps  : 	at com.android.server.appop.AppOpsService.checkOperationImpl(AppOpsService.java:3260)
07-25 21:51:29.484  1708  2445 E AppOps  : 	at com.android.server.appop.AppOpsService.access$3700(AppOpsService.java:221)
07-25 21:51:29.484  1708  2445 E AppOps  : 	at com.android.server.appop.AppOpsService$CheckOpsDelegateDispatcher.lambda$checkOperation$0(AppOpsService.java:7689)
07-25 21:51:29.484  1708  2445 E AppOps  : 	at com.android.server.appop.AppOpsService$CheckOpsDelegateDispatcher$$ExternalSyntheticLambda17.apply(Unknown Source:25)
07-25 21:51:29.484  1708  2445 E AppOps  : 	at com.android.server.policy.AppOpsPolicy.checkOperation(AppOpsPolicy.java:205)
07-25 21:51:29.484  1708  2445 E AppOps  : 	at com.android.server.appop.AppOpsService$CheckOpsDelegateDispatcher.checkOperation(AppOpsService.java:7688)
07-25 21:51:29.484  1708  2445 E AppOps  : 	at com.android.server.appop.AppOpsService.checkOperation(AppOpsService.java:3247)
07-25 21:51:29.484  1708  2445 E AppOps  : 	at android.app.AppOpsManager.checkOpNoThrow(AppOpsManager.java:8747)
07-25 21:51:29.484  1708  2445 E AppOps  : 	at android.miui.AppOpsUtils.getApplicationAutoStart(AppOpsUtils.java:84)
07-25 21:51:29.484  1708  2445 E AppOps  : 	at com.android.server.am.AppStateManager$AppState$RunningProcess$1.run(AppStateManager.java:1484)
07-25 21:51:29.484  1708  2445 E AppOps  : 	at android.os.Handler.handleCallback(Handler.java:938)
07-25 21:51:29.484  1708  2445 E AppOps  : 	at android.os.Handler.dispatchMessage(Handler.java:99)
07-25 21:51:29.484  1708  2445 E AppOps  : 	at android.os.Looper.loopOnce(Looper.java:211)
07-25 21:51:29.484  1708  2445 E AppOps  : 	at android.os.Looper.loop(Looper.java:300)
07-25 21:51:29.484  1708  2445 E AppOps  : 	at android.os.HandlerThread.run(HandlerThread.java:67)
07-25 21:51:29.496 13725 13725 E MQSEventManagerDelegate: failed to get MQSService.
07-25 21:51:29.640 13725 13725 E ForceDarkHelperStubImpl: getForceDarkOriginState transact failed , mService: null
07-25 21:51:32.353  1708  2445 E AppOps  : checkOperation
07-25 21:51:32.353  1708  2445 E AppOps  : java.lang.SecurityException: Specified package com.android.chrome under uid 90004 but it is not
07-25 21:51:32.353  1708  2445 E AppOps  : 	at com.android.server.appop.AppOpsService.verifyAndGetBypass(AppOpsService.java:4796)
07-25 21:51:32.353  1708  2445 E AppOps  : 	at com.android.server.appop.AppOpsService.verifyAndGetBypass(AppOpsService.java:4688)
07-25 21:51:32.353  1708  2445 E AppOps  : 	at com.android.server.appop.AppOpsService.checkOperationUnchecked(AppOpsService.java:3277)
07-25 21:51:32.353  1708  2445 E AppOps  : 	at com.android.server.appop.AppOpsService.checkOperationImpl(AppOpsService.java:3260)
07-25 21:51:32.353  1708  2445 E AppOps  : 	at com.android.server.appop.AppOpsService.access$3700(AppOpsService.java:221)
07-25 21:51:32.353  1708  2445 E AppOps  : 	at com.android.server.appop.AppOpsService$CheckOpsDelegateDispatcher.lambda$checkOperation$0(AppOpsService.java:7689)
07-25 21:51:32.353  1708  2445 E AppOps  : 	at com.android.server.appop.AppOpsService$CheckOpsDelegateDispatcher$$ExternalSyntheticLambda17.apply(Unknown Source:25)
07-25 21:51:32.353  1708  2445 E AppOps  : 	at com.android.server.policy.AppOpsPolicy.checkOperation(AppOpsPolicy.java:205)
07-25 21:51:32.353  1708  2445 E AppOps  : 	at com.android.server.appop.AppOpsService$CheckOpsDelegateDispatcher.checkOperation(AppOpsService.java:7688)
07-25 21:51:32.353  1708  2445 E AppOps  : 	at com.android.server.appop.AppOpsService.checkOperation(AppOpsService.java:3247)
07-25 21:51:32.353  1708  2445 E AppOps  : 	at android.app.AppOpsManager.checkOpNoThrow(AppOpsManager.java:8747)
07-25 21:51:32.353  1708  2445 E AppOps  : 	at android.miui.AppOpsUtils.getApplicationAutoStart(AppOpsUtils.java:84)
07-25 21:51:32.353  1708  2445 E AppOps  : 	at com.android.server.am.AppStateManager$AppState$RunningProcess$1.run(AppStateManager.java:1484)
07-25 21:51:32.353  1708  2445 E AppOps  : 	at android.os.Handler.handleCallback(Handler.java:938)
07-25 21:51:32.353  1708  2445 E AppOps  : 	at android.os.Handler.dispatchMessage(Handler.java:99)
07-25 21:51:32.353  1708  2445 E AppOps  : 	at android.os.Looper.loopOnce(Looper.java:211)
07-25 21:51:32.353  1708  2445 E AppOps  : 	at android.os.Looper.loop(Looper.java:300)
07-25 21:51:32.353  1708  2445 E AppOps  : 	at android.os.HandlerThread.run(HandlerThread.java:67)
07-25 21:51:32.376 13805 13805 E MQSEventManagerDelegate: failed to get MQSService.
07-25 21:51:32.573 13805 13805 E ForceDarkHelperStubImpl: getForceDarkOriginState transact failed , mService: null
07-25 21:51:36.768  1708  2125 E KernelCpuUidActiveTimeReader: Negative delta from active time for uid: 10072, delta: -8
07-25 21:51:36.768  1708  2125 E KernelCpuUidActiveTimeReader: Negative delta from active time for uid: 10216, delta: -14
07-25 21:51:36.768  1708  2125 E KernelCpuUidActiveTimeReader: Negative delta from active time for uid: 10093, delta: -18
07-25 21:51:36.768  1708  2125 E KernelCpuUidActiveTimeReader: Negative delta from active time for uid: 10169, delta: -5
07-25 21:51:36.768  1708  2125 E KernelCpuUidActiveTimeReader: Negative delta from active time for uid: 10232, delta: -34
07-25 21:51:36.769  1708  2125 E KernelCpuUidActiveTimeReader: Negative delta from active time for uid: 10219, delta: -15
07-25 21:51:36.769  1708  2125 E KernelCpuUidActiveTimeReader: Negative delta from active time for uid: 10154, delta: -16
07-25 21:51:36.769  1708  2125 E KernelCpuUidActiveTimeReader: Negative delta from active time for uid: 10060, delta: -1
07-25 21:51:36.769  1708  2125 E KernelCpuUidActiveTimeReader: Negative delta from active time for uid: 10170, delta: -13
07-25 21:51:36.769  1708  2125 E KernelCpuUidActiveTimeReader: Negative delta from active time for uid: 10173, delta: -11
07-25 21:51:36.769  1708  2125 E KernelCpuUidActiveTimeReader: Negative delta from active time for uid: 10129, delta: -11
07-25 21:51:36.788  1708  4325 E TaskPersister: File error accessing recents directory (directory doesn't exist?).
07-25 21:51:40.051  1708  4325 E TaskPersister: File error accessing recents directory (directory doesn't exist?).
07-25 21:51:42.529 14030 14030 E MiuiMultiWindowUtils: initFreeFormResolutionArgs failed, device is lime
07-25 21:51:43.168  1708  4375 E PackageDexUsage: Unsupported context?
07-25 21:51:43.280  1708  4325 E TaskPersister: File error accessing recents directory (directory doesn't exist?).
07-25 21:51:43.755  1708  4375 E PackageDexUsage: Unsupported context?
07-25 21:51:44.805  1708  2125 E KernelCpuUidActiveTimeReader: Negative delta from active time for uid: 10072, delta: -8
07-25 21:51:44.805  1708  2125 E KernelCpuUidActiveTimeReader: Negative delta from active time for uid: 10216, delta: -14
07-25 21:51:44.805  1708  2125 E KernelCpuUidActiveTimeReader: Negative delta from active time for uid: 10093, delta: -18
07-25 21:51:44.805  1708  2125 E KernelCpuUidActiveTimeReader: Negative delta from active time for uid: 10169, delta: -5
07-25 21:51:44.805  1708  2125 E KernelCpuUidActiveTimeReader: Negative delta from active time for uid: 10232, delta: -34
07-25 21:51:44.805  1708  2125 E KernelCpuUidActiveTimeReader: Negative delta from active time for uid: 10219, delta: -15
07-25 21:51:44.806  1708  2125 E KernelCpuUidActiveTimeReader: Negative delta from active time for uid: 10154, delta: -16
07-25 21:51:44.806  1708  2125 E KernelCpuUidActiveTimeReader: Negative delta from active time for uid: 10060, delta: -1
07-25 21:51:44.806  1708  2125 E KernelCpuUidActiveTimeReader: Negative delta from active time for uid: 10170, delta: -13
07-25 21:51:44.806  1708  2125 E KernelCpuUidActiveTimeReader: Negative delta from active time for uid: 10173, delta: -11
07-25 21:51:44.806  1708  2125 E KernelCpuUidActiveTimeReader: Negative delta from active time for uid: 10129, delta: -11
07-25 21:51:57.801  1708  1708 E JobScheduler.Concurrency: Error executing JobStatus{d8e8342 #u0a251/-1962859060 com.tenacious.flixfox/com.google.android.datatransport.runtime.scheduling.jobscheduling.JobInfoSchedulerService u=0 s=10251 TIME=-14s725ms:none NET READY}
07-25 21:53:03.810 15191 15191 E MQSEventManagerDelegate: failed to get MQSService.
07-25 21:53:03.815  1708  2445 E AppOps  : checkOperation
07-25 21:53:03.815  1708  2445 E AppOps  : java.lang.SecurityException: Specified package org.telegram.messenger under uid 99684 but it is not
07-25 21:53:03.815  1708  2445 E AppOps  : 	at com.android.server.appop.AppOpsService.verifyAndGetBypass(AppOpsService.java:4796)
07-25 21:53:03.815  1708  2445 E AppOps  : 	at com.android.server.appop.AppOpsService.verifyAndGetBypass(AppOpsService.java:4688)
07-25 21:53:03.815  1708  2445 E AppOps  : 	at com.android.server.appop.AppOpsService.checkOperationUnchecked(AppOpsService.java:3277)
07-25 21:53:03.815  1708  2445 E AppOps  : 	at com.android.server.appop.AppOpsService.checkOperationImpl(AppOpsService.java:3260)
07-25 21:53:03.815  1708  2445 E AppOps  : 	at com.android.server.appop.AppOpsService.access$3700(AppOpsService.java:221)
07-25 21:53:03.815  1708  2445 E AppOps  : 	at com.android.server.appop.AppOpsService$CheckOpsDelegateDispatcher.lambda$checkOperation$0(AppOpsService.java:7689)
07-25 21:53:03.815  1708  2445 E AppOps  : 	at com.android.server.appop.AppOpsService$CheckOpsDelegateDispatcher$$ExternalSyntheticLambda17.apply(Unknown Source:25)
07-25 21:53:03.815  1708  2445 E AppOps  : 	at com.android.server.policy.AppOpsPolicy.checkOperation(AppOpsPolicy.java:205)
07-25 21:53:03.815  1708  2445 E AppOps  : 	at com.android.server.appop.AppOpsService$CheckOpsDelegateDispatcher.checkOperation(AppOpsService.java:7688)
07-25 21:53:03.815  1708  2445 E AppOps  : 	at com.android.server.appop.AppOpsService.checkOperation(AppOpsService.java:3247)
07-25 21:53:03.815  1708  2445 E AppOps  : 	at android.app.AppOpsManager.checkOpNoThrow(AppOpsManager.java:8747)
07-25 21:53:03.815  1708  2445 E AppOps  : 	at android.miui.AppOpsUtils.getApplicationAutoStart(AppOpsUtils.java:84)
07-25 21:53:03.815  1708  2445 E AppOps  : 	at com.android.server.am.AppStateManager$AppState$RunningProcess$1.run(AppStateManager.java:1484)
07-25 21:53:03.815  1708  2445 E AppOps  : 	at android.os.Handler.handleCallback(Handler.java:938)
07-25 21:53:03.815  1708  2445 E AppOps  : 	at android.os.Handler.dispatchMessage(Handler.java:99)
07-25 21:53:03.815  1708  2445 E AppOps  : 	at android.os.Looper.loopOnce(Looper.java:211)
07-25 21:53:03.815  1708  2445 E AppOps  : 	at android.os.Looper.loop(Looper.java:300)
07-25 21:53:03.815  1708  2445 E AppOps  : 	at android.os.HandlerThread.run(HandlerThread.java:67)
07-25 21:53:03.848 15191 15191 E ForceDarkHelperStubImpl: getForceDarkOriginState transact failed , mService: null
07-25 21:53:05.592  1708  2125 E KernelCpuUidActiveTimeReader: Negative delta from active time for uid: 10072, delta: -8
07-25 21:53:05.592  1708  2125 E KernelCpuUidActiveTimeReader: Negative delta from active time for uid: 10216, delta: -14
07-25 21:53:05.592  1708  2125 E KernelCpuUidActiveTimeReader: Negative delta from active time for uid: 10093, delta: -18
07-25 21:53:05.593  1708  2125 E KernelCpuUidActiveTimeReader: Negative delta from active time for uid: 10169, delta: -5
07-25 21:53:05.593  1708  2125 E KernelCpuUidActiveTimeReader: Negative delta from active time for uid: 10232, delta: -34
07-25 21:53:05.593  1708  2125 E KernelCpuUidActiveTimeReader: Negative delta from active time for uid: 10219, delta: -15
07-25 21:53:05.593  1708  2125 E KernelCpuUidActiveTimeReader: Negative delta from active time for uid: 10154, delta: -16
07-25 21:53:05.593  1708  2125 E KernelCpuUidActiveTimeReader: Negative delta from active time for uid: 10060, delta: -1
07-25 21:53:05.593  1708  2125 E KernelCpuUidActiveTimeReader: Negative delta from active time for uid: 10170, delta: -13
07-25 21:53:05.593  1708  2125 E KernelCpuUidActiveTimeReader: Negative delta from active time for uid: 10173, delta: -11
07-25 21:53:05.593  1708  2125 E KernelCpuUidActiveTimeReader: Negative delta from active time for uid: 10129, delta: -11
07-25 21:53:06.628  1708  2445 E AppOps  : checkOperation
07-25 21:53:06.628  1708  2445 E AppOps  : java.lang.SecurityException: Specified package in.amazon.mShop.android.shopping under uid 99685 but it is not
07-25 21:53:06.628  1708  2445 E AppOps  : 	at com.android.server.appop.AppOpsService.verifyAndGetBypass(AppOpsService.java:4796)
07-25 21:53:06.628  1708  2445 E AppOps  : 	at com.android.server.appop.AppOpsService.verifyAndGetBypass(AppOpsService.java:4688)
07-25 21:53:06.628  1708  2445 E AppOps  : 	at com.android.server.appop.AppOpsService.checkOperationUnchecked(AppOpsService.java:3277)
07-25 21:53:06.628  1708  2445 E AppOps  : 	at com.android.server.appop.AppOpsService.checkOperationImpl(AppOpsService.java:3260)
07-25 21:53:06.628  1708  2445 E AppOps  : 	at com.android.server.appop.AppOpsService.access$3700(AppOpsService.java:221)
07-25 21:53:06.628  1708  2445 E AppOps  : 	at com.android.server.appop.AppOpsService$CheckOpsDelegateDispatcher.lambda$checkOperation$0(AppOpsService.java:7689)
07-25 21:53:06.628  1708  2445 E AppOps  : 	at com.android.server.appop.AppOpsService$CheckOpsDelegateDispatcher$$ExternalSyntheticLambda17.apply(Unknown Source:25)
07-25 21:53:06.628  1708  2445 E AppOps  : 	at com.android.server.policy.AppOpsPolicy.checkOperation(AppOpsPolicy.java:205)
07-25 21:53:06.628  1708  2445 E AppOps  : 	at com.android.server.appop.AppOpsService$CheckOpsDelegateDispatcher.checkOperation(AppOpsService.java:7688)
07-25 21:53:06.628  1708  2445 E AppOps  : 	at com.android.server.appop.AppOpsService.checkOperation(AppOpsService.java:3247)
07-25 21:53:06.628  1708  2445 E AppOps  : 	at android.app.AppOpsManager.checkOpNoThrow(AppOpsManager.java:8747)
07-25 21:53:06.628  1708  2445 E AppOps  : 	at android.miui.AppOpsUtils.getApplicationAutoStart(AppOpsUtils.java:84)
07-25 21:53:06.628  1708  2445 E AppOps  : 	at com.android.server.am.AppStateManager$AppState$RunningProcess$1.run(AppStateManager.java:1484)
07-25 21:53:06.628  1708  2445 E AppOps  : 	at android.os.Handler.handleCallback(Handler.java:938)
07-25 21:53:06.628  1708  2445 E AppOps  : 	at android.os.Handler.dispatchMessage(Handler.java:99)
07-25 21:53:06.628  1708  2445 E AppOps  : 	at android.os.Looper.loopOnce(Looper.java:211)
07-25 21:53:06.628  1708  2445 E AppOps  : 	at android.os.Looper.loop(Looper.java:300)
07-25 21:53:06.628  1708  2445 E AppOps  : 	at android.os.HandlerThread.run(HandlerThread.java:67)
07-25 21:53:06.636 15455 15455 E MQSEventManagerDelegate: failed to get MQSService.
07-25 21:53:06.657 15455 15455 E ForceDarkHelperStubImpl: getForceDarkOriginState transact failed , mService: null
07-25 21:53:07.013 15275 15275 E MiuiMultiWindowUtils: initFreeFormResolutionArgs failed, device is lime
07-25 21:53:11.353  1708  4325 E TaskPersister: File error accessing recents directory (directory doesn't exist?).
07-25 21:53:25.095  1708  4325 E TaskPersister: File error accessing recents directory (directory doesn't exist?).
07-25 21:53:29.595  1708  4325 E TaskPersister: File error accessing recents directory (directory doesn't exist?).
07-25 21:54:35.960  1708  2044 E WindowManager: Error: package name null
07-25 21:54:35.995  1708  2044 E WindowManager: Error: package name null
07-25 21:54:36.451  1708  4325 E TaskPersister: File error accessing recents directory (directory doesn't exist?).
07-25 21:54:36.540  1708  2125 E KernelCpuUidActiveTimeReader: Negative delta from active time for uid: 10072, delta: -8
07-25 21:54:36.540  1708  2125 E KernelCpuUidActiveTimeReader: Negative delta from active time for uid: 10216, delta: -14
07-25 21:54:36.540  1708  2125 E KernelCpuUidActiveTimeReader: Negative delta from active time for uid: 10093, delta: -18
07-25 21:54:36.541  1708  2125 E KernelCpuUidActiveTimeReader: Negative delta from active time for uid: 10169, delta: -5
07-25 21:54:36.541  1708  2125 E KernelCpuUidActiveTimeReader: Negative delta from active time for uid: 10232, delta: -34
07-25 21:54:36.541  1708  2125 E KernelCpuUidActiveTimeReader: Negative delta from active time for uid: 10219, delta: -15
07-25 21:54:36.541  1708  2125 E KernelCpuUidActiveTimeReader: Negative delta from active time for uid: 10154, delta: -16
07-25 21:54:36.541  1708  2125 E KernelCpuUidActiveTimeReader: Negative delta from active time for uid: 10060, delta: -1
07-25 21:54:36.541  1708  2125 E KernelCpuUidActiveTimeReader: Negative delta from active time for uid: 10170, delta: -13
07-25 21:54:36.541  1708  2125 E KernelCpuUidActiveTimeReader: Negative delta from active time for uid: 10173, delta: -11
07-25 21:54:36.541  1708  2125 E KernelCpuUidActiveTimeReader: Negative delta from active time for uid: 10129, delta: -11
07-25 21:54:36.989  1708  4325 E TaskPersister: File error accessing recents directory (directory doesn't exist?).
07-25 21:54:41.362  1708  4325 E TaskPersister: File error accessing recents directory (directory doesn't exist?).
07-25 21:54:43.018 16295 16295 E MiuiMultiWindowUtils: initFreeFormResolutionArgs failed, device is lime
07-25 21:54:43.660  1708  2445 E AppOps  : checkOperation
07-25 21:54:43.660  1708  2445 E AppOps  : java.lang.SecurityException: Specified package com.android.chrome under uid 90000 but it is not
07-25 21:54:43.660  1708  2445 E AppOps  : 	at com.android.server.appop.AppOpsService.verifyAndGetBypass(AppOpsService.java:4796)
07-25 21:54:43.660  1708  2445 E AppOps  : 	at com.android.server.appop.AppOpsService.verifyAndGetBypass(AppOpsService.java:4688)
07-25 21:54:43.660  1708  2445 E AppOps  : 	at com.android.server.appop.AppOpsService.checkOperationUnchecked(AppOpsService.java:3277)
07-25 21:54:43.660  1708  2445 E AppOps  : 	at com.android.server.appop.AppOpsService.checkOperationImpl(AppOpsService.java:3260)
07-25 21:54:43.660  1708  2445 E AppOps  : 	at com.android.server.appop.AppOpsService.access$3700(AppOpsService.java:221)
07-25 21:54:43.660  1708  2445 E AppOps  : 	at com.android.server.appop.AppOpsService$CheckOpsDelegateDispatcher.lambda$checkOperation$0(AppOpsService.java:7689)
07-25 21:54:43.660  1708  2445 E AppOps  : 	at com.android.server.appop.AppOpsService$CheckOpsDelegateDispatcher$$ExternalSyntheticLambda17.apply(Unknown Source:25)
07-25 21:54:43.660  1708  2445 E AppOps  : 	at com.android.server.policy.AppOpsPolicy.checkOperation(AppOpsPolicy.java:205)
07-25 21:54:43.660  1708  2445 E AppOps  : 	at com.android.server.appop.AppOpsService$CheckOpsDelegateDispatcher.checkOperation(AppOpsService.java:7688)
07-25 21:54:43.660  1708  2445 E AppOps  : 	at com.android.server.appop.AppOpsService.checkOperation(AppOpsService.java:3247)
07-25 21:54:43.660  1708  2445 E AppOps  : 	at android.app.AppOpsManager.checkOpNoThrow(AppOpsManager.java:8747)
07-25 21:54:43.660  1708  2445 E AppOps  : 	at android.miui.AppOpsUtils.getApplicationAutoStart(AppOpsUtils.java:84)
07-25 21:54:43.660  1708  2445 E AppOps  : 	at com.android.server.am.AppStateManager$AppState$RunningProcess$1.run(AppStateManager.java:1484)
07-25 21:54:43.660  1708  2445 E AppOps  : 	at android.os.Handler.handleCallback(Handler.java:938)
07-25 21:54:43.660  1708  2445 E AppOps  : 	at android.os.Handler.dispatchMessage(Handler.java:99)
07-25 21:54:43.660  1708  2445 E AppOps  : 	at android.os.Looper.loopOnce(Looper.java:211)
07-25 21:54:43.660  1708  2445 E AppOps  : 	at android.os.Looper.loop(Looper.java:300)
07-25 21:54:43.660  1708  2445 E AppOps  : 	at android.os.HandlerThread.run(HandlerThread.java:67)
07-25 21:54:43.670 16369 16369 E MQSEventManagerDelegate: failed to get MQSService.
07-25 21:54:43.696 16369 16369 E ForceDarkHelperStubImpl: getForceDarkOriginState transact failed , mService: null
07-25 21:54:46.024  1708  4325 E TaskPersister: File error accessing recents directory (directory doesn't exist?).
07-25 21:54:58.387  1708  2445 E AppOps  : checkOperation
07-25 21:54:58.387  1708  2445 E AppOps  : java.lang.SecurityException: Specified package com.android.chrome under uid 90001 but it is not
07-25 21:54:58.387  1708  2445 E AppOps  : 	at com.android.server.appop.AppOpsService.verifyAndGetBypass(AppOpsService.java:4796)
07-25 21:54:58.387  1708  2445 E AppOps  : 	at com.android.server.appop.AppOpsService.verifyAndGetBypass(AppOpsService.java:4688)
07-25 21:54:58.387  1708  2445 E AppOps  : 	at com.android.server.appop.AppOpsService.checkOperationUnchecked(AppOpsService.java:3277)
07-25 21:54:58.387  1708  2445 E AppOps  : 	at com.android.server.appop.AppOpsService.checkOperationImpl(AppOpsService.java:3260)
07-25 21:54:58.387  1708  2445 E AppOps  : 	at com.android.server.appop.AppOpsService.access$3700(AppOpsService.java:221)
07-25 21:54:58.387  1708  2445 E AppOps  : 	at com.android.server.appop.AppOpsService$CheckOpsDelegateDispatcher.lambda$checkOperation$0(AppOpsService.java:7689)
07-25 21:54:58.387  1708  2445 E AppOps  : 	at com.android.server.appop.AppOpsService$CheckOpsDelegateDispatcher$$ExternalSyntheticLambda17.apply(Unknown Source:25)
07-25 21:54:58.387  1708  2445 E AppOps  : 	at com.android.server.policy.AppOpsPolicy.checkOperation(AppOpsPolicy.java:205)
07-25 21:54:58.387  1708  2445 E AppOps  : 	at com.android.server.appop.AppOpsService$CheckOpsDelegateDispatcher.checkOperation(AppOpsService.java:7688)
07-25 21:54:58.387  1708  2445 E AppOps  : 	at com.android.server.appop.AppOpsService.checkOperation(AppOpsService.java:3247)
07-25 21:54:58.387  1708  2445 E AppOps  : 	at android.app.AppOpsManager.checkOpNoThrow(AppOpsManager.java:8747)
07-25 21:54:58.387  1708  2445 E AppOps  : 	at android.miui.AppOpsUtils.getApplicationAutoStart(AppOpsUtils.java:84)
07-25 21:54:58.387  1708  2445 E AppOps  : 	at com.android.server.am.AppStateManager$AppState$RunningProcess$1.run(AppStateManager.java:1484)
07-25 21:54:58.387  1708  2445 E AppOps  : 	at android.os.Handler.handleCallback(Handler.java:938)
07-25 21:54:58.387  1708  2445 E AppOps  : 	at android.os.Handler.dispatchMessage(Handler.java:99)
07-25 21:54:58.387  1708  2445 E AppOps  : 	at android.os.Looper.loopOnce(Looper.java:211)
07-25 21:54:58.387  1708  2445 E AppOps  : 	at android.os.Looper.loop(Looper.java:300)
07-25 21:54:58.387  1708  2445 E AppOps  : 	at android.os.HandlerThread.run(HandlerThread.java:67)
07-25 21:54:58.417 16627 16627 E MQSEventManagerDelegate: failed to get MQSService.
07-25 21:54:58.544 16627 16627 E ForceDarkHelperStubImpl: getForceDarkOriginState transact failed , mService: null
07-25 21:55:38.455  1708  2125 E KernelCpuUidActiveTimeReader: Negative delta from active time for uid: 10072, delta: -8
07-25 21:55:38.455  1708  2125 E KernelCpuUidActiveTimeReader: Negative delta from active time for uid: 10216, delta: -14
07-25 21:55:38.455  1708  2125 E KernelCpuUidActiveTimeReader: Negative delta from active time for uid: 10093, delta: -18
07-25 21:55:38.455  1708  2125 E KernelCpuUidActiveTimeReader: Negative delta from active time for uid: 10169, delta: -5
07-25 21:55:38.455  1708  2125 E KernelCpuUidActiveTimeReader: Negative delta from active time for uid: 10232, delta: -34
07-25 21:55:38.455  1708  2125 E KernelCpuUidActiveTimeReader: Negative delta from active time for uid: 10219, delta: -15
07-25 21:55:38.455  1708  2125 E KernelCpuUidActiveTimeReader: Negative delta from active time for uid: 10154, delta: -16
07-25 21:55:38.456  1708  2125 E KernelCpuUidActiveTimeReader: Negative delta from active time for uid: 10060, delta: -1
07-25 21:55:38.456  1708  2125 E KernelCpuUidActiveTimeReader: Negative delta from active time for uid: 10170, delta: -13
07-25 21:55:38.456  1708  2125 E KernelCpuUidActiveTimeReader: Negative delta from active time for uid: 10173, delta: -11
07-25 21:55:38.456  1708  2125 E KernelCpuUidActiveTimeReader: Negative delta from active time for uid: 10129, delta: -11
07-25 21:55:52.197  1708  2125 E KernelCpuUidActiveTimeReader: Negative delta from active time for uid: 10072, delta: -8
07-25 21:55:52.197  1708  2125 E KernelCpuUidActiveTimeReader: Negative delta from active time for uid: 10216, delta: -14
