07-25 22:27:37.255  6010  6352 E KernelRpmStatsReader: 	at android.os.HandlerThread.run(HandlerThread.java:67)
07-25 22:27:37.255  6010  6352 E KernelRpmStatsReader: Caused by: android.system.ErrnoException: open failed: EACCES (Permission denied)
07-25 22:27:37.255  6010  6352 E KernelRpmStatsReader: 	at libcore.io.Linux.open(Native Method)
07-25 22:27:37.255  6010  6352 E KernelRpmStatsReader: 	at libcore.io.ForwardingOs.open(ForwardingOs.java:563)
07-25 22:27:37.255  6010  6352 E KernelRpmStatsReader: 	at libcore.io.BlockGuardOs.open(BlockGuardOs.java:274)
07-25 22:27:37.255  6010  6352 E KernelRpmStatsReader: 	at libcore.io.ForwardingOs.open(ForwardingOs.java:563)
07-25 22:27:37.255  6010  6352 E KernelRpmStatsReader: 	at android.app.ActivityThread$AndroidOs.open(ActivityThread.java:8192)
07-25 22:27:37.255  6010  6352 E KernelRpmStatsReader: 	at libcore.io.IoBridge.open(IoBridge.java:560)
07-25 22:27:37.255  6010  6352 E KernelRpmStatsReader: 	... 13 more
07-25 22:28:42.912  1708  2044 E WindowManager: Error: package name null
07-25 22:28:42.943  1708  2044 E WindowManager: Error: package name null
07-25 22:28:43.561  1708  4325 E TaskPersister: File error accessing recents directory (directory doesn't exist?).
07-25 22:28:43.743  1708  2125 E KernelCpuUidActiveTimeReader: Negative delta from active time for uid: 10072, delta: -8
07-25 22:28:43.743  1708  2125 E KernelCpuUidActiveTimeReader: Negative delta from active time for uid: 10216, delta: -14
07-25 22:28:43.743  1708  2125 E KernelCpuUidActiveTimeReader: Negative delta from active time for uid: 10093, delta: -18
07-25 22:28:43.743  1708  2125 E KernelCpuUidActiveTimeReader: Negative delta from active time for uid: 10169, delta: -5
07-25 22:28:43.744  1708  2125 E KernelCpuUidActiveTimeReader: Negative delta from active time for uid: 10232, delta: -34
07-25 22:28:43.744  1708  2125 E KernelCpuUidActiveTimeReader: Negative delta from active time for uid: 10219, delta: -15
07-25 22:28:43.744  1708  2125 E KernelCpuUidActiveTimeReader: Negative delta from active time for uid: 10154, delta: -16
07-25 22:28:43.744  1708  2125 E KernelCpuUidActiveTimeReader: Negative delta from active time for uid: 10060, delta: -1
07-25 22:28:43.744  1708  2125 E KernelCpuUidActiveTimeReader: Negative delta from active time for uid: 10170, delta: -13
07-25 22:28:43.744  1708  2125 E KernelCpuUidActiveTimeReader: Negative delta from active time for uid: 10173, delta: -11
07-25 22:28:43.744  1708  2125 E KernelCpuUidActiveTimeReader: Negative delta from active time for uid: 10129, delta: -11
07-25 22:28:43.791 29049 29049 E MiuiMultiWindowUtils: initFreeFormResolutionArgs failed, device is lime
07-25 22:28:45.168 25577 25577 E MiuiMultiWindowUtils: initFreeFormResolutionArgs failed, device is lime
07-25 22:28:47.722  1708  4325 E TaskPersister: File error accessing recents directory (directory doesn't exist?).
07-25 22:28:49.610  1708  4325 E TaskPersister: File error accessing recents directory (directory doesn't exist?).
07-25 22:28:49.691  1708  4325 E TaskPersister: File error accessing recents directory (directory doesn't exist?).
07-25 22:28:53.728  1708  4325 E TaskPersister: File error accessing recents directory (directory doesn't exist?).
07-25 22:28:54.290  1708  2044 E WindowManager: Error: package name null
07-25 22:28:54.326  1708  2044 E WindowManager: Error: package name null
07-25 22:28:54.893  1708  4325 E TaskPersister: File error accessing recents directory (directory doesn't exist?).
07-25 22:28:55.771  1708  1776 E PackageDexUsage: Unsupported context?
07-25 22:28:57.955  1708  4325 E TaskPersister: File error accessing recents directory (directory doesn't exist?).
07-25 22:28:58.478  1708  2125 E KernelCpuUidActiveTimeReader: Negative delta from active time for uid: 10072, delta: -8
07-25 22:28:58.478  1708  2125 E KernelCpuUidActiveTimeReader: Negative delta from active time for uid: 10216, delta: -14
07-25 22:28:58.479  1708  2125 E KernelCpuUidActiveTimeReader: Negative delta from active time for uid: 10093, delta: -18
07-25 22:28:58.479  1708  2125 E KernelCpuUidActiveTimeReader: Negative delta from active time for uid: 10169, delta: -5
07-25 22:28:58.479  1708  2125 E KernelCpuUidActiveTimeReader: Negative delta from active time for uid: 10232, delta: -34
07-25 22:28:58.479  1708  2125 E KernelCpuUidActiveTimeReader: Negative delta from active time for uid: 10219, delta: -15
07-25 22:28:58.479  1708  2125 E KernelCpuUidActiveTimeReader: Negative delta from active time for uid: 10154, delta: -16
07-25 22:28:58.479  1708  2125 E KernelCpuUidActiveTimeReader: Negative delta from active time for uid: 10060, delta: -1
07-25 22:28:58.479  1708  2125 E KernelCpuUidActiveTimeReader: Negative delta from active time for uid: 10170, delta: -13
07-25 22:28:58.479  1708  2125 E KernelCpuUidActiveTimeReader: Negative delta from active time for uid: 10173, delta: -11
07-25 22:28:58.479  1708  2125 E KernelCpuUidActiveTimeReader: Negative delta from active time for uid: 10129, delta: -11
07-25 22:29:12.460  1708  2125 E KernelCpuUidActiveTimeReader: Negative delta from active time for uid: 10072, delta: -8
07-25 22:29:12.460  1708  2125 E KernelCpuUidActiveTimeReader: Negative delta from active time for uid: 10216, delta: -14
07-25 22:29:12.460  1708  2125 E KernelCpuUidActiveTimeReader: Negative delta from active time for uid: 10093, delta: -18
07-25 22:29:12.460  1708  2125 E KernelCpuUidActiveTimeReader: Negative delta from active time for uid: 10169, delta: -5
07-25 22:29:12.460  1708  2125 E KernelCpuUidActiveTimeReader: Negative delta from active time for uid: 10232, delta: -34
07-25 22:29:12.460  1708  2125 E KernelCpuUidActiveTimeReader: Negative delta from active time for uid: 10219, delta: -15
07-25 22:29:12.461  1708  2125 E KernelCpuUidActiveTimeReader: Negative delta from active time for uid: 10154, delta: -16
07-25 22:29:12.461  1708  2125 E KernelCpuUidActiveTimeReader: Negative delta from active time for uid: 10060, delta: -1
07-25 22:29:12.461  1708  2125 E KernelCpuUidActiveTimeReader: Negative delta from active time for uid: 10170, delta: -13
07-25 22:29:12.462  1708  2125 E KernelCpuUidActiveTimeReader: Negative delta from active time for uid: 10173, delta: -11
07-25 22:29:12.462  1708  2125 E KernelCpuUidActiveTimeReader: Negative delta from active time for uid: 10129, delta: -11
07-25 22:29:13.872 30506 30552 E ActivityThread: Failed to find provider info for com.miui.personalassistant.widget.external
07-25 22:29:18.502  2884  2884 E miui_keyguard_password: checkPasswordForUsers onChecked; result = true, mUserIdMatched = 0, mUserIdLocked: 0, mThrottleTimeout = 0
07-25 22:29:21.201 30776 30776 E MiuiMultiWindowUtils: initFreeFormResolutionArgs failed, device is lime
07-25 22:29:23.624  1708  4325 E TaskPersister: File error accessing recents directory (directory doesn't exist?).
07-25 22:29:24.743  1708  2044 E WindowManager: Error: package name null
07-25 22:29:25.348  1708  4325 E TaskPersister: File error accessing recents directory (directory doesn't exist?).
07-25 22:29:25.529  1708  3176 E PackageDexUsage: Unsupported context?
07-25 22:29:26.346  1708  2125 E KernelCpuUidActiveTimeReader: Negative delta from active time for uid: 10072, delta: -8
07-25 22:29:26.346  1708  2125 E KernelCpuUidActiveTimeReader: Negative delta from active time for uid: 10216, delta: -14
07-25 22:29:26.346  1708  2125 E KernelCpuUidActiveTimeReader: Negative delta from active time for uid: 10093, delta: -18
07-25 22:29:26.346  1708  2125 E KernelCpuUidActiveTimeReader: Negative delta from active time for uid: 10169, delta: -5
07-25 22:29:26.346  1708  2125 E KernelCpuUidActiveTimeReader: Negative delta from active time for uid: 10232, delta: -34
07-25 22:29:26.346  1708  2125 E KernelCpuUidActiveTimeReader: Negative delta from active time for uid: 10219, delta: -15
07-25 22:29:26.346  1708  2125 E KernelCpuUidActiveTimeReader: Negative delta from active time for uid: 10154, delta: -16
07-25 22:29:26.346  1708  2125 E KernelCpuUidActiveTimeReader: Negative delta from active time for uid: 10060, delta: -1
07-25 22:29:26.346  1708  2125 E KernelCpuUidActiveTimeReader: Negative delta from active time for uid: 10170, delta: -13
07-25 22:29:26.346  1708  2125 E KernelCpuUidActiveTimeReader: Negative delta from active time for uid: 10173, delta: -11
07-25 22:29:26.346  1708  2125 E KernelCpuUidActiveTimeReader: Negative delta from active time for uid: 10129, delta: -11
07-25 22:29:28.643  1708  4325 E TaskPersister: File error accessing recents directory (directory doesn't exist?).
07-25 22:31:28.363  1708  2125 E KernelCpuUidActiveTimeReader: Negative delta from active time for uid: 10072, delta: -8
07-25 22:31:28.363  1708  2125 E KernelCpuUidActiveTimeReader: Negative delta from active time for uid: 10216, delta: -14
07-25 22:31:28.363  1708  2125 E KernelCpuUidActiveTimeReader: Negative delta from active time for uid: 10093, delta: -18
07-25 22:31:28.363  1708  2125 E KernelCpuUidActiveTimeReader: Negative delta from active time for uid: 10169, delta: -5
07-25 22:31:28.363  1708  2125 E KernelCpuUidActiveTimeReader: Negative delta from active time for uid: 10232, delta: -34
07-25 22:31:28.363  1708  2125 E KernelCpuUidActiveTimeReader: Negative delta from active time for uid: 10219, delta: -15
07-25 22:31:28.363  1708  2125 E KernelCpuUidActiveTimeReader: Negative delta from active time for uid: 10154, delta: -16
07-25 22:31:28.363  1708  2125 E KernelCpuUidActiveTimeReader: Negative delta from active time for uid: 10060, delta: -1
07-25 22:31:28.363  1708  2125 E KernelCpuUidActiveTimeReader: Negative delta from active time for uid: 10170, delta: -13
07-25 22:31:28.363  1708  2125 E KernelCpuUidActiveTimeReader: Negative delta from active time for uid: 10173, delta: -11
07-25 22:31:28.363  1708  2125 E KernelCpuUidActiveTimeReader: Negative delta from active time for uid: 10129, delta: -11
07-25 22:45:01.145 31028 31077 E ActivityThread: Failed to find provider info for com.mi.health.provider.main
07-25 22:45:02.257 31392 31392 E MiuiMultiWindowUtils: initFreeFormResolutionArgs failed, device is lime
07-25 22:45:03.017 31472 31487 E ActivityThread: Failed to find provider info for com.miui.personalassistant.widget.external
07-25 22:48:29.223  1708  2125 E KernelCpuUidActiveTimeReader: Negative delta from active time for uid: 10072, delta: -8
07-25 22:48:29.223  1708  2125 E KernelCpuUidActiveTimeReader: Negative delta from active time for uid: 10216, delta: -14
07-25 22:48:29.223  1708  2125 E KernelCpuUidActiveTimeReader: Negative delta from active time for uid: 10093, delta: -18
07-25 22:48:29.224  1708  2125 E KernelCpuUidActiveTimeReader: Negative delta from active time for uid: 10169, delta: -5
07-25 22:48:29.224  1708  2125 E KernelCpuUidActiveTimeReader: Negative delta from active time for uid: 10232, delta: -34
07-25 22:48:29.224  1708  2125 E KernelCpuUidActiveTimeReader: Negative delta from active time for uid: 10219, delta: -15
07-25 22:48:29.224  1708  2125 E KernelCpuUidActiveTimeReader: Negative delta from active time for uid: 10154, delta: -16
07-25 22:48:29.224  1708  2125 E KernelCpuUidActiveTimeReader: Negative delta from active time for uid: 10060, delta: -1
07-25 22:48:29.224  1708  2125 E KernelCpuUidActiveTimeReader: Negative delta from active time for uid: 10170, delta: -13
07-25 22:48:29.224  1708  2125 E KernelCpuUidActiveTimeReader: Negative delta from active time for uid: 10173, delta: -11
07-25 22:48:29.224  1708  2125 E KernelCpuUidActiveTimeReader: Negative delta from active time for uid: 10129, delta: -11
07-25 23:00:35.195  1708  2338 E AlarmManager: Attempt to decrement existing alarm count 0 by 1 for uid 1000
07-25 23:00:54.440  1708  2125 E KernelCpuUidActiveTimeReader: Negative delta from active time for uid: 10072, delta: -8
07-25 23:00:54.440  1708  2125 E KernelCpuUidActiveTimeReader: Negative delta from active time for uid: 10216, delta: -14
07-25 23:00:54.440  1708  2125 E KernelCpuUidActiveTimeReader: Negative delta from active time for uid: 10093, delta: -18
07-25 23:00:54.440  1708  2125 E KernelCpuUidActiveTimeReader: Negative delta from active time for uid: 10169, delta: -5
07-25 23:00:54.440  1708  2125 E KernelCpuUidActiveTimeReader: Negative delta from active time for uid: 10232, delta: -34
07-25 23:00:54.440  1708  2125 E KernelCpuUidActiveTimeReader: Negative delta from active time for uid: 10219, delta: -15
07-25 23:00:54.440  1708  2125 E KernelCpuUidActiveTimeReader: Negative delta from active time for uid: 10154, delta: -16
07-25 23:00:54.440  1708  2125 E KernelCpuUidActiveTimeReader: Negative delta from active time for uid: 10060, delta: -1
07-25 23:00:54.440  1708  2125 E KernelCpuUidActiveTimeReader: Negative delta from active time for uid: 10170, delta: -13
07-25 23:00:54.441  1708  2125 E KernelCpuUidActiveTimeReader: Negative delta from active time for uid: 10173, delta: -11
07-25 23:00:54.441  1708  2125 E KernelCpuUidActiveTimeReader: Negative delta from active time for uid: 10129, delta: -11
07-25 23:16:01.172  1708  2125 E KernelCpuUidActiveTimeReader: Negative delta from active time for uid: 10072, delta: -8
07-25 23:16:01.172  1708  2125 E KernelCpuUidActiveTimeReader: Negative delta from active time for uid: 10216, delta: -14
07-25 23:16:01.172  1708  2125 E KernelCpuUidActiveTimeReader: Negative delta from active time for uid: 10093, delta: -18
07-25 23:16:01.172  1708  2125 E KernelCpuUidActiveTimeReader: Negative delta from active time for uid: 10169, delta: -5
07-25 23:16:01.172  1708  2125 E KernelCpuUidActiveTimeReader: Negative delta from active time for uid: 10232, delta: -34
07-25 23:16:01.172  1708  2125 E KernelCpuUidActiveTimeReader: Negative delta from active time for uid: 10219, delta: -15
07-25 23:16:01.173  1708  2125 E KernelCpuUidActiveTimeReader: Negative delta from active time for uid: 10154, delta: -16
07-25 23:16:01.173  1708  2125 E KernelCpuUidActiveTimeReader: Negative delta from active time for uid: 10060, delta: -1
07-25 23:16:01.173  1708  2125 E KernelCpuUidActiveTimeReader: Negative delta from active time for uid: 10170, delta: -13
07-25 23:16:01.173  1708  2125 E KernelCpuUidActiveTimeReader: Negative delta from active time for uid: 10173, delta: -11
07-25 23:16:01.173  1708  2125 E KernelCpuUidActiveTimeReader: Negative delta from active time for uid: 10129, delta: -11
07-25 23:16:04.243  1708  1708 E JobScheduler.Concurrency: Error executing JobStatus{f2ba523 #u0a252/-2147483477 com.linkedin.android/androidx.work.impl.background.systemjob.SystemJobService u=0 s=10252 TIME=-21m6s773ms:none READY}
07-25 23:16:04.245  1708  1708 E JobScheduler.Concurrency: Error executing JobStatus{2127207 #u0a281/31468 com.flipkart.android/androidx.work.impl.background.systemjob.SystemJobService u=0 s=10281 BATNOTLOW IDLE READY}
07-25 23:38:43.108  1708  2125 E KernelCpuUidActiveTimeReader: Negative delta from active time for uid: 10072, delta: -8
07-25 23:38:43.108  1708  2125 E KernelCpuUidActiveTimeReader: Negative delta from active time for uid: 10216, delta: -14
07-25 23:38:43.108  1708  2125 E KernelCpuUidActiveTimeReader: Negative delta from active time for uid: 10093, delta: -18
07-25 23:38:43.108  1708  2125 E KernelCpuUidActiveTimeReader: Negative delta from active time for uid: 10169, delta: -5
07-25 23:38:43.108  1708  2125 E KernelCpuUidActiveTimeReader: Negative delta from active time for uid: 10232, delta: -34
07-25 23:38:43.108  1708  2125 E KernelCpuUidActiveTimeReader: Negative delta from active time for uid: 10219, delta: -15
07-25 23:38:43.108  1708  2125 E KernelCpuUidActiveTimeReader: Negative delta from active time for uid: 10154, delta: -16
07-25 23:38:43.108  1708  2125 E KernelCpuUidActiveTimeReader: Negative delta from active time for uid: 10060, delta: -1
07-25 23:38:43.108  1708  2125 E KernelCpuUidActiveTimeReader: Negative delta from active time for uid: 10170, delta: -13
07-25 23:38:43.108  1708  2125 E KernelCpuUidActiveTimeReader: Negative delta from active time for uid: 10173, delta: -11
07-25 23:38:43.109  1708  2125 E KernelCpuUidActiveTimeReader: Negative delta from active time for uid: 10129, delta: -11
07-26 00:00:01.061  1708  2125 E KernelCpuUidActiveTimeReader: Negative delta from active time for uid: 10072, delta: -8
07-26 00:00:01.061  1708  2125 E KernelCpuUidActiveTimeReader: Negative delta from active time for uid: 10216, delta: -14
07-26 00:00:01.061  1708  2125 E KernelCpuUidActiveTimeReader: Negative delta from active time for uid: 10093, delta: -18
07-26 00:00:01.061  1708  2125 E KernelCpuUidActiveTimeReader: Negative delta from active time for uid: 10169, delta: -5
07-26 00:00:01.061  1708  2125 E KernelCpuUidActiveTimeReader: Negative delta from active time for uid: 10232, delta: -34
07-26 00:00:01.061  1708  2125 E KernelCpuUidActiveTimeReader: Negative delta from active time for uid: 10219, delta: -15
07-26 00:00:01.062  1708  2125 E KernelCpuUidActiveTimeReader: Negative delta from active time for uid: 10154, delta: -16
07-26 00:00:01.062  1708  2125 E KernelCpuUidActiveTimeReader: Negative delta from active time for uid: 10060, delta: -1
07-26 00:00:01.062  1708  2125 E KernelCpuUidActiveTimeReader: Negative delta from active time for uid: 10170, delta: -13
07-26 00:00:01.062  1708  2125 E KernelCpuUidActiveTimeReader: Negative delta from active time for uid: 10173, delta: -11
07-26 00:00:01.062  1708  2125 E KernelCpuUidActiveTimeReader: Negative delta from active time for uid: 10129, delta: -11
07-26 00:00:26.525  1708  2125 E KernelCpuUidActiveTimeReader: Negative delta from active time for uid: 10072, delta: -8
07-26 00:00:26.525  1708  2125 E KernelCpuUidActiveTimeReader: Negative delta from active time for uid: 10216, delta: -14
07-26 00:00:26.525  1708  2125 E KernelCpuUidActiveTimeReader: Negative delta from active time for uid: 10093, delta: -18
07-26 00:00:26.525  1708  2125 E KernelCpuUidActiveTimeReader: Negative delta from active time for uid: 10169, delta: -5
07-26 00:00:26.525  1708  2125 E KernelCpuUidActiveTimeReader: Negative delta from active time for uid: 10232, delta: -34
07-26 00:00:26.525  1708  2125 E KernelCpuUidActiveTimeReader: Negative delta from active time for uid: 10219, delta: -15
07-26 00:00:26.526  1708  2125 E KernelCpuUidActiveTimeReader: Negative delta from active time for uid: 10154, delta: -16
07-26 00:00:26.526  1708  2125 E KernelCpuUidActiveTimeReader: Negative delta from active time for uid: 10060, delta: -1
07-26 00:00:26.526  1708  2125 E KernelCpuUidActiveTimeReader: Negative delta from active time for uid: 10170, delta: -13
07-26 00:00:26.526  1708  2125 E KernelCpuUidActiveTimeReader: Negative delta from active time for uid: 10173, delta: -11
07-26 00:00:26.526  1708  2125 E KernelCpuUidActiveTimeReader: Negative delta from active time for uid: 10129, delta: -11
07-26 00:00:50.224   810   858 E ActivityThread: Failed to find provider info for com.facebook.appmanager.nekodirect
07-26 00:00:54.918  1708  4452 E ShortcutService: Invalid icon type in shortcut 918075652273@s.whatsapp.net. Bitmaps are not allowed in long-lived shortcuts. Use Resource icons, or Uri-based icons instead.
07-26 00:04:03.290  1708  2125 E KernelCpuUidActiveTimeReader: Negative delta from active time for uid: 10072, delta: -8
07-26 00:04:03.290  1708  2125 E KernelCpuUidActiveTimeReader: Negative delta from active time for uid: 10216, delta: -14
07-26 00:04:03.290  1708  2125 E KernelCpuUidActiveTimeReader: Negative delta from active time for uid: 10093, delta: -18
07-26 00:04:03.290  1708  2125 E KernelCpuUidActiveTimeReader: Negative delta from active time for uid: 10169, delta: -5
07-26 00:04:03.290  1708  2125 E KernelCpuUidActiveTimeReader: Negative delta from active time for uid: 10232, delta: -34
07-26 00:04:03.291  1708  2125 E KernelCpuUidActiveTimeReader: Negative delta from active time for uid: 10219, delta: -15
07-26 00:04:03.291  1708  2125 E KernelCpuUidActiveTimeReader: Negative delta from active time for uid: 10154, delta: -16
07-26 00:04:03.291  1708  2125 E KernelCpuUidActiveTimeReader: Negative delta from active time for uid: 10060, delta: -1
07-26 00:04:03.291  1708  2125 E KernelCpuUidActiveTimeReader: Negative delta from active time for uid: 10170, delta: -13
07-26 00:04:03.291  1708  2125 E KernelCpuUidActiveTimeReader: Negative delta from active time for uid: 10173, delta: -11
07-26 00:04:03.291  1708  2125 E KernelCpuUidActiveTimeReader: Negative delta from active time for uid: 10129, delta: -11
07-26 00:05:05.803  1708  2125 E KernelCpuUidActiveTimeReader: Negative delta from active time for uid: 10072, delta: -8
07-26 00:05:05.804  1708  2125 E KernelCpuUidActiveTimeReader: Negative delta from active time for uid: 10216, delta: -14
07-26 00:05:05.804  1708  2125 E KernelCpuUidActiveTimeReader: Negative delta from active time for uid: 10093, delta: -18
07-26 00:05:05.804  1708  2125 E KernelCpuUidActiveTimeReader: Negative delta from active time for uid: 10169, delta: -5
07-26 00:05:05.804  1708  2125 E KernelCpuUidActiveTimeReader: Negative delta from active time for uid: 10232, delta: -34
07-26 00:05:05.804  1708  2125 E KernelCpuUidActiveTimeReader: Negative delta from active time for uid: 10219, delta: -15
07-26 00:05:05.804  1708  2125 E KernelCpuUidActiveTimeReader: Negative delta from active time for uid: 10154, delta: -16
07-26 00:05:05.804  1708  2125 E KernelCpuUidActiveTimeReader: Negative delta from active time for uid: 10060, delta: -1
07-26 00:05:05.804  1708  2125 E KernelCpuUidActiveTimeReader: Negative delta from active time for uid: 10170, delta: -13
07-26 00:05:05.804  1708  2125 E KernelCpuUidActiveTimeReader: Negative delta from active time for uid: 10173, delta: -11
07-26 00:05:05.805  1708  2125 E KernelCpuUidActiveTimeReader: Negative delta from active time for uid: 10129, delta: -11
07-26 00:06:05.480  1708  4543 E PackageDexUsage: Unsupported context?
07-26 00:18:11.773  1708  2125 E KernelCpuUidActiveTimeReader: Negative delta from active time for uid: 10072, delta: -8
07-26 00:18:11.773  1708  2125 E KernelCpuUidActiveTimeReader: Negative delta from active time for uid: 10216, delta: -14
07-26 00:18:11.773  1708  2125 E KernelCpuUidActiveTimeReader: Negative delta from active time for uid: 10093, delta: -18
07-26 00:18:11.773  1708  2125 E KernelCpuUidActiveTimeReader: Negative delta from active time for uid: 10169, delta: -5
07-26 00:18:11.773  1708  2125 E KernelCpuUidActiveTimeReader: Negative delta from active time for uid: 10232, delta: -34
07-26 00:18:11.773  1708  2125 E KernelCpuUidActiveTimeReader: Negative delta from active time for uid: 10219, delta: -15
07-26 00:18:11.773  1708  2125 E KernelCpuUidActiveTimeReader: Negative delta from active time for uid: 10154, delta: -16
07-26 00:18:11.774  1708  2125 E KernelCpuUidActiveTimeReader: Negative delta from active time for uid: 10060, delta: -1
07-26 00:18:11.774  1708  2125 E KernelCpuUidActiveTimeReader: Negative delta from active time for uid: 10170, delta: -13
07-26 00:18:11.774  1708  2125 E KernelCpuUidActiveTimeReader: Negative delta from active time for uid: 10173, delta: -11
07-26 00:18:11.774  1708  2125 E KernelCpuUidActiveTimeReader: Negative delta from active time for uid: 10129, delta: -11
07-26 00:35:12.162  1708  2125 E KernelCpuUidActiveTimeReader: Negative delta from active time for uid: 10072, delta: -8
07-26 00:35:12.162  1708  2125 E KernelCpuUidActiveTimeReader: Negative delta from active time for uid: 10216, delta: -14
07-26 00:35:12.162  1708  2125 E KernelCpuUidActiveTimeReader: Negative delta from active time for uid: 10093, delta: -18
07-26 00:35:12.162  1708  2125 E KernelCpuUidActiveTimeReader: Negative delta from active time for uid: 10169, delta: -5
07-26 00:35:12.162  1708  2125 E KernelCpuUidActiveTimeReader: Negative delta from active time for uid: 10232, delta: -34
07-26 00:35:12.162  1708  2125 E KernelCpuUidActiveTimeReader: Negative delta from active time for uid: 10219, delta: -15
07-26 00:35:12.163  1708  2125 E KernelCpuUidActiveTimeReader: Negative delta from active time for uid: 10154, delta: -16
07-26 00:35:12.163  1708  2125 E KernelCpuUidActiveTimeReader: Negative delta from active time for uid: 10060, delta: -1
07-26 00:35:12.163  1708  2125 E KernelCpuUidActiveTimeReader: Negative delta from active time for uid: 10170, delta: -13
07-26 00:35:12.163  1708  2125 E KernelCpuUidActiveTimeReader: Negative delta from active time for uid: 10173, delta: -11
07-26 00:35:12.163  1708  2125 E KernelCpuUidActiveTimeReader: Negative delta from active time for uid: 10129, delta: -11
07-26 00:59:18.118  1708  2125 E KernelCpuUidActiveTimeReader: Negative delta from active time for uid: 10072, delta: -8
07-26 00:59:18.118  1708  2125 E KernelCpuUidActiveTimeReader: Negative delta from active time for uid: 10216, delta: -14
07-26 00:59:18.118  1708  2125 E KernelCpuUidActiveTimeReader: Negative delta from active time for uid: 10093, delta: -18
07-26 00:59:18.118  1708  2125 E KernelCpuUidActiveTimeReader: Negative delta from active time for uid: 10169, delta: -5
07-26 00:59:18.118  1708  2125 E KernelCpuUidActiveTimeReader: Negative delta from active time for uid: 10232, delta: -34
07-26 00:59:18.118  1708  2125 E KernelCpuUidActiveTimeReader: Negative delta from active time for uid: 10219, delta: -15
07-26 00:59:18.118  1708  2125 E KernelCpuUidActiveTimeReader: Negative delta from active time for uid: 10154, delta: -16
07-26 00:59:18.119  1708  2125 E KernelCpuUidActiveTimeReader: Negative delta from active time for uid: 10060, delta: -1
07-26 00:59:18.119  1708  2125 E KernelCpuUidActiveTimeReader: Negative delta from active time for uid: 10170, delta: -13
07-26 00:59:18.119  1708  2125 E KernelCpuUidActiveTimeReader: Negative delta from active time for uid: 10173, delta: -11
07-26 00:59:18.119  1708  2125 E KernelCpuUidActiveTimeReader: Negative delta from active time for uid: 10129, delta: -11
07-26 01:02:02.168  1708  2125 E KernelCpuUidActiveTimeReader: Negative delta from active time for uid: 10072, delta: -8
07-26 01:02:02.168  1708  2125 E KernelCpuUidActiveTimeReader: Negative delta from active time for uid: 10216, delta: -14
07-26 01:02:02.168  1708  2125 E KernelCpuUidActiveTimeReader: Negative delta from active time for uid: 10093, delta: -18
07-26 01:02:02.168  1708  2125 E KernelCpuUidActiveTimeReader: Negative delta from active time for uid: 10169, delta: -5
07-26 01:02:02.168  1708  2125 E KernelCpuUidActiveTimeReader: Negative delta from active time for uid: 10232, delta: -34
07-26 01:02:02.168  1708  2125 E KernelCpuUidActiveTimeReader: Negative delta from active time for uid: 10219, delta: -15
07-26 01:02:02.168  1708  2125 E KernelCpuUidActiveTimeReader: Negative delta from active time for uid: 10154, delta: -16
07-26 01:02:02.168  1708  2125 E KernelCpuUidActiveTimeReader: Negative delta from active time for uid: 10060, delta: -1
07-26 01:02:02.168  1708  2125 E KernelCpuUidActiveTimeReader: Negative delta from active time for uid: 10170, delta: -13
07-26 01:02:02.168  1708  2125 E KernelCpuUidActiveTimeReader: Negative delta from active time for uid: 10173, delta: -11
07-26 01:02:02.169  1708  2125 E KernelCpuUidActiveTimeReader: Negative delta from active time for uid: 10129, delta: -11
07-26 01:18:33.951  1708  2125 E KernelCpuUidActiveTimeReader: Negative delta from active time for uid: 10072, delta: -8
07-26 01:18:33.951  1708  2125 E KernelCpuUidActiveTimeReader: Negative delta from active time for uid: 10216, delta: -14
07-26 01:18:33.951  1708  2125 E KernelCpuUidActiveTimeReader: Negative delta from active time for uid: 10093, delta: -18
07-26 01:18:33.951  1708  2125 E KernelCpuUidActiveTimeReader: Negative delta from active time for uid: 10169, delta: -5
07-26 01:18:33.951  1708  2125 E KernelCpuUidActiveTimeReader: Negative delta from active time for uid: 10232, delta: -34
07-26 01:18:33.951  1708  2125 E KernelCpuUidActiveTimeReader: Negative delta from active time for uid: 10219, delta: -15
07-26 01:18:33.951  1708  2125 E KernelCpuUidActiveTimeReader: Negative delta from active time for uid: 10154, delta: -16
07-26 01:18:33.951  1708  2125 E KernelCpuUidActiveTimeReader: Negative delta from active time for uid: 10060, delta: -1
07-26 01:18:33.952  1708  2125 E KernelCpuUidActiveTimeReader: Negative delta from active time for uid: 10170, delta: -13
07-26 01:18:33.952  1708  2125 E KernelCpuUidActiveTimeReader: Negative delta from active time for uid: 10173, delta: -11
07-26 01:18:33.952  1708  2125 E KernelCpuUidActiveTimeReader: Negative delta from active time for uid: 10129, delta: -11
07-26 01:48:34.952  1708  2125 E KernelCpuUidActiveTimeReader: Negative delta from active time for uid: 10072, delta: -8
07-26 01:48:34.952  1708  2125 E KernelCpuUidActiveTimeReader: Negative delta from active time for uid: 10216, delta: -14
07-26 01:48:34.952  1708  2125 E KernelCpuUidActiveTimeReader: Negative delta from active time for uid: 10093, delta: -18
07-26 01:48:34.952  1708  2125 E KernelCpuUidActiveTimeReader: Negative delta from active time for uid: 10169, delta: -5
07-26 01:48:34.952  1708  2125 E KernelCpuUidActiveTimeReader: Negative delta from active time for uid: 10232, delta: -34
07-26 01:48:34.952  1708  2125 E KernelCpuUidActiveTimeReader: Negative delta from active time for uid: 10219, delta: -15
07-26 01:48:34.953  1708  2125 E KernelCpuUidActiveTimeReader: Negative delta from active time for uid: 10154, delta: -16
07-26 01:48:34.953  1708  2125 E KernelCpuUidActiveTimeReader: Negative delta from active time for uid: 10060, delta: -1
07-26 01:48:34.953  1708  2125 E KernelCpuUidActiveTimeReader: Negative delta from active time for uid: 10170, delta: -13
07-26 01:48:34.953  1708  2125 E KernelCpuUidActiveTimeReader: Negative delta from active time for uid: 10173, delta: -11
07-26 01:48:34.954  1708  2125 E KernelCpuUidActiveTimeReader: Negative delta from active time for uid: 10129, delta: -11
07-26 02:00:04.120  1708  2125 E KernelCpuUidActiveTimeReader: Negative delta from active time for uid: 10072, delta: -8
07-26 02:00:04.121  1708  2125 E KernelCpuUidActiveTimeReader: Negative delta from active time for uid: 10216, delta: -14
07-26 02:00:04.121  1708  2125 E KernelCpuUidActiveTimeReader: Negative delta from active time for uid: 10093, delta: -18
07-26 02:00:04.121  1708  2125 E KernelCpuUidActiveTimeReader: Negative delta from active time for uid: 10169, delta: -5
07-26 02:00:04.121  1708  2125 E KernelCpuUidActiveTimeReader: Negative delta from active time for uid: 10232, delta: -34
07-26 02:00:04.121  1708  2125 E KernelCpuUidActiveTimeReader: Negative delta from active time for uid: 10219, delta: -15
07-26 02:00:04.121  1708  2125 E KernelCpuUidActiveTimeReader: Negative delta from active time for uid: 10154, delta: -16
07-26 02:00:04.121  1708  2125 E KernelCpuUidActiveTimeReader: Negative delta from active time for uid: 10060, delta: -1
07-26 02:00:04.121  1708  2125 E KernelCpuUidActiveTimeReader: Negative delta from active time for uid: 10170, delta: -13
07-26 02:00:04.122  1708  2125 E KernelCpuUidActiveTimeReader: Negative delta from active time for uid: 10173, delta: -11
07-26 02:00:04.122  1708  2125 E KernelCpuUidActiveTimeReader: Negative delta from active time for uid: 10129, delta: -11
07-26 02:03:43.164  1708  2125 E KernelCpuUidActiveTimeReader: Negative delta from active time for uid: 10072, delta: -8
07-26 02:03:43.164  1708  2125 E KernelCpuUidActiveTimeReader: Negative delta from active time for uid: 10216, delta: -14
07-26 02:03:43.164  1708  2125 E KernelCpuUidActiveTimeReader: Negative delta from active time for uid: 10093, delta: -18
07-26 02:03:43.165  1708  2125 E KernelCpuUidActiveTimeReader: Negative delta from active time for uid: 10169, delta: -5
07-26 02:03:43.165  1708  2125 E KernelCpuUidActiveTimeReader: Negative delta from active time for uid: 10232, delta: -34
07-26 02:03:43.165  1708  2125 E KernelCpuUidActiveTimeReader: Negative delta from active time for uid: 10219, delta: -15
07-26 02:03:43.165  1708  2125 E KernelCpuUidActiveTimeReader: Negative delta from active time for uid: 10154, delta: -16
07-26 02:03:43.165  1708  2125 E KernelCpuUidActiveTimeReader: Negative delta from active time for uid: 10060, delta: -1
07-26 02:03:43.165  1708  2125 E KernelCpuUidActiveTimeReader: Negative delta from active time for uid: 10170, delta: -13
07-26 02:03:43.165  1708  2125 E KernelCpuUidActiveTimeReader: Negative delta from active time for uid: 10173, delta: -11
07-26 02:03:43.165  1708  2125 E KernelCpuUidActiveTimeReader: Negative delta from active time for uid: 10129, delta: -11
07-26 02:03:43.890  3337  3337 E MiuiMultiWindowUtils: initFreeFormResolutionArgs failed, device is lime
07-26 02:03:47.741  3592  3742 E ActivityThread: Failed to find provider info for com.facebook.appmanager.nekodirect
07-26 02:04:43.192  1708  2125 E KernelCpuUidActiveTimeReader: Negative delta from active time for uid: 10072, delta: -8
07-26 02:04:43.192  1708  2125 E KernelCpuUidActiveTimeReader: Negative delta from active time for uid: 10216, delta: -14
07-26 02:04:43.192  1708  2125 E KernelCpuUidActiveTimeReader: Negative delta from active time for uid: 10093, delta: -18
07-26 02:04:43.192  1708  2125 E KernelCpuUidActiveTimeReader: Negative delta from active time for uid: 10169, delta: -5
07-26 02:04:43.192  1708  2125 E KernelCpuUidActiveTimeReader: Negative delta from active time for uid: 10232, delta: -34
07-26 02:04:43.193  1708  2125 E KernelCpuUidActiveTimeReader: Negative delta from active time for uid: 10219, delta: -15
07-26 02:04:43.193  1708  2125 E KernelCpuUidActiveTimeReader: Negative delta from active time for uid: 10154, delta: -16
07-26 02:04:43.193  1708  2125 E KernelCpuUidActiveTimeReader: Negative delta from active time for uid: 10060, delta: -1
07-26 02:04:43.193  1708  2125 E KernelCpuUidActiveTimeReader: Negative delta from active time for uid: 10170, delta: -13
07-26 02:04:43.193  1708  2125 E KernelCpuUidActiveTimeReader: Negative delta from active time for uid: 10173, delta: -11
07-26 02:04:43.194  1708  2125 E KernelCpuUidActiveTimeReader: Negative delta from active time for uid: 10129, delta: -11
07-26 02:04:57.794  1541  1541 E TLOC    : [TLOCChannel]"Can't receive message due to timeout"
07-26 02:04:58.794  1541  1541 E TLOC    : [TLOCChannel]"Can't receive message due to timeout"
07-26 02:04:58.794  1541  1541 E TLOC    : [TLOCDaemon ]"Couldn't receive command response"
07-26 02:10:14.958  1541  1541 E TLOC    : [TLOCChannel]"Can't receive message due to timeout"
07-26 02:18:26.000  1708  2125 E KernelCpuUidActiveTimeReader: Negative delta from active time for uid: 10072, delta: -8
07-26 02:18:26.000  1708  2125 E KernelCpuUidActiveTimeReader: Negative delta from active time for uid: 10216, delta: -14
07-26 02:18:26.000  1708  2125 E KernelCpuUidActiveTimeReader: Negative delta from active time for uid: 10093, delta: -18
07-26 02:18:26.000  1708  2125 E KernelCpuUidActiveTimeReader: Negative delta from active time for uid: 10169, delta: -5
07-26 02:18:26.000  1708  2125 E KernelCpuUidActiveTimeReader: Negative delta from active time for uid: 10232, delta: -34
07-26 02:18:26.000  1708  2125 E KernelCpuUidActiveTimeReader: Negative delta from active time for uid: 10219, delta: -15
07-26 02:18:26.000  1708  2125 E KernelCpuUidActiveTimeReader: Negative delta from active time for uid: 10154, delta: -16
07-26 02:18:26.000  1708  2125 E KernelCpuUidActiveTimeReader: Negative delta from active time for uid: 10060, delta: -1
07-26 02:18:26.001  1708  2125 E KernelCpuUidActiveTimeReader: Negative delta from active time for uid: 10170, delta: -13
07-26 02:18:26.001  1708  2125 E KernelCpuUidActiveTimeReader: Negative delta from active time for uid: 10173, delta: -11
07-26 02:18:26.001  1708  2125 E KernelCpuUidActiveTimeReader: Negative delta from active time for uid: 10129, delta: -11
07-26 02:44:46.800  6010  6352 E KernelRpmStatsReader: Failure in reading rpm stats
07-26 02:44:46.800  6010  6352 E KernelRpmStatsReader: java.io.FileNotFoundException: /sys/power/system_sleep/stats: open failed: EACCES (Permission denied)
07-26 02:44:46.800  6010  6352 E KernelRpmStatsReader: 	at libcore.io.IoBridge.open(IoBridge.java:574)
07-26 02:44:46.800  6010  6352 E KernelRpmStatsReader: 	at java.io.FileInputStream.<init>(FileInputStream.java:179)
07-26 02:44:46.800  6010  6352 E KernelRpmStatsReader: 	at java.io.FileInputStream.<init>(FileInputStream.java:133)
07-26 02:44:46.800  6010  6352 E KernelRpmStatsReader: 	at com.miui.powerkeeper.utils.KernelRpmStatsReader.readRpmStatsType1(Unknown Source:19)
07-26 02:44:46.800  6010  6352 E KernelRpmStatsReader: 	at com.miui.powerkeeper.utils.KernelRpmStatsReader.readRpmStats(Unknown Source:63)
07-26 02:44:46.800  6010  6352 E KernelRpmStatsReader: 	at com.miui.powerkeeper.powerchecker.PowerCheckerService.requestKernelRpmStatsUpdate(Unknown Source:4)
07-26 02:44:46.800  6010  6352 E KernelRpmStatsReader: 	at com.miui.powerkeeper.powerchecker.PowerCheckerService.addBatteryHistoryRecord(Unknown Source:38)
07-26 02:44:46.800  6010  6352 E KernelRpmStatsReader: 	at com.miui.powerkeeper.powerchecker.PowerCheckerService.updateBatteryLevelChanged(Unknown Source:8)
07-26 02:44:46.800  6010  6352 E KernelRpmStatsReader: 	at com.miui.powerkeeper.powerchecker.PowerCheckerService.access$3800(Unknown Source:0)
07-26 02:44:46.800  6010  6352 E KernelRpmStatsReader: 	at com.miui.powerkeeper.powerchecker.PowerCheckerService$PowerCheckHandler.handleMessage(Unknown Source:72)
07-26 02:44:46.800  6010  6352 E KernelRpmStatsReader: 	at android.os.Handler.dispatchMessage(Handler.java:106)
07-26 02:44:46.800  6010  6352 E KernelRpmStatsReader: 	at android.os.Looper.loopOnce(Looper.java:211)
07-26 02:44:46.800  6010  6352 E KernelRpmStatsReader: 	at android.os.Looper.loop(Looper.java:300)
07-26 02:44:46.800  6010  6352 E KernelRpmStatsReader: 	at android.os.HandlerThread.run(HandlerThread.java:67)
07-26 02:44:46.800  6010  6352 E KernelRpmStatsReader: Caused by: android.system.ErrnoException: open failed: EACCES (Permission denied)
07-26 02:44:46.800  6010  6352 E KernelRpmStatsReader: 	at libcore.io.Linux.open(Native Method)
07-26 02:44:46.800  6010  6352 E KernelRpmStatsReader: 	at libcore.io.ForwardingOs.open(ForwardingOs.java:563)
07-26 02:44:46.800  6010  6352 E KernelRpmStatsReader: 	at libcore.io.BlockGuardOs.open(BlockGuardOs.java:274)
07-26 02:44:46.800  6010  6352 E KernelRpmStatsReader: 	at libcore.io.ForwardingOs.open(ForwardingOs.java:563)
07-26 02:44:46.800  6010  6352 E KernelRpmStatsReader: 	at android.app.ActivityThread$AndroidOs.open(ActivityThread.java:8192)
07-26 02:44:46.800  6010  6352 E KernelRpmStatsReader: 	at libcore.io.IoBridge.open(IoBridge.java:560)
07-26 02:44:46.800  6010  6352 E KernelRpmStatsReader: 	... 13 more
07-26 02:48:36.038  1708  2125 E KernelCpuUidActiveTimeReader: Negative delta from active time for uid: 10072, delta: -8
07-26 02:48:36.038  1708  2125 E KernelCpuUidActiveTimeReader: Negative delta from active time for uid: 10216, delta: -14
07-26 02:48:36.038  1708  2125 E KernelCpuUidActiveTimeReader: Negative delta from active time for uid: 10093, delta: -18
07-26 02:48:36.038  1708  2125 E KernelCpuUidActiveTimeReader: Negative delta from active time for uid: 10169, delta: -5
07-26 02:48:36.038  1708  2125 E KernelCpuUidActiveTimeReader: Negative delta from active time for uid: 10232, delta: -34
07-26 02:48:36.038  1708  2125 E KernelCpuUidActiveTimeReader: Negative delta from active time for uid: 10219, delta: -15
07-26 02:48:36.039  1708  2125 E KernelCpuUidActiveTimeReader: Negative delta from active time for uid: 10154, delta: -16
07-26 02:48:36.039  1708  2125 E KernelCpuUidActiveTimeReader: Negative delta from active time for uid: 10060, delta: -1
07-26 02:48:36.039  1708  2125 E KernelCpuUidActiveTimeReader: Negative delta from active time for uid: 10170, delta: -13
07-26 02:48:36.039  1708  2125 E KernelCpuUidActiveTimeReader: Negative delta from active time for uid: 10173, delta: -11
07-26 02:48:36.039  1708  2125 E KernelCpuUidActiveTimeReader: Negative delta from active time for uid: 10129, delta: -11
07-26 03:03:42.933  1708  2125 E KernelCpuUidActiveTimeReader: Negative delta from active time for uid: 10072, delta: -8
07-26 03:03:42.933  1708  2125 E KernelCpuUidActiveTimeReader: Negative delta from active time for uid: 10216, delta: -14
07-26 03:03:42.933  1708  2125 E KernelCpuUidActiveTimeReader: Negative delta from active time for uid: 10093, delta: -18
07-26 03:03:42.933  1708  2125 E KernelCpuUidActiveTimeReader: Negative delta from active time for uid: 10169, delta: -5
07-26 03:03:42.933  1708  2125 E KernelCpuUidActiveTimeReader: Negative delta from active time for uid: 10232, delta: -34
07-26 03:03:42.933  1708  2125 E KernelCpuUidActiveTimeReader: Negative delta from active time for uid: 10219, delta: -15
07-26 03:03:42.934  1708  2125 E KernelCpuUidActiveTimeReader: Negative delta from active time for uid: 10154, delta: -16
07-26 03:03:42.934  1708  2125 E KernelCpuUidActiveTimeReader: Negative delta from active time for uid: 10060, delta: -1
07-26 03:03:42.934  1708  2125 E KernelCpuUidActiveTimeReader: Negative delta from active time for uid: 10170, delta: -13
07-26 03:03:42.934  1708  2125 E KernelCpuUidActiveTimeReader: Negative delta from active time for uid: 10173, delta: -11
07-26 03:03:42.935  1708  2125 E KernelCpuUidActiveTimeReader: Negative delta from active time for uid: 10129, delta: -11
07-26 03:18:36.995  1708  2125 E KernelCpuUidActiveTimeReader: Negative delta from active time for uid: 10072, delta: -8
07-26 03:18:36.995  1708  2125 E KernelCpuUidActiveTimeReader: Negative delta from active time for uid: 10216, delta: -14
07-26 03:18:36.995  1708  2125 E KernelCpuUidActiveTimeReader: Negative delta from active time for uid: 10093, delta: -18
07-26 03:18:36.995  1708  2125 E KernelCpuUidActiveTimeReader: Negative delta from active time for uid: 10169, delta: -5
07-26 03:18:36.995  1708  2125 E KernelCpuUidActiveTimeReader: Negative delta from active time for uid: 10232, delta: -34
07-26 03:18:36.996  1708  2125 E KernelCpuUidActiveTimeReader: Negative delta from active time for uid: 10219, delta: -15
07-26 03:18:36.996  1708  2125 E KernelCpuUidActiveTimeReader: Negative delta from active time for uid: 10154, delta: -16
07-26 03:18:36.996  1708  2125 E KernelCpuUidActiveTimeReader: Negative delta from active time for uid: 10060, delta: -1
07-26 03:18:36.996  1708  2125 E KernelCpuUidActiveTimeReader: Negative delta from active time for uid: 10170, delta: -13
07-26 03:18:36.996  1708  2125 E KernelCpuUidActiveTimeReader: Negative delta from active time for uid: 10173, delta: -11
07-26 03:18:36.996  1708  2125 E KernelCpuUidActiveTimeReader: Negative delta from active time for uid: 10129, delta: -11
07-26 03:48:37.971  1708  2125 E KernelCpuUidActiveTimeReader: Negative delta from active time for uid: 10072, delta: -8
07-26 03:48:37.971  1708  2125 E KernelCpuUidActiveTimeReader: Negative delta from active time for uid: 10216, delta: -14
07-26 03:48:37.971  1708  2125 E KernelCpuUidActiveTimeReader: Negative delta from active time for uid: 10093, delta: -18
07-26 03:48:37.971  1708  2125 E KernelCpuUidActiveTimeReader: Negative delta from active time for uid: 10169, delta: -5
07-26 03:48:37.972  1708  2125 E KernelCpuUidActiveTimeReader: Negative delta from active time for uid: 10232, delta: -34
07-26 03:48:37.972  1708  2125 E KernelCpuUidActiveTimeReader: Negative delta from active time for uid: 10219, delta: -15
07-26 03:48:37.972  1708  2125 E KernelCpuUidActiveTimeReader: Negative delta from active time for uid: 10154, delta: -16
07-26 03:48:37.972  1708  2125 E KernelCpuUidActiveTimeReader: Negative delta from active time for uid: 10060, delta: -1
07-26 03:48:37.972  1708  2125 E KernelCpuUidActiveTimeReader: Negative delta from active time for uid: 10170, delta: -13
07-26 03:48:37.972  1708  2125 E KernelCpuUidActiveTimeReader: Negative delta from active time for uid: 10173, delta: -11
07-26 03:48:37.973  1708  2125 E KernelCpuUidActiveTimeReader: Negative delta from active time for uid: 10129, delta: -11
07-26 04:04:14.966  1708  2338 E AlarmManager: Attempt to decrement existing alarm count 0 by 1 for uid 1000
07-26 04:04:15.065  1708  2125 E KernelCpuUidActiveTimeReader: Negative delta from active time for uid: 10072, delta: -8
07-26 04:04:15.065  1708  2125 E KernelCpuUidActiveTimeReader: Negative delta from active time for uid: 10216, delta: -14
07-26 04:04:15.065  1708  2125 E KernelCpuUidActiveTimeReader: Negative delta from active time for uid: 10093, delta: -18
07-26 04:04:15.065  1708  2125 E KernelCpuUidActiveTimeReader: Negative delta from active time for uid: 10169, delta: -5
07-26 04:04:15.066  1708  2125 E KernelCpuUidActiveTimeReader: Negative delta from active time for uid: 10232, delta: -34
07-26 04:04:15.066  1708  2125 E KernelCpuUidActiveTimeReader: Negative delta from active time for uid: 10219, delta: -15
07-26 04:04:15.066  1708  2125 E KernelCpuUidActiveTimeReader: Negative delta from active time for uid: 10154, delta: -16
07-26 04:04:15.066  1708  2125 E KernelCpuUidActiveTimeReader: Negative delta from active time for uid: 10060, delta: -1
07-26 04:04:15.066  1708  2125 E KernelCpuUidActiveTimeReader: Negative delta from active time for uid: 10170, delta: -13
07-26 04:04:15.066  1708  2125 E KernelCpuUidActiveTimeReader: Negative delta from active time for uid: 10173, delta: -11
07-26 04:04:15.066  1708  2125 E KernelCpuUidActiveTimeReader: Negative delta from active time for uid: 10129, delta: -11
07-26 04:11:26.005  1708  2125 E KernelCpuUidActiveTimeReader: Negative delta from active time for uid: 10072, delta: -8
07-26 04:11:26.005  1708  2125 E KernelCpuUidActiveTimeReader: Negative delta from active time for uid: 10216, delta: -14
07-26 04:11:26.005  1708  2125 E KernelCpuUidActiveTimeReader: Negative delta from active time for uid: 10093, delta: -18
07-26 04:11:26.006  1708  2125 E KernelCpuUidActiveTimeReader: Negative delta from active time for uid: 10169, delta: -5
07-26 04:11:26.006  1708  2125 E KernelCpuUidActiveTimeReader: Negative delta from active time for uid: 10232, delta: -34
07-26 04:11:26.006  1708  2125 E KernelCpuUidActiveTimeReader: Negative delta from active time for uid: 10219, delta: -15
07-26 04:11:26.006  1708  2125 E KernelCpuUidActiveTimeReader: Negative delta from active time for uid: 10154, delta: -16
07-26 04:11:26.006  1708  2125 E KernelCpuUidActiveTimeReader: Negative delta from active time for uid: 10060, delta: -1
07-26 04:11:26.006  1708  2125 E KernelCpuUidActiveTimeReader: Negative delta from active time for uid: 10170, delta: -13
07-26 04:11:26.006  1708  2125 E KernelCpuUidActiveTimeReader: Negative delta from active time for uid: 10173, delta: -11
07-26 04:11:26.007  1708  2125 E KernelCpuUidActiveTimeReader: Negative delta from active time for uid: 10129, delta: -11
07-26 04:45:18.975  1708  2125 E KernelCpuUidActiveTimeReader: Negative delta from active time for uid: 10072, delta: -8
07-26 04:45:18.976  1708  2125 E KernelCpuUidActiveTimeReader: Negative delta from active time for uid: 10216, delta: -14
07-26 04:45:18.976  1708  2125 E KernelCpuUidActiveTimeReader: Negative delta from active time for uid: 10093, delta: -18
07-26 04:45:18.976  1708  2125 E KernelCpuUidActiveTimeReader: Negative delta from active time for uid: 10169, delta: -5
07-26 04:45:18.976  1708  2125 E KernelCpuUidActiveTimeReader: Negative delta from active time for uid: 10232, delta: -34
07-26 04:45:18.976  1708  2125 E KernelCpuUidActiveTimeReader: Negative delta from active time for uid: 10219, delta: -15
07-26 04:45:18.976  1708  2125 E KernelCpuUidActiveTimeReader: Negative delta from active time for uid: 10154, delta: -16
07-26 04:45:18.976  1708  2125 E KernelCpuUidActiveTimeReader: Negative delta from active time for uid: 10060, delta: -1
07-26 04:45:18.976  1708  2125 E KernelCpuUidActiveTimeReader: Negative delta from active time for uid: 10170, delta: -13
07-26 04:45:18.976  1708  2125 E KernelCpuUidActiveTimeReader: Negative delta from active time for uid: 10173, delta: -11
07-26 04:45:18.976  1708  2125 E KernelCpuUidActiveTimeReader: Negative delta from active time for uid: 10129, delta: -11
07-26 04:57:34.263  1708  2125 E KernelCpuUidActiveTimeReader: Negative delta from active time for uid: 10072, delta: -8
07-26 04:57:34.264  1708  2125 E KernelCpuUidActiveTimeReader: Negative delta from active time for uid: 10216, delta: -14
07-26 04:57:34.264  1708  2125 E KernelCpuUidActiveTimeReader: Negative delta from active time for uid: 10093, delta: -18
07-26 04:57:34.264  1708  2125 E KernelCpuUidActiveTimeReader: Negative delta from active time for uid: 10169, delta: -5
07-26 04:57:34.264  1708  2125 E KernelCpuUidActiveTimeReader: Negative delta from active time for uid: 10232, delta: -34
07-26 04:57:34.264  1708  2125 E KernelCpuUidActiveTimeReader: Negative delta from active time for uid: 10219, delta: -15
07-26 04:57:34.264  1708  2125 E KernelCpuUidActiveTimeReader: Negative delta from active time for uid: 10154, delta: -16
07-26 04:57:34.264  1708  2125 E KernelCpuUidActiveTimeReader: Negative delta from active time for uid: 10060, delta: -1
07-26 04:57:34.264  1708  2125 E KernelCpuUidActiveTimeReader: Negative delta from active time for uid: 10170, delta: -13
07-26 04:57:34.265  1708  2125 E KernelCpuUidActiveTimeReader: Negative delta from active time for uid: 10173, delta: -11
07-26 04:57:34.265  1708  2125 E KernelCpuUidActiveTimeReader: Negative delta from active time for uid: 10129, delta: -11
07-26 05:04:21.044  1708  2125 E KernelCpuUidActiveTimeReader: Negative delta from active time for uid: 10072, delta: -8
07-26 05:04:21.044  1708  2125 E KernelCpuUidActiveTimeReader: Negative delta from active time for uid: 10216, delta: -14
