--------- beginning of crash
07-18 07:45:53.938   899   899 F libc    : Fatal signal 6 (SIGABRT), code -1 (SI_QUEUE) in tid 899 (init), pid 899 (init)
07-18 07:45:53.976   899   899 F libc    : crash_dump helper failed to exec, or was killed
07-18 07:45:57.431  1557  1557 F libc    : Fatal signal 6 (SIGABRT), code -1 (SI_QUEUE) in tid 1557 (init), pid 1557 (init)
07-18 07:45:57.471  1557  1557 F libc    : crash_dump helper failed to exec, or was killed
07-19 17:19:40.789 16368 16395 E AndroidRuntime: FATAL EXCEPTION: AdapterState
07-19 17:19:40.789 16368 16395 E AndroidRuntime: Process: com.android.bluetooth, PID: 16368
07-19 17:19:40.789 16368 16395 E AndroidRuntime: java.util.NoSuchElementException: Death link does not exist (NAME_NOT_FOUND)
07-19 17:19:40.789 16368 16395 E AndroidRuntime: 	at android.os.BinderProxy.unlinkToDeath(Native Method)
07-19 17:19:40.789 16368 16395 E AndroidRuntime: 	at com.android.bluetooth.gatt.AdvertiseManager.stopAdvertisingSets(AdvertiseManager.java:475)
07-19 17:19:40.789 16368 16395 E AndroidRuntime: 	at com.android.bluetooth.gatt.GattService.clearPendingOperations(GattService.java:3343)
07-19 17:19:40.789 16368 16395 E AndroidRuntime: 	at com.android.bluetooth.btservice.AdapterService.unregGattIds(AdapterService.java:1110)
07-19 17:19:40.789 16368 16395 E AndroidRuntime: 	at com.android.bluetooth.btservice.AdapterState$TurningBleOffState.enter(AdapterState.java:505)
07-19 17:19:40.789 16368 16395 E AndroidRuntime: 	at com.android.internal.util.StateMachine$SmHandler.invokeEnterMethods(StateMachine.java:1038)
07-19 17:19:40.789 16368 16395 E AndroidRuntime: 	at com.android.internal.util.StateMachine$SmHandler.performTransitions(StateMachine.java:880)
07-19 17:19:40.789 16368 16395 E AndroidRuntime: 	at com.android.internal.util.StateMachine$SmHandler.handleMessage(StateMachine.java:820)
07-19 17:19:40.789 16368 16395 E AndroidRuntime: 	at android.os.Handler.dispatchMessage(Handler.java:106)
07-19 17:19:40.789 16368 16395 E AndroidRuntime: 	at android.os.Looper.loopOnce(Looper.java:211)
07-19 17:19:40.789 16368 16395 E AndroidRuntime: 	at android.os.Looper.loop(Looper.java:300)
07-19 17:19:40.789 16368 16395 E AndroidRuntime: 	at android.os.HandlerThread.run(HandlerThread.java:67)
07-20 07:49:43.457  2286  2505 E AndroidRuntime: FATAL EXCEPTION: AdapterState
07-20 07:49:43.457  2286  2505 E AndroidRuntime: Process: com.android.bluetooth, PID: 2286
07-20 07:49:43.457  2286  2505 E AndroidRuntime: java.util.NoSuchElementException: Death link does not exist (NAME_NOT_FOUND)
07-20 07:49:43.457  2286  2505 E AndroidRuntime: 	at android.os.BinderProxy.unlinkToDeath(Native Method)
07-20 07:49:43.457  2286  2505 E AndroidRuntime: 	at com.android.bluetooth.gatt.AdvertiseManager.stopAdvertisingSets(AdvertiseManager.java:475)
07-20 07:49:43.457  2286  2505 E AndroidRuntime: 	at com.android.bluetooth.gatt.GattService.clearPendingOperations(GattService.java:3343)
07-20 07:49:43.457  2286  2505 E AndroidRuntime: 	at com.android.bluetooth.btservice.AdapterService.unregGattIds(AdapterService.java:1110)
07-20 07:49:43.457  2286  2505 E AndroidRuntime: 	at com.android.bluetooth.btservice.AdapterState$TurningBleOffState.enter(AdapterState.java:505)
07-20 07:49:43.457  2286  2505 E AndroidRuntime: 	at com.android.internal.util.StateMachine$SmHandler.invokeEnterMethods(StateMachine.java:1038)
07-20 07:49:43.457  2286  2505 E AndroidRuntime: 	at com.android.internal.util.StateMachine$SmHandler.performTransitions(StateMachine.java:880)
07-20 07:49:43.457  2286  2505 E AndroidRuntime: 	at com.android.internal.util.StateMachine$SmHandler.handleMessage(StateMachine.java:820)
07-20 07:49:43.457  2286  2505 E AndroidRuntime: 	at android.os.Handler.dispatchMessage(Handler.java:106)
07-20 07:49:43.457  2286  2505 E AndroidRuntime: 	at android.os.Looper.loopOnce(Looper.java:211)
07-20 07:49:43.457  2286  2505 E AndroidRuntime: 	at android.os.Looper.loop(Looper.java:300)
07-20 07:49:43.457  2286  2505 E AndroidRuntime: 	at android.os.HandlerThread.run(HandlerThread.java:67)
07-22 10:42:39.575  9506  9530 E AndroidRuntime: FATAL EXCEPTION: AdapterState
07-22 10:42:39.575  9506  9530 E AndroidRuntime: Process: com.android.bluetooth, PID: 9506
07-22 10:42:39.575  9506  9530 E AndroidRuntime: java.util.NoSuchElementException: Death link does not exist (NAME_NOT_FOUND)
07-22 10:42:39.575  9506  9530 E AndroidRuntime: 	at android.os.BinderProxy.unlinkToDeath(Native Method)
07-22 10:42:39.575  9506  9530 E AndroidRuntime: 	at com.android.bluetooth.gatt.AdvertiseManager.stopAdvertisingSets(AdvertiseManager.java:475)
07-22 10:42:39.575  9506  9530 E AndroidRuntime: 	at com.android.bluetooth.gatt.GattService.clearPendingOperations(GattService.java:3343)
07-22 10:42:39.575  9506  9530 E AndroidRuntime: 	at com.android.bluetooth.btservice.AdapterService.unregGattIds(AdapterService.java:1110)
07-22 10:42:39.575  9506  9530 E AndroidRuntime: 	at com.android.bluetooth.btservice.AdapterState$TurningBleOffState.enter(AdapterState.java:505)
07-22 10:42:39.575  9506  9530 E AndroidRuntime: 	at com.android.internal.util.StateMachine$SmHandler.invokeEnterMethods(StateMachine.java:1038)
07-22 10:42:39.575  9506  9530 E AndroidRuntime: 	at com.android.internal.util.StateMachine$SmHandler.performTransitions(StateMachine.java:880)
07-22 10:42:39.575  9506  9530 E AndroidRuntime: 	at com.android.internal.util.StateMachine$SmHandler.handleMessage(StateMachine.java:820)
07-22 10:42:39.575  9506  9530 E AndroidRuntime: 	at android.os.Handler.dispatchMessage(Handler.java:106)
07-22 10:42:39.575  9506  9530 E AndroidRuntime: 	at android.os.Looper.loopOnce(Looper.java:211)
07-22 10:42:39.575  9506  9530 E AndroidRuntime: 	at android.os.Looper.loop(Looper.java:300)
07-22 10:42:39.575  9506  9530 E AndroidRuntime: 	at android.os.HandlerThread.run(HandlerThread.java:67)
--------- beginning of system
07-25 19:35:25.027   766   863 E NetlinkEvent: NetlinkEvent::FindParam(): Parameter 'INTERFACE' not found
07-25 19:35:25.027   766   863 E NetlinkEvent: NetlinkEvent::FindParam(): Parameter 'STATE' not found
07-25 19:35:25.027   766   863 E NetlinkEvent: NetlinkEvent::FindParam(): Parameter 'TIME_NS' not found
07-25 19:35:25.027   766   863 E NetlinkEvent: NetlinkEvent::FindParam(): Parameter 'UID' not found
07-25 19:35:46.318  1708  2125 E KernelCpuUidActiveTimeReader: Negative delta from active time for uid: 10072, delta: -8
07-25 19:35:46.318  1708  2125 E KernelCpuUidActiveTimeReader: Negative delta from active time for uid: 10216, delta: -14
07-25 19:35:46.318  1708  2125 E KernelCpuUidActiveTimeReader: Negative delta from active time for uid: 10093, delta: -18
07-25 19:35:46.318  1708  2125 E KernelCpuUidActiveTimeReader: Negative delta from active time for uid: 10169, delta: -5
07-25 19:35:46.318  1708  2125 E KernelCpuUidActiveTimeReader: Negative delta from active time for uid: 10232, delta: -34
07-25 19:35:46.318  1708  2125 E KernelCpuUidActiveTimeReader: Negative delta from active time for uid: 10219, delta: -15
07-25 19:35:46.319  1708  2125 E KernelCpuUidActiveTimeReader: Negative delta from active time for uid: 10154, delta: -16
07-25 19:35:46.319  1708  2125 E KernelCpuUidActiveTimeReader: Negative delta from active time for uid: 10060, delta: -1
07-25 19:35:46.319  1708  2125 E KernelCpuUidActiveTimeReader: Negative delta from active time for uid: 10170, delta: -13
07-25 19:35:46.319  1708  2125 E KernelCpuUidActiveTimeReader: Negative delta from active time for uid: 10173, delta: -11
07-25 19:35:46.319  1708  2125 E KernelCpuUidActiveTimeReader: Negative delta from active time for uid: 10129, delta: -11
07-25 19:36:08.509   766   863 E NetlinkEvent: NetlinkEvent::FindParam(): Parameter 'INTERFACE' not found
07-25 19:36:08.509   766   863 E NetlinkEvent: NetlinkEvent::FindParam(): Parameter 'STATE' not found
07-25 19:36:08.509   766   863 E NetlinkEvent: NetlinkEvent::FindParam(): Parameter 'TIME_NS' not found
07-25 19:36:08.509   766   863 E NetlinkEvent: NetlinkEvent::FindParam(): Parameter 'UID' not found
07-25 19:36:15.054   766   863 E NetlinkEvent: NetlinkEvent::FindParam(): Parameter 'INTERFACE' not found
07-25 19:36:15.054   766   863 E NetlinkEvent: NetlinkEvent::FindParam(): Parameter 'STATE' not found
07-25 19:36:15.054   766   863 E NetlinkEvent: NetlinkEvent::FindParam(): Parameter 'TIME_NS' not found
07-25 19:36:15.054   766   863 E NetlinkEvent: NetlinkEvent::FindParam(): Parameter 'UID' not found
07-25 19:36:35.666   766   863 E NetlinkEvent: NetlinkEvent::FindParam(): Parameter 'INTERFACE' not found
07-25 19:36:35.666   766   863 E NetlinkEvent: NetlinkEvent::FindParam(): Parameter 'STATE' not found
07-25 19:36:35.666   766   863 E NetlinkEvent: NetlinkEvent::FindParam(): Parameter 'TIME_NS' not found
07-25 19:36:35.666   766   863 E NetlinkEvent: NetlinkEvent::FindParam(): Parameter 'UID' not found
07-25 19:36:48.239   766   863 E NetlinkEvent: NetlinkEvent::FindParam(): Parameter 'INTERFACE' not found
07-25 19:36:48.239   766   863 E NetlinkEvent: NetlinkEvent::FindParam(): Parameter 'STATE' not found
07-25 19:36:48.239   766   863 E NetlinkEvent: NetlinkEvent::FindParam(): Parameter 'TIME_NS' not found
07-25 19:36:48.239   766   863 E NetlinkEvent: NetlinkEvent::FindParam(): Parameter 'UID' not found
07-25 19:37:14.715  1708  2125 E KernelCpuUidActiveTimeReader: Negative delta from active time for uid: 10072, delta: -8
07-25 19:37:14.715  1708  2125 E KernelCpuUidActiveTimeReader: Negative delta from active time for uid: 10216, delta: -14
07-25 19:37:14.715  1708  2125 E KernelCpuUidActiveTimeReader: Negative delta from active time for uid: 10093, delta: -18
07-25 19:37:14.715  1708  2125 E KernelCpuUidActiveTimeReader: Negative delta from active time for uid: 10169, delta: -5
07-25 19:37:14.715  1708  2125 E KernelCpuUidActiveTimeReader: Negative delta from active time for uid: 10232, delta: -34
07-25 19:37:14.715  1708  2125 E KernelCpuUidActiveTimeReader: Negative delta from active time for uid: 10219, delta: -15
07-25 19:37:14.715  1708  2125 E KernelCpuUidActiveTimeReader: Negative delta from active time for uid: 10154, delta: -16
07-25 19:37:14.715  1708  2125 E KernelCpuUidActiveTimeReader: Negative delta from active time for uid: 10060, delta: -1
07-25 19:37:14.716  1708  2125 E KernelCpuUidActiveTimeReader: Negative delta from active time for uid: 10170, delta: -13
07-25 19:37:14.716  1708  2125 E KernelCpuUidActiveTimeReader: Negative delta from active time for uid: 10173, delta: -11
07-25 19:37:14.716  1708  2125 E KernelCpuUidActiveTimeReader: Negative delta from active time for uid: 10129, delta: -11
07-25 19:37:44.537   766   863 E NetlinkEvent: NetlinkEvent::FindParam(): Parameter 'INTERFACE' not found
07-25 19:37:44.537   766   863 E NetlinkEvent: NetlinkEvent::FindParam(): Parameter 'STATE' not found
07-25 19:37:44.537   766   863 E NetlinkEvent: NetlinkEvent::FindParam(): Parameter 'TIME_NS' not found
07-25 19:37:44.537   766   863 E NetlinkEvent: NetlinkEvent::FindParam(): Parameter 'UID' not found
07-25 19:38:46.013   766   863 E NetlinkEvent: NetlinkEvent::FindParam(): Parameter 'INTERFACE' not found
07-25 19:38:46.013   766   863 E NetlinkEvent: NetlinkEvent::FindParam(): Parameter 'STATE' not found
07-25 19:38:46.013   766   863 E NetlinkEvent: NetlinkEvent::FindParam(): Parameter 'TIME_NS' not found
07-25 19:38:46.013   766   863 E NetlinkEvent: NetlinkEvent::FindParam(): Parameter 'UID' not found
07-25 19:39:03.203   766   863 E NetlinkEvent: NetlinkEvent::FindParam(): Parameter 'INTERFACE' not found
07-25 19:39:03.203   766   863 E NetlinkEvent: NetlinkEvent::FindParam(): Parameter 'STATE' not found
07-25 19:39:03.203   766   863 E NetlinkEvent: NetlinkEvent::FindParam(): Parameter 'TIME_NS' not found
07-25 19:39:03.203   766   863 E NetlinkEvent: NetlinkEvent::FindParam(): Parameter 'UID' not found
07-25 19:39:44.835   766   863 E NetlinkEvent: NetlinkEvent::FindParam(): Parameter 'INTERFACE' not found
07-25 19:39:44.835   766   863 E NetlinkEvent: NetlinkEvent::FindParam(): Parameter 'STATE' not found
07-25 19:39:44.835   766   863 E NetlinkEvent: NetlinkEvent::FindParam(): Parameter 'TIME_NS' not found
07-25 19:39:44.835   766   863 E NetlinkEvent: NetlinkEvent::FindParam(): Parameter 'UID' not found
07-25 19:40:09.938  1708  2125 E KernelCpuUidActiveTimeReader: Negative delta from active time for uid: 10072, delta: -8
07-25 19:40:09.938  1708  2125 E KernelCpuUidActiveTimeReader: Negative delta from active time for uid: 10216, delta: -14
07-25 19:40:09.938  1708  2125 E KernelCpuUidActiveTimeReader: Negative delta from active time for uid: 10093, delta: -18
07-25 19:40:09.938  1708  2125 E KernelCpuUidActiveTimeReader: Negative delta from active time for uid: 10169, delta: -5
07-25 19:40:09.938  1708  2125 E KernelCpuUidActiveTimeReader: Negative delta from active time for uid: 10232, delta: -34
07-25 19:40:09.939  1708  2125 E KernelCpuUidActiveTimeReader: Negative delta from active time for uid: 10219, delta: -15
07-25 19:40:09.939  1708  2125 E KernelCpuUidActiveTimeReader: Negative delta from active time for uid: 10154, delta: -16
07-25 19:40:09.939  1708  2125 E KernelCpuUidActiveTimeReader: Negative delta from active time for uid: 10060, delta: -1
07-25 19:40:09.939  1708  2125 E KernelCpuUidActiveTimeReader: Negative delta from active time for uid: 10170, delta: -13
07-25 19:40:09.939  1708  2125 E KernelCpuUidActiveTimeReader: Negative delta from active time for uid: 10173, delta: -11
07-25 19:40:09.939  1708  2125 E KernelCpuUidActiveTimeReader: Negative delta from active time for uid: 10129, delta: -11
07-25 19:41:04.527   766   863 E NetlinkEvent: NetlinkEvent::FindParam(): Parameter 'INTERFACE' not found
07-25 19:41:04.527   766   863 E NetlinkEvent: NetlinkEvent::FindParam(): Parameter 'STATE' not found
07-25 19:41:04.527   766   863 E NetlinkEvent: NetlinkEvent::FindParam(): Parameter 'TIME_NS' not found
07-25 19:41:04.527   766   863 E NetlinkEvent: NetlinkEvent::FindParam(): Parameter 'UID' not found
07-25 19:41:48.873  1708  2125 E KernelCpuUidActiveTimeReader: Negative delta from active time for uid: 10072, delta: -8
07-25 19:41:48.873  1708  2125 E KernelCpuUidActiveTimeReader: Negative delta from active time for uid: 10216, delta: -14
07-25 19:41:48.873  1708  2125 E KernelCpuUidActiveTimeReader: Negative delta from active time for uid: 10093, delta: -18
07-25 19:41:48.873  1708  2125 E KernelCpuUidActiveTimeReader: Negative delta from active time for uid: 10169, delta: -5
07-25 19:41:48.873  1708  2125 E KernelCpuUidActiveTimeReader: Negative delta from active time for uid: 10232, delta: -34
07-25 19:41:48.873  1708  2125 E KernelCpuUidActiveTimeReader: Negative delta from active time for uid: 10219, delta: -15
07-25 19:41:48.873  1708  2125 E KernelCpuUidActiveTimeReader: Negative delta from active time for uid: 10154, delta: -16
07-25 19:41:48.873  1708  2125 E KernelCpuUidActiveTimeReader: Negative delta from active time for uid: 10060, delta: -1
07-25 19:41:48.873  1708  2125 E KernelCpuUidActiveTimeReader: Negative delta from active time for uid: 10170, delta: -13
07-25 19:41:48.874  1708  2125 E KernelCpuUidActiveTimeReader: Negative delta from active time for uid: 10173, delta: -11
07-25 19:41:48.874  1708  2125 E KernelCpuUidActiveTimeReader: Negative delta from active time for uid: 10129, delta: -11
07-25 19:42:17.611   766   863 E NetlinkEvent: NetlinkEvent::FindParam(): Parameter 'INTERFACE' not found
07-25 19:42:17.611   766   863 E NetlinkEvent: NetlinkEvent::FindParam(): Parameter 'STATE' not found
07-25 19:42:17.611   766   863 E NetlinkEvent: NetlinkEvent::FindParam(): Parameter 'TIME_NS' not found
07-25 19:42:17.611   766   863 E NetlinkEvent: NetlinkEvent::FindParam(): Parameter 'UID' not found
07-25 19:43:46.103  1708  2125 E KernelCpuUidActiveTimeReader: Negative delta from active time for uid: 10072, delta: -8
07-25 19:43:46.103  1708  2125 E KernelCpuUidActiveTimeReader: Negative delta from active time for uid: 10216, delta: -14
07-25 19:43:46.103  1708  2125 E KernelCpuUidActiveTimeReader: Negative delta from active time for uid: 10093, delta: -18
07-25 19:43:46.104  1708  2125 E KernelCpuUidActiveTimeReader: Negative delta from active time for uid: 10169, delta: -5
07-25 19:43:46.104  1708  2125 E KernelCpuUidActiveTimeReader: Negative delta from active time for uid: 10232, delta: -34
07-25 19:43:46.104  1708  2125 E KernelCpuUidActiveTimeReader: Negative delta from active time for uid: 10219, delta: -15
07-25 19:43:46.104  1708  2125 E KernelCpuUidActiveTimeReader: Negative delta from active time for uid: 10154, delta: -16
07-25 19:43:46.104  1708  2125 E KernelCpuUidActiveTimeReader: Negative delta from active time for uid: 10060, delta: -1
07-25 19:43:46.104  1708  2125 E KernelCpuUidActiveTimeReader: Negative delta from active time for uid: 10170, delta: -13
07-25 19:43:46.105  1708  2125 E KernelCpuUidActiveTimeReader: Negative delta from active time for uid: 10173, delta: -11
07-25 19:43:46.105  1708  2125 E KernelCpuUidActiveTimeReader: Negative delta from active time for uid: 10129, delta: -11
07-25 19:44:50.632  1708  2125 E KernelCpuUidActiveTimeReader: Negative delta from active time for uid: 10072, delta: -8
07-25 19:44:50.633  1708  2125 E KernelCpuUidActiveTimeReader: Negative delta from active time for uid: 10216, delta: -14
07-25 19:44:50.633  1708  2125 E KernelCpuUidActiveTimeReader: Negative delta from active time for uid: 10093, delta: -18
07-25 19:44:50.633  1708  2125 E KernelCpuUidActiveTimeReader: Negative delta from active time for uid: 10169, delta: -5
07-25 19:44:50.633  1708  2125 E KernelCpuUidActiveTimeReader: Negative delta from active time for uid: 10232, delta: -34
07-25 19:44:50.634  1708  2125 E KernelCpuUidActiveTimeReader: Negative delta from active time for uid: 10219, delta: -15
07-25 19:44:50.634  1708  2125 E KernelCpuUidActiveTimeReader: Negative delta from active time for uid: 10154, delta: -16
07-25 19:44:50.634  1708  2125 E KernelCpuUidActiveTimeReader: Negative delta from active time for uid: 10060, delta: -1
07-25 19:44:50.634  1708  2125 E KernelCpuUidActiveTimeReader: Negative delta from active time for uid: 10170, delta: -13
07-25 19:44:50.635  1708  2125 E KernelCpuUidActiveTimeReader: Negative delta from active time for uid: 10173, delta: -11
07-25 19:44:50.635  1708  2125 E KernelCpuUidActiveTimeReader: Negative delta from active time for uid: 10129, delta: -11
07-25 19:45:06.487   766   863 E NetlinkEvent: NetlinkEvent::FindParam(): Parameter 'INTERFACE' not found
07-25 19:45:06.487   766   863 E NetlinkEvent: NetlinkEvent::FindParam(): Parameter 'STATE' not found
07-25 19:45:06.487   766   863 E NetlinkEvent: NetlinkEvent::FindParam(): Parameter 'TIME_NS' not found
07-25 19:45:06.487   766   863 E NetlinkEvent: NetlinkEvent::FindParam(): Parameter 'UID' not found
07-25 19:45:40.303  1708  2125 E KernelCpuUidActiveTimeReader: Negative delta from active time for uid: 10072, delta: -8
07-25 19:45:40.303  1708  2125 E KernelCpuUidActiveTimeReader: Negative delta from active time for uid: 10216, delta: -14
07-25 19:45:40.303  1708  2125 E KernelCpuUidActiveTimeReader: Negative delta from active time for uid: 10093, delta: -18
07-25 19:45:40.303  1708  2125 E KernelCpuUidActiveTimeReader: Negative delta from active time for uid: 10169, delta: -5
07-25 19:45:40.303  1708  2125 E KernelCpuUidActiveTimeReader: Negative delta from active time for uid: 10232, delta: -34
07-25 19:45:40.303  1708  2125 E KernelCpuUidActiveTimeReader: Negative delta from active time for uid: 10219, delta: -15
07-25 19:45:40.304  1708  2125 E KernelCpuUidActiveTimeReader: Negative delta from active time for uid: 10154, delta: -16
07-25 19:45:40.304  1708  2125 E KernelCpuUidActiveTimeReader: Negative delta from active time for uid: 10060, delta: -1
07-25 19:45:40.304  1708  2125 E KernelCpuUidActiveTimeReader: Negative delta from active time for uid: 10170, delta: -13
07-25 19:45:40.304  1708  2125 E KernelCpuUidActiveTimeReader: Negative delta from active time for uid: 10173, delta: -11
07-25 19:45:40.304  1708  2125 E KernelCpuUidActiveTimeReader: Negative delta from active time for uid: 10129, delta: -11
07-25 19:45:41.573  1708  1708 E JobScheduler.Concurrency: Error executing JobStatus{11ae3a1 #u0a252/-2147483477 com.linkedin.android/androidx.work.impl.background.systemjob.SystemJobService u=0 s=10252 TIME=-11m30s748ms:none READY}
07-25 19:46:40.280  1708  2125 E KernelCpuUidActiveTimeReader: Negative delta from active time for uid: 10072, delta: -8
07-25 19:46:40.280  1708  2125 E KernelCpuUidActiveTimeReader: Negative delta from active time for uid: 10216, delta: -14
07-25 19:46:40.280  1708  2125 E KernelCpuUidActiveTimeReader: Negative delta from active time for uid: 10093, delta: -18
07-25 19:46:40.280  1708  2125 E KernelCpuUidActiveTimeReader: Negative delta from active time for uid: 10169, delta: -5
07-25 19:46:40.281  1708  2125 E KernelCpuUidActiveTimeReader: Negative delta from active time for uid: 10232, delta: -34
07-25 19:46:40.281  1708  2125 E KernelCpuUidActiveTimeReader: Negative delta from active time for uid: 10219, delta: -15
07-25 19:46:40.281  1708  2125 E KernelCpuUidActiveTimeReader: Negative delta from active time for uid: 10154, delta: -16
07-25 19:46:40.282  1708  2125 E KernelCpuUidActiveTimeReader: Negative delta from active time for uid: 10060, delta: -1
07-25 19:46:40.282  1708  2125 E KernelCpuUidActiveTimeReader: Negative delta from active time for uid: 10170, delta: -13
07-25 19:46:40.282  1708  2125 E KernelCpuUidActiveTimeReader: Negative delta from active time for uid: 10173, delta: -11
07-25 19:46:40.282  1708  2125 E KernelCpuUidActiveTimeReader: Negative delta from active time for uid: 10129, delta: -11
07-25 19:47:18.665   766   863 E NetlinkEvent: NetlinkEvent::FindParam(): Parameter 'INTERFACE' not found
07-25 19:47:18.665   766   863 E NetlinkEvent: NetlinkEvent::FindParam(): Parameter 'STATE' not found
07-25 19:47:18.665   766   863 E NetlinkEvent: NetlinkEvent::FindParam(): Parameter 'TIME_NS' not found
07-25 19:47:18.665   766   863 E NetlinkEvent: NetlinkEvent::FindParam(): Parameter 'UID' not found
07-25 19:48:20.150   766   863 E NetlinkEvent: NetlinkEvent::FindParam(): Parameter 'INTERFACE' not found
07-25 19:48:20.150   766   863 E NetlinkEvent: NetlinkEvent::FindParam(): Parameter 'STATE' not found
07-25 19:48:20.150   766   863 E NetlinkEvent: NetlinkEvent::FindParam(): Parameter 'TIME_NS' not found
07-25 19:48:20.150   766   863 E NetlinkEvent: NetlinkEvent::FindParam(): Parameter 'UID' not found
07-25 19:48:44.236  1708  2125 E KernelCpuUidActiveTimeReader: Negative delta from active time for uid: 10072, delta: -8
07-25 19:48:44.236  1708  2125 E KernelCpuUidActiveTimeReader: Negative delta from active time for uid: 10216, delta: -14
07-25 19:48:44.236  1708  2125 E KernelCpuUidActiveTimeReader: Negative delta from active time for uid: 10093, delta: -18
07-25 19:48:44.236  1708  2125 E KernelCpuUidActiveTimeReader: Negative delta from active time for uid: 10169, delta: -5
07-25 19:48:44.236  1708  2125 E KernelCpuUidActiveTimeReader: Negative delta from active time for uid: 10232, delta: -34
07-25 19:48:44.237  1708  2125 E KernelCpuUidActiveTimeReader: Negative delta from active time for uid: 10219, delta: -15
07-25 19:48:44.237  1708  2125 E KernelCpuUidActiveTimeReader: Negative delta from active time for uid: 10154, delta: -16
07-25 19:48:44.237  1708  2125 E KernelCpuUidActiveTimeReader: Negative delta from active time for uid: 10060, delta: -1
07-25 19:48:44.237  1708  2125 E KernelCpuUidActiveTimeReader: Negative delta from active time for uid: 10170, delta: -13
07-25 19:48:44.237  1708  2125 E KernelCpuUidActiveTimeReader: Negative delta from active time for uid: 10173, delta: -11
07-25 19:48:44.237  1708  2125 E KernelCpuUidActiveTimeReader: Negative delta from active time for uid: 10129, delta: -11
07-25 19:48:55.690   766   863 E NetlinkEvent: NetlinkEvent::FindParam(): Parameter 'INTERFACE' not found
07-25 19:48:55.690   766   863 E NetlinkEvent: NetlinkEvent::FindParam(): Parameter 'STATE' not found
07-25 19:48:55.690   766   863 E NetlinkEvent: NetlinkEvent::FindParam(): Parameter 'TIME_NS' not found
07-25 19:48:55.690   766   863 E NetlinkEvent: NetlinkEvent::FindParam(): Parameter 'UID' not found
07-25 19:49:48.234  1708  2125 E KernelCpuUidActiveTimeReader: Negative delta from active time for uid: 10072, delta: -8
07-25 19:49:48.235  1708  2125 E KernelCpuUidActiveTimeReader: Negative delta from active time for uid: 10216, delta: -14
07-25 19:49:48.235  1708  2125 E KernelCpuUidActiveTimeReader: Negative delta from active time for uid: 10093, delta: -18
07-25 19:49:48.235  1708  2125 E KernelCpuUidActiveTimeReader: Negative delta from active time for uid: 10169, delta: -5
07-25 19:49:48.235  1708  2125 E KernelCpuUidActiveTimeReader: Negative delta from active time for uid: 10232, delta: -34
07-25 19:49:48.235  1708  2125 E KernelCpuUidActiveTimeReader: Negative delta from active time for uid: 10219, delta: -15
07-25 19:49:48.235  1708  2125 E KernelCpuUidActiveTimeReader: Negative delta from active time for uid: 10154, delta: -16
07-25 19:49:48.235  1708  2125 E KernelCpuUidActiveTimeReader: Negative delta from active time for uid: 10060, delta: -1
07-25 19:49:48.235  1708  2125 E KernelCpuUidActiveTimeReader: Negative delta from active time for uid: 10170, delta: -13
07-25 19:49:48.236  1708  2125 E KernelCpuUidActiveTimeReader: Negative delta from active time for uid: 10173, delta: -11
07-25 19:49:48.236  1708  2125 E KernelCpuUidActiveTimeReader: Negative delta from active time for uid: 10129, delta: -11
07-25 19:50:21.289   766   863 E NetlinkEvent: NetlinkEvent::FindParam(): Parameter 'INTERFACE' not found
07-25 19:50:21.289   766   863 E NetlinkEvent: NetlinkEvent::FindParam(): Parameter 'STATE' not found
07-25 19:50:21.289   766   863 E NetlinkEvent: NetlinkEvent::FindParam(): Parameter 'TIME_NS' not found
07-25 19:50:21.289   766   863 E NetlinkEvent: NetlinkEvent::FindParam(): Parameter 'UID' not found
07-25 19:50:52.988   766   863 E NetlinkEvent: NetlinkEvent::FindParam(): Parameter 'INTERFACE' not found
07-25 19:50:52.988   766   863 E NetlinkEvent: NetlinkEvent::FindParam(): Parameter 'STATE' not found
07-25 19:50:52.988   766   863 E NetlinkEvent: NetlinkEvent::FindParam(): Parameter 'TIME_NS' not found
07-25 19:50:52.988   766   863 E NetlinkEvent: NetlinkEvent::FindParam(): Parameter 'UID' not found
07-25 19:51:21.385   766   863 E NetlinkEvent: NetlinkEvent::FindParam(): Parameter 'INTERFACE' not found
07-25 19:51:21.385   766   863 E NetlinkEvent: NetlinkEvent::FindParam(): Parameter 'STATE' not found
07-25 19:51:21.385   766   863 E NetlinkEvent: NetlinkEvent::FindParam(): Parameter 'TIME_NS' not found
07-25 19:51:21.385   766   863 E NetlinkEvent: NetlinkEvent::FindParam(): Parameter 'UID' not found
07-25 19:51:22.388  1708  2125 E KernelCpuUidActiveTimeReader: Negative delta from active time for uid: 10072, delta: -8
07-25 19:51:22.389  1708  2125 E KernelCpuUidActiveTimeReader: Negative delta from active time for uid: 10216, delta: -14
07-25 19:51:22.389  1708  2125 E KernelCpuUidActiveTimeReader: Negative delta from active time for uid: 10093, delta: -18
07-25 19:51:22.389  1708  2125 E KernelCpuUidActiveTimeReader: Negative delta from active time for uid: 10169, delta: -5
07-25 19:51:22.389  1708  2125 E KernelCpuUidActiveTimeReader: Negative delta from active time for uid: 10232, delta: -34
07-25 19:51:22.389  1708  2125 E KernelCpuUidActiveTimeReader: Negative delta from active time for uid: 10219, delta: -15
07-25 19:51:22.389  1708  2125 E KernelCpuUidActiveTimeReader: Negative delta from active time for uid: 10154, delta: -16
07-25 19:51:22.389  1708  2125 E KernelCpuUidActiveTimeReader: Negative delta from active time for uid: 10060, delta: -1
07-25 19:51:22.389  1708  2125 E KernelCpuUidActiveTimeReader: Negative delta from active time for uid: 10170, delta: -13
07-25 19:51:22.390  1708  2125 E KernelCpuUidActiveTimeReader: Negative delta from active time for uid: 10173, delta: -11
07-25 19:51:22.390  1708  2125 E KernelCpuUidActiveTimeReader: Negative delta from active time for uid: 10129, delta: -11
07-25 19:52:55.958  1708  2125 E KernelCpuUidActiveTimeReader: Negative delta from active time for uid: 10072, delta: -8
07-25 19:52:55.958  1708  2125 E KernelCpuUidActiveTimeReader: Negative delta from active time for uid: 10216, delta: -14
07-25 19:52:55.958  1708  2125 E KernelCpuUidActiveTimeReader: Negative delta from active time for uid: 10093, delta: -18
07-25 19:52:55.958  1708  2125 E KernelCpuUidActiveTimeReader: Negative delta from active time for uid: 10169, delta: -5
07-25 19:52:55.958  1708  2125 E KernelCpuUidActiveTimeReader: Negative delta from active time for uid: 10232, delta: -34
07-25 19:52:55.958  1708  2125 E KernelCpuUidActiveTimeReader: Negative delta from active time for uid: 10219, delta: -15
07-25 19:52:55.959  1708  2125 E KernelCpuUidActiveTimeReader: Negative delta from active time for uid: 10154, delta: -16
07-25 19:52:55.959  1708  2125 E KernelCpuUidActiveTimeReader: Negative delta from active time for uid: 10060, delta: -1
07-25 19:52:55.959  1708  2125 E KernelCpuUidActiveTimeReader: Negative delta from active time for uid: 10170, delta: -13
07-25 19:52:55.959  1708  2125 E KernelCpuUidActiveTimeReader: Negative delta from active time for uid: 10173, delta: -11
07-25 19:52:55.959  1708  2125 E KernelCpuUidActiveTimeReader: Negative delta from active time for uid: 10129, delta: -11
07-25 19:52:56.848   766   863 E NetlinkEvent: NetlinkEvent::FindParam(): Parameter 'INTERFACE' not found
07-25 19:52:56.848   766   863 E NetlinkEvent: NetlinkEvent::FindParam(): Parameter 'STATE' not found
07-25 19:52:56.848   766   863 E NetlinkEvent: NetlinkEvent::FindParam(): Parameter 'TIME_NS' not found
07-25 19:52:56.848   766   863 E NetlinkEvent: NetlinkEvent::FindParam(): Parameter 'UID' not found
07-25 19:52:57.012  1708  2125 E KernelCpuUidActiveTimeReader: Negative delta from active time for uid: 10072, delta: -8
07-25 19:52:57.012  1708  2125 E KernelCpuUidActiveTimeReader: Negative delta from active time for uid: 10216, delta: -14
07-25 19:52:57.012  1708  2125 E KernelCpuUidActiveTimeReader: Negative delta from active time for uid: 10093, delta: -18
07-25 19:52:57.012  1708  2125 E KernelCpuUidActiveTimeReader: Negative delta from active time for uid: 10169, delta: -5
07-25 19:52:57.012  1708  2125 E KernelCpuUidActiveTimeReader: Negative delta from active time for uid: 10232, delta: -34
07-25 19:52:57.012  1708  2125 E KernelCpuUidActiveTimeReader: Negative delta from active time for uid: 10219, delta: -15
07-25 19:52:57.012  1708  2125 E KernelCpuUidActiveTimeReader: Negative delta from active time for uid: 10154, delta: -16
07-25 19:52:57.012  1708  2125 E KernelCpuUidActiveTimeReader: Negative delta from active time for uid: 10060, delta: -1
07-25 19:52:57.012  1708  2125 E KernelCpuUidActiveTimeReader: Negative delta from active time for uid: 10170, delta: -13
07-25 19:52:57.012  1708  2125 E KernelCpuUidActiveTimeReader: Negative delta from active time for uid: 10173, delta: -11
07-25 19:52:57.013  1708  2125 E KernelCpuUidActiveTimeReader: Negative delta from active time for uid: 10129, delta: -11
07-25 19:53:05.999  1708  2125 E KernelCpuUidActiveTimeReader: Negative delta from active time for uid: 10072, delta: -8
07-25 19:53:05.999  1708  2125 E KernelCpuUidActiveTimeReader: Negative delta from active time for uid: 10216, delta: -14
07-25 19:53:05.999  1708  2125 E KernelCpuUidActiveTimeReader: Negative delta from active time for uid: 10093, delta: -18
07-25 19:53:05.999  1708  2125 E KernelCpuUidActiveTimeReader: Negative delta from active time for uid: 10169, delta: -5
07-25 19:53:05.999  1708  2125 E KernelCpuUidActiveTimeReader: Negative delta from active time for uid: 10232, delta: -34
07-25 19:53:06.000  1708  2125 E KernelCpuUidActiveTimeReader: Negative delta from active time for uid: 10219, delta: -15
07-25 19:53:06.000  1708  2125 E KernelCpuUidActiveTimeReader: Negative delta from active time for uid: 10154, delta: -16
07-25 19:53:06.000  1708  2125 E KernelCpuUidActiveTimeReader: Negative delta from active time for uid: 10060, delta: -1
07-25 19:53:06.000  1708  2125 E KernelCpuUidActiveTimeReader: Negative delta from active time for uid: 10170, delta: -13
07-25 19:53:06.000  1708  2125 E KernelCpuUidActiveTimeReader: Negative delta from active time for uid: 10173, delta: -11
07-25 19:53:06.000  1708  2125 E KernelCpuUidActiveTimeReader: Negative delta from active time for uid: 10129, delta: -11
07-25 19:53:16.064  6010  6352 E KernelRpmStatsReader: Failure in reading rpm stats
07-25 19:53:16.064  6010  6352 E KernelRpmStatsReader: java.io.FileNotFoundException: /sys/power/system_sleep/stats: open failed: EACCES (Permission denied)
07-25 19:53:16.064  6010  6352 E KernelRpmStatsReader: 	at libcore.io.IoBridge.open(IoBridge.java:574)
07-25 19:53:16.064  6010  6352 E KernelRpmStatsReader: 	at java.io.FileInputStream.<init>(FileInputStream.java:179)
07-25 19:53:16.064  6010  6352 E KernelRpmStatsReader: 	at java.io.FileInputStream.<init>(FileInputStream.java:133)
07-25 19:53:16.064  6010  6352 E KernelRpmStatsReader: 	at com.miui.powerkeeper.utils.KernelRpmStatsReader.readRpmStatsType1(Unknown Source:19)
07-25 19:53:16.064  6010  6352 E KernelRpmStatsReader: 	at com.miui.powerkeeper.utils.KernelRpmStatsReader.readRpmStats(Unknown Source:63)
07-25 19:53:16.064  6010  6352 E KernelRpmStatsReader: 	at com.miui.powerkeeper.powerchecker.PowerCheckerService.requestKernelRpmStatsUpdate(Unknown Source:4)
07-25 19:53:16.064  6010  6352 E KernelRpmStatsReader: 	at com.miui.powerkeeper.powerchecker.PowerCheckerService.addBatteryHistoryRecord(Unknown Source:38)
07-25 19:53:16.064  6010  6352 E KernelRpmStatsReader: 	at com.miui.powerkeeper.powerchecker.PowerCheckerService.updateBatteryLevelChanged(Unknown Source:8)
07-25 19:53:16.064  6010  6352 E KernelRpmStatsReader: 	at com.miui.powerkeeper.powerchecker.PowerCheckerService.access$3800(Unknown Source:0)
07-25 19:53:16.064  6010  6352 E KernelRpmStatsReader: 	at com.miui.powerkeeper.powerchecker.PowerCheckerService$PowerCheckHandler.handleMessage(Unknown Source:72)
07-25 19:53:16.064  6010  6352 E KernelRpmStatsReader: 	at android.os.Handler.dispatchMessage(Handler.java:106)
07-25 19:53:16.064  6010  6352 E KernelRpmStatsReader: 	at android.os.Looper.loopOnce(Looper.java:211)
07-25 19:53:16.064  6010  6352 E KernelRpmStatsReader: 	at android.os.Looper.loop(Looper.java:300)
07-25 19:53:16.064  6010  6352 E KernelRpmStatsReader: 	at android.os.HandlerThread.run(HandlerThread.java:67)
07-25 19:53:16.064  6010  6352 E KernelRpmStatsReader: Caused by: android.system.ErrnoException: open failed: EACCES (Permission denied)
07-25 19:53:16.064  6010  6352 E KernelRpmStatsReader: 	at libcore.io.Linux.open(Native Method)
07-25 19:53:16.064  6010  6352 E KernelRpmStatsReader: 	at libcore.io.ForwardingOs.open(ForwardingOs.java:563)
07-25 19:53:16.064  6010  6352 E KernelRpmStatsReader: 	at libcore.io.BlockGuardOs.open(BlockGuardOs.java:274)
07-25 19:53:16.064  6010  6352 E KernelRpmStatsReader: 	at libcore.io.ForwardingOs.open(ForwardingOs.java:563)
07-25 19:53:16.064  6010  6352 E KernelRpmStatsReader: 	at android.app.ActivityThread$AndroidOs.open(ActivityThread.java:8192)
07-25 19:53:16.064  6010  6352 E KernelRpmStatsReader: 	at libcore.io.IoBridge.open(IoBridge.java:560)
07-25 19:53:16.064  6010  6352 E KernelRpmStatsReader: 	... 13 more
07-25 19:53:22.961  1708  2125 E KernelCpuUidActiveTimeReader: Negative delta from active time for uid: 10072, delta: -8
07-25 19:53:22.961  1708  2125 E KernelCpuUidActiveTimeReader: Negative delta from active time for uid: 10216, delta: -14
07-25 19:53:22.961  1708  2125 E KernelCpuUidActiveTimeReader: Negative delta from active time for uid: 10093, delta: -18
07-25 19:53:22.961  1708  2125 E KernelCpuUidActiveTimeReader: Negative delta from active time for uid: 10169, delta: -5
07-25 19:53:22.961  1708  2125 E KernelCpuUidActiveTimeReader: Negative delta from active time for uid: 10232, delta: -34
07-25 19:53:22.961  1708  2125 E KernelCpuUidActiveTimeReader: Negative delta from active time for uid: 10219, delta: -15
07-25 19:53:22.962  1708  2125 E KernelCpuUidActiveTimeReader: Negative delta from active time for uid: 10154, delta: -16
07-25 19:53:22.962  1708  2125 E KernelCpuUidActiveTimeReader: Negative delta from active time for uid: 10060, delta: -1
07-25 19:53:22.962  1708  2125 E KernelCpuUidActiveTimeReader: Negative delta from active time for uid: 10170, delta: -13
07-25 19:53:22.962  1708  2125 E KernelCpuUidActiveTimeReader: Negative delta from active time for uid: 10173, delta: -11
07-25 19:53:22.962  1708  2125 E KernelCpuUidActiveTimeReader: Negative delta from active time for uid: 10129, delta: -11
07-25 19:54:43.518   766   863 E NetlinkEvent: NetlinkEvent::FindParam(): Parameter 'INTERFACE' not found
07-25 19:54:43.518   766   863 E NetlinkEvent: NetlinkEvent::FindParam(): Parameter 'STATE' not found
07-25 19:54:43.518   766   863 E NetlinkEvent: NetlinkEvent::FindParam(): Parameter 'TIME_NS' not found
07-25 19:54:43.518   766   863 E NetlinkEvent: NetlinkEvent::FindParam(): Parameter 'UID' not found
07-25 19:54:50.022  1708  2125 E KernelCpuUidActiveTimeReader: Negative delta from active time for uid: 10072, delta: -8
07-25 19:54:50.022  1708  2125 E KernelCpuUidActiveTimeReader: Negative delta from active time for uid: 10216, delta: -14
07-25 19:54:50.022  1708  2125 E KernelCpuUidActiveTimeReader: Negative delta from active time for uid: 10093, delta: -18
07-25 19:54:50.022  1708  2125 E KernelCpuUidActiveTimeReader: Negative delta from active time for uid: 10169, delta: -5
07-25 19:54:50.022  1708  2125 E KernelCpuUidActiveTimeReader: Negative delta from active time for uid: 10232, delta: -34
07-25 19:54:50.023  1708  2125 E KernelCpuUidActiveTimeReader: Negative delta from active time for uid: 10219, delta: -15
07-25 19:54:50.023  1708  2125 E KernelCpuUidActiveTimeReader: Negative delta from active time for uid: 10154, delta: -16
07-25 19:54:50.024  1708  2125 E KernelCpuUidActiveTimeReader: Negative delta from active time for uid: 10060, delta: -1
07-25 19:54:50.024  1708  2125 E KernelCpuUidActiveTimeReader: Negative delta from active time for uid: 10170, delta: -13
07-25 19:54:50.024  1708  2125 E KernelCpuUidActiveTimeReader: Negative delta from active time for uid: 10173, delta: -11
07-25 19:54:50.025  1708  2125 E KernelCpuUidActiveTimeReader: Negative delta from active time for uid: 10129, delta: -11
07-25 19:54:50.746 29279 29301 E ActivityThread: Failed to find provider info for com.miui.personalassistant.widget.external
07-25 19:54:54.203  2884  2884 E miui_keyguard_password: checkPasswordForUsers onChecked; result = true, mUserIdMatched = 0, mUserIdLocked: 0, mThrottleTimeout = 0
07-25 19:54:54.526  1708  2048 E AlarmManager: Attempt to decrement existing alarm count 0 by 1 for uid 1000
07-25 19:54:55.066  1708  1708 E AlarmManager: Attempt to decrement existing alarm count 0 by 1 for uid 1000
07-25 19:54:55.842 29362 29362 E MiuiMultiWindowUtils: initFreeFormResolutionArgs failed, device is lime
07-25 19:54:56.809  1708  2445 E AppOps  : checkOperation
07-25 19:54:56.809  1708  2445 E AppOps  : java.lang.SecurityException: Specified package com.android.chrome under uid 90000 but it is not
07-25 19:54:56.809  1708  2445 E AppOps  : 	at com.android.server.appop.AppOpsService.verifyAndGetBypass(AppOpsService.java:4796)
07-25 19:54:56.809  1708  2445 E AppOps  : 	at com.android.server.appop.AppOpsService.verifyAndGetBypass(AppOpsService.java:4688)
07-25 19:54:56.809  1708  2445 E AppOps  : 	at com.android.server.appop.AppOpsService.checkOperationUnchecked(AppOpsService.java:3277)
07-25 19:54:56.809  1708  2445 E AppOps  : 	at com.android.server.appop.AppOpsService.checkOperationImpl(AppOpsService.java:3260)
07-25 19:54:56.809  1708  2445 E AppOps  : 	at com.android.server.appop.AppOpsService.access$3700(AppOpsService.java:221)
07-25 19:54:56.809  1708  2445 E AppOps  : 	at com.android.server.appop.AppOpsService$CheckOpsDelegateDispatcher.lambda$checkOperation$0(AppOpsService.java:7689)
07-25 19:54:56.809  1708  2445 E AppOps  : 	at com.android.server.appop.AppOpsService$CheckOpsDelegateDispatcher$$ExternalSyntheticLambda17.apply(Unknown Source:25)
07-25 19:54:56.809  1708  2445 E AppOps  : 	at com.android.server.policy.AppOpsPolicy.checkOperation(AppOpsPolicy.java:205)
07-25 19:54:56.809  1708  2445 E AppOps  : 	at com.android.server.appop.AppOpsService$CheckOpsDelegateDispatcher.checkOperation(AppOpsService.java:7688)
07-25 19:54:56.809  1708  2445 E AppOps  : 	at com.android.server.appop.AppOpsService.checkOperation(AppOpsService.java:3247)
07-25 19:54:56.809  1708  2445 E AppOps  : 	at android.app.AppOpsManager.checkOpNoThrow(AppOpsManager.java:8747)
07-25 19:54:56.809  1708  2445 E AppOps  : 	at android.miui.AppOpsUtils.getApplicationAutoStart(AppOpsUtils.java:84)
07-25 19:54:56.809  1708  2445 E AppOps  : 	at com.android.server.am.AppStateManager$AppState$RunningProcess$1.run(AppStateManager.java:1484)
07-25 19:54:56.809  1708  2445 E AppOps  : 	at android.os.Handler.handleCallback(Handler.java:938)
07-25 19:54:56.809  1708  2445 E AppOps  : 	at android.os.Handler.dispatchMessage(Handler.java:99)
07-25 19:54:56.809  1708  2445 E AppOps  : 	at android.os.Looper.loopOnce(Looper.java:211)
07-25 19:54:56.809  1708  2445 E AppOps  : 	at android.os.Looper.loop(Looper.java:300)
07-25 19:54:56.809  1708  2445 E AppOps  : 	at android.os.HandlerThread.run(HandlerThread.java:67)
07-25 19:54:56.840 29591 29591 E MQSEventManagerDelegate: failed to get MQSService.
07-25 19:54:56.882 29591 29591 E ForceDarkHelperStubImpl: getForceDarkOriginState transact failed , mService: null
07-25 19:54:58.302  1708  4325 E TaskPersister: File error accessing recents directory (directory doesn't exist?).
07-25 19:55:01.958 30232 30232 E MQSEventManagerDelegate: failed to get MQSService.
07-25 19:55:01.983  1708  2445 E AppOps  : checkOperation
07-25 19:55:01.983  1708  2445 E AppOps  : java.lang.SecurityException: Specified package com.android.chrome under uid 90001 but it is not
07-25 19:55:01.983  1708  2445 E AppOps  : 	at com.android.server.appop.AppOpsService.verifyAndGetBypass(AppOpsService.java:4796)
07-25 19:55:01.983  1708  2445 E AppOps  : 	at com.android.server.appop.AppOpsService.verifyAndGetBypass(AppOpsService.java:4688)
07-25 19:55:01.983  1708  2445 E AppOps  : 	at com.android.server.appop.AppOpsService.checkOperationUnchecked(AppOpsService.java:3277)
07-25 19:55:01.983  1708  2445 E AppOps  : 	at com.android.server.appop.AppOpsService.checkOperationImpl(AppOpsService.java:3260)
07-25 19:55:01.983  1708  2445 E AppOps  : 	at com.android.server.appop.AppOpsService.access$3700(AppOpsService.java:221)
07-25 19:55:01.983  1708  2445 E AppOps  : 	at com.android.server.appop.AppOpsService$CheckOpsDelegateDispatcher.lambda$checkOperation$0(AppOpsService.java:7689)
07-25 19:55:01.983  1708  2445 E AppOps  : 	at com.android.server.appop.AppOpsService$CheckOpsDelegateDispatcher$$ExternalSyntheticLambda17.apply(Unknown Source:25)
07-25 19:55:01.983  1708  2445 E AppOps  : 	at com.android.server.policy.AppOpsPolicy.checkOperation(AppOpsPolicy.java:205)
07-25 19:55:01.983  1708  2445 E AppOps  : 	at com.android.server.appop.AppOpsService$CheckOpsDelegateDispatcher.checkOperation(AppOpsService.java:7688)
07-25 19:55:01.983  1708  2445 E AppOps  : 	at com.android.server.appop.AppOpsService.checkOperation(AppOpsService.java:3247)
07-25 19:55:01.983  1708  2445 E AppOps  : 	at android.app.AppOpsManager.checkOpNoThrow(AppOpsManager.java:8747)
07-25 19:55:01.983  1708  2445 E AppOps  : 	at android.miui.AppOpsUtils.getApplicationAutoStart(AppOpsUtils.java:84)
07-25 19:55:01.983  1708  2445 E AppOps  : 	at com.android.server.am.AppStateManager$AppState$RunningProcess$1.run(AppStateManager.java:1484)
07-25 19:55:01.983  1708  2445 E AppOps  : 	at android.os.Handler.handleCallback(Handler.java:938)
07-25 19:55:01.983  1708  2445 E AppOps  : 	at android.os.Handler.dispatchMessage(Handler.java:99)
07-25 19:55:01.983  1708  2445 E AppOps  : 	at android.os.Looper.loopOnce(Looper.java:211)
07-25 19:55:01.983  1708  2445 E AppOps  : 	at android.os.Looper.loop(Looper.java:300)
07-25 19:55:01.983  1708  2445 E AppOps  : 	at android.os.HandlerThread.run(HandlerThread.java:67)
07-25 19:55:02.144 30232 30232 E ForceDarkHelperStubImpl: getForceDarkOriginState transact failed , mService: null
07-25 19:55:03.723  1708  4452 E PackageDexUsage: Unsupported context?
07-25 19:55:03.889  1708  4330 E PackageDexUsage: Unsupported context?
07-25 19:55:07.771 27564 29871 E SystemConfig: SystemConfig is being accessed by a process other than system_server.
07-25 19:55:08.263 27564 29871 E SystemConfig: SystemConfig is being accessed by a process other than system_server.
07-25 19:55:08.269 27564 29871 E SystemConfig: SystemConfig is being accessed by a process other than system_server.
07-25 19:55:21.185  1708  2125 E KernelCpuUidActiveTimeReader: Negative delta from active time for uid: 10072, delta: -8
07-25 19:55:21.185  1708  2125 E KernelCpuUidActiveTimeReader: Negative delta from active time for uid: 10216, delta: -14
07-25 19:55:21.185  1708  2125 E KernelCpuUidActiveTimeReader: Negative delta from active time for uid: 10093, delta: -18
07-25 19:55:21.185  1708  2125 E KernelCpuUidActiveTimeReader: Negative delta from active time for uid: 10169, delta: -5
07-25 19:55:21.185  1708  2125 E KernelCpuUidActiveTimeReader: Negative delta from active time for uid: 10232, delta: -34
07-25 19:55:21.185  1708  2125 E KernelCpuUidActiveTimeReader: Negative delta from active time for uid: 10219, delta: -15
07-25 19:55:21.185  1708  2125 E KernelCpuUidActiveTimeReader: Negative delta from active time for uid: 10154, delta: -16
07-25 19:55:21.185  1708  2125 E KernelCpuUidActiveTimeReader: Negative delta from active time for uid: 10060, delta: -1
07-25 19:55:21.185  1708  2125 E KernelCpuUidActiveTimeReader: Negative delta from active time for uid: 10170, delta: -13
07-25 19:55:21.185  1708  2125 E KernelCpuUidActiveTimeReader: Negative delta from active time for uid: 10173, delta: -11
07-25 19:55:21.185  1708  2125 E KernelCpuUidActiveTimeReader: Negative delta from active time for uid: 10129, delta: -11
07-25 19:55:41.522  1708  2125 E KernelCpuUidActiveTimeReader: Negative delta from active time for uid: 10072, delta: -8
07-25 19:55:41.522  1708  2125 E KernelCpuUidActiveTimeReader: Negative delta from active time for uid: 10216, delta: -14
07-25 19:55:41.522  1708  2125 E KernelCpuUidActiveTimeReader: Negative delta from active time for uid: 10093, delta: -18
07-25 19:55:41.522  1708  2125 E KernelCpuUidActiveTimeReader: Negative delta from active time for uid: 10169, delta: -5
07-25 19:55:41.523  1708  2125 E KernelCpuUidActiveTimeReader: Negative delta from active time for uid: 10232, delta: -34
07-25 19:55:41.523  1708  2125 E KernelCpuUidActiveTimeReader: Negative delta from active time for uid: 10219, delta: -15
07-25 19:55:41.523  1708  2125 E KernelCpuUidActiveTimeReader: Negative delta from active time for uid: 10154, delta: -16
07-25 19:55:41.523  1708  2125 E KernelCpuUidActiveTimeReader: Negative delta from active time for uid: 10060, delta: -1
07-25 19:55:41.523  1708  2125 E KernelCpuUidActiveTimeReader: Negative delta from active time for uid: 10170, delta: -13
07-25 19:55:41.523  1708  2125 E KernelCpuUidActiveTimeReader: Negative delta from active time for uid: 10173, delta: -11
07-25 19:55:41.523  1708  2125 E KernelCpuUidActiveTimeReader: Negative delta from active time for uid: 10129, delta: -11
07-25 19:55:41.530  1708  2445 E AppOps  : checkOperation
07-25 19:55:41.530  1708  2445 E AppOps  : java.lang.SecurityException: Specified package com.android.chrome under uid 90002 but it is not
07-25 19:55:41.530  1708  2445 E AppOps  : 	at com.android.server.appop.AppOpsService.verifyAndGetBypass(AppOpsService.java:4796)
07-25 19:55:41.530  1708  2445 E AppOps  : 	at com.android.server.appop.AppOpsService.verifyAndGetBypass(AppOpsService.java:4688)
07-25 19:55:41.530  1708  2445 E AppOps  : 	at com.android.server.appop.AppOpsService.checkOperationUnchecked(AppOpsService.java:3277)
07-25 19:55:41.530  1708  2445 E AppOps  : 	at com.android.server.appop.AppOpsService.checkOperationImpl(AppOpsService.java:3260)
07-25 19:55:41.530  1708  2445 E AppOps  : 	at com.android.server.appop.AppOpsService.access$3700(AppOpsService.java:221)
07-25 19:55:41.530  1708  2445 E AppOps  : 	at com.android.server.appop.AppOpsService$CheckOpsDelegateDispatcher.lambda$checkOperation$0(AppOpsService.java:7689)
07-25 19:55:41.530  1708  2445 E AppOps  : 	at com.android.server.appop.AppOpsService$CheckOpsDelegateDispatcher$$ExternalSyntheticLambda17.apply(Unknown Source:25)
07-25 19:55:41.530  1708  2445 E AppOps  : 	at com.android.server.policy.AppOpsPolicy.checkOperation(AppOpsPolicy.java:205)
07-25 19:55:41.530  1708  2445 E AppOps  : 	at com.android.server.appop.AppOpsService$CheckOpsDelegateDispatcher.checkOperation(AppOpsService.java:7688)
07-25 19:55:41.530  1708  2445 E AppOps  : 	at com.android.server.appop.AppOpsService.checkOperation(AppOpsService.java:3247)
07-25 19:55:41.530  1708  2445 E AppOps  : 	at android.app.AppOpsManager.checkOpNoThrow(AppOpsManager.java:8747)
07-25 19:55:41.530  1708  2445 E AppOps  : 	at android.miui.AppOpsUtils.getApplicationAutoStart(AppOpsUtils.java:84)
07-25 19:55:41.530  1708  2445 E AppOps  : 	at com.android.server.am.AppStateManager$AppState$RunningProcess$1.run(AppStateManager.java:1484)
07-25 19:55:41.530  1708  2445 E AppOps  : 	at android.os.Handler.handleCallback(Handler.java:938)
07-25 19:55:41.530  1708  2445 E AppOps  : 	at android.os.Handler.dispatchMessage(Handler.java:99)
