07-26 05:04:21.045  1708  2125 E KernelCpuUidActiveTimeReader: Negative delta from active time for uid: 10093, delta: -18
07-26 05:04:21.045  1708  2125 E KernelCpuUidActiveTimeReader: Negative delta from active time for uid: 10169, delta: -5
07-26 05:04:21.045  1708  2125 E KernelCpuUidActiveTimeReader: Negative delta from active time for uid: 10232, delta: -34
07-26 05:04:21.045  1708  2125 E KernelCpuUidActiveTimeReader: Negative delta from active time for uid: 10219, delta: -15
07-26 05:04:21.045  1708  2125 E KernelCpuUidActiveTimeReader: Negative delta from active time for uid: 10154, delta: -16
07-26 05:04:21.045  1708  2125 E KernelCpuUidActiveTimeReader: Negative delta from active time for uid: 10060, delta: -1
07-26 05:04:21.045  1708  2125 E KernelCpuUidActiveTimeReader: Negative delta from active time for uid: 10170, delta: -13
07-26 05:04:21.045  1708  2125 E KernelCpuUidActiveTimeReader: Negative delta from active time for uid: 10173, delta: -11
07-26 05:04:21.045  1708  2125 E KernelCpuUidActiveTimeReader: Negative delta from active time for uid: 10129, delta: -11
07-26 05:12:34.974  1708  2125 E KernelCpuUidActiveTimeReader: Negative delta from active time for uid: 10072, delta: -8
07-26 05:12:34.974  1708  2125 E KernelCpuUidActiveTimeReader: Negative delta from active time for uid: 10216, delta: -14
07-26 05:12:34.974  1708  2125 E KernelCpuUidActiveTimeReader: Negative delta from active time for uid: 10093, delta: -18
07-26 05:12:34.974  1708  2125 E KernelCpuUidActiveTimeReader: Negative delta from active time for uid: 10169, delta: -5
07-26 05:12:34.974  1708  2125 E KernelCpuUidActiveTimeReader: Negative delta from active time for uid: 10232, delta: -34
07-26 05:12:34.974  1708  2125 E KernelCpuUidActiveTimeReader: Negative delta from active time for uid: 10219, delta: -15
07-26 05:12:34.974  1708  2125 E KernelCpuUidActiveTimeReader: Negative delta from active time for uid: 10154, delta: -16
07-26 05:12:34.974  1708  2125 E KernelCpuUidActiveTimeReader: Negative delta from active time for uid: 10060, delta: -1
07-26 05:12:34.974  1708  2125 E KernelCpuUidActiveTimeReader: Negative delta from active time for uid: 10170, delta: -13
07-26 05:12:34.974  1708  2125 E KernelCpuUidActiveTimeReader: Negative delta from active time for uid: 10173, delta: -11
07-26 05:12:34.975  1708  2125 E KernelCpuUidActiveTimeReader: Negative delta from active time for uid: 10129, delta: -11
07-26 05:24:41.757  1708  2125 E KernelCpuUidActiveTimeReader: Negative delta from active time for uid: 10072, delta: -8
07-26 05:24:41.757  1708  2125 E KernelCpuUidActiveTimeReader: Negative delta from active time for uid: 10216, delta: -14
07-26 05:24:41.757  1708  2125 E KernelCpuUidActiveTimeReader: Negative delta from active time for uid: 10093, delta: -18
07-26 05:24:41.757  1708  2125 E KernelCpuUidActiveTimeReader: Negative delta from active time for uid: 10169, delta: -5
07-26 05:24:41.757  1708  2125 E KernelCpuUidActiveTimeReader: Negative delta from active time for uid: 10232, delta: -34
07-26 05:24:41.757  1708  2125 E KernelCpuUidActiveTimeReader: Negative delta from active time for uid: 10219, delta: -15
07-26 05:24:41.757  1708  2125 E KernelCpuUidActiveTimeReader: Negative delta from active time for uid: 10154, delta: -16
07-26 05:24:41.757  1708  2125 E KernelCpuUidActiveTimeReader: Negative delta from active time for uid: 10060, delta: -1
07-26 05:24:41.757  1708  2125 E KernelCpuUidActiveTimeReader: Negative delta from active time for uid: 10170, delta: -13
07-26 05:24:41.757  1708  2125 E KernelCpuUidActiveTimeReader: Negative delta from active time for uid: 10173, delta: -11
07-26 05:24:41.758  1708  2125 E KernelCpuUidActiveTimeReader: Negative delta from active time for uid: 10129, delta: -11
07-26 05:24:42.408  1708  4375 E ActivityManager: Failure starting process com.google.android.gms
07-26 05:24:42.408  1708  4375 E ActivityManager: java.lang.SecurityException: Package com.google.android.gms was not found!
07-26 05:24:42.408  1708  4375 E ActivityManager: 	at com.android.server.pm.PackageManagerService.checkPackageStartable(PackageManagerService.java:8762)
07-26 05:24:42.408  1708  4375 E ActivityManager: 	at com.android.server.am.ProcessList.startProcessLocked(ProcessList.java:1876)
07-26 05:24:42.408  1708  4375 E ActivityManager: 	at com.android.server.am.ProcessList.startProcessLocked(ProcessList.java:2511)
07-26 05:24:42.408  1708  4375 E ActivityManager: 	at com.android.server.am.ProcessList.startProcessLocked(ProcessList.java:2658)
07-26 05:24:42.408  1708  4375 E ActivityManager: 	at com.android.server.am.ActivityManagerService.startProcessLocked(ActivityManagerService.java:2751)
07-26 05:24:42.408  1708  4375 E ActivityManager: 	at com.android.server.am.ActiveServices.bringUpServiceLocked(ActiveServices.java:4027)
07-26 05:24:42.408  1708  4375 E ActivityManager: 	at com.android.server.am.ActiveServices.bindServiceLocked(ActiveServices.java:2900)
07-26 05:24:42.408  1708  4375 E ActivityManager: 	at com.android.server.am.ActivityManagerService.bindIsolatedService(ActivityManagerService.java:12443)
07-26 05:24:42.408  1708  4375 E ActivityManager: 	at android.app.IActivityManager$Stub.onTransact(IActivityManager.java:2719)
07-26 05:24:42.408  1708  4375 E ActivityManager: 	at com.android.server.am.ActivityManagerService.onTransact(ActivityManagerService.java:2559)
07-26 05:24:42.408  1708  4375 E ActivityManager: 	at android.os.Binder.execTransactInternal(Binder.java:1182)
07-26 05:24:42.408  1708  4375 E ActivityManager: 	at android.os.Binder.execTransact(Binder.java:1146)
07-26 05:24:44.683  1708  3197 E PackageDexUsage: Unsupported context?
07-26 05:24:44.821  1708  4380 E PackageDexUsage: Unsupported context?
07-26 05:24:45.276  1708  2125 E KernelCpuUidActiveTimeReader: Negative delta from active time for uid: 10072, delta: -8
07-26 05:24:45.276  1708  2125 E KernelCpuUidActiveTimeReader: Negative delta from active time for uid: 10216, delta: -14
07-26 05:24:45.276  1708  2125 E KernelCpuUidActiveTimeReader: Negative delta from active time for uid: 10093, delta: -18
07-26 05:24:45.276  1708  2125 E KernelCpuUidActiveTimeReader: Negative delta from active time for uid: 10169, delta: -5
07-26 05:24:45.276  1708  2125 E KernelCpuUidActiveTimeReader: Negative delta from active time for uid: 10232, delta: -34
07-26 05:24:45.276  1708  2125 E KernelCpuUidActiveTimeReader: Negative delta from active time for uid: 10219, delta: -15
07-26 05:24:45.276  1708  2125 E KernelCpuUidActiveTimeReader: Negative delta from active time for uid: 10154, delta: -16
07-26 05:24:45.276  1708  2125 E KernelCpuUidActiveTimeReader: Negative delta from active time for uid: 10060, delta: -1
07-26 05:24:45.276  1708  2125 E KernelCpuUidActiveTimeReader: Negative delta from active time for uid: 10170, delta: -13
07-26 05:24:45.276  1708  2125 E KernelCpuUidActiveTimeReader: Negative delta from active time for uid: 10173, delta: -11
07-26 05:24:45.276  1708  2125 E KernelCpuUidActiveTimeReader: Negative delta from active time for uid: 10129, delta: -11
07-26 05:24:48.826  1708  2125 E KernelCpuUidActiveTimeReader: Negative delta from active time for uid: 10072, delta: -8
07-26 05:24:48.826  1708  2125 E KernelCpuUidActiveTimeReader: Negative delta from active time for uid: 10216, delta: -14
07-26 05:24:48.826  1708  2125 E KernelCpuUidActiveTimeReader: Negative delta from active time for uid: 10093, delta: -18
07-26 05:24:48.826  1708  2125 E KernelCpuUidActiveTimeReader: Negative delta from active time for uid: 10169, delta: -5
07-26 05:24:48.826  1708  2125 E KernelCpuUidActiveTimeReader: Negative delta from active time for uid: 10232, delta: -34
07-26 05:24:48.826  1708  2125 E KernelCpuUidActiveTimeReader: Negative delta from active time for uid: 10219, delta: -15
07-26 05:24:48.826  1708  2125 E KernelCpuUidActiveTimeReader: Negative delta from active time for uid: 10154, delta: -16
07-26 05:24:48.826  1708  2125 E KernelCpuUidActiveTimeReader: Negative delta from active time for uid: 10060, delta: -1
07-26 05:24:48.826  1708  2125 E KernelCpuUidActiveTimeReader: Negative delta from active time for uid: 10170, delta: -13
07-26 05:24:48.827  1708  2125 E KernelCpuUidActiveTimeReader: Negative delta from active time for uid: 10173, delta: -11
07-26 05:24:48.827  1708  2125 E KernelCpuUidActiveTimeReader: Negative delta from active time for uid: 10129, delta: -11
07-26 05:24:49.706  3337  3337 E ActivityThread: Activity com.miui.carousel.feature.ui.lockscreen.LockScreenActivity has leaked IntentReceiver com.miui.carousel.feature.ui.BaseMiuixActivity$LockscreenActionReceiver@bfeded3 that was originally registered here. Are you missing a call to unregisterReceiver()?
07-26 05:24:49.706  3337  3337 E ActivityThread: android.app.IntentReceiverLeaked: Activity com.miui.carousel.feature.ui.lockscreen.LockScreenActivity has leaked IntentReceiver com.miui.carousel.feature.ui.BaseMiuixActivity$LockscreenActionReceiver@bfeded3 that was originally registered here. Are you missing a call to unregisterReceiver()?
07-26 05:24:49.706  3337  3337 E ActivityThread: 	at android.app.LoadedApk$ReceiverDispatcher.<init>(LoadedApk.java:1736)
07-26 05:24:49.706  3337  3337 E ActivityThread: 	at android.app.LoadedApk.getReceiverDispatcher(LoadedApk.java:1507)
07-26 05:24:49.706  3337  3337 E ActivityThread: 	at android.app.ContextImpl.registerReceiverInternal(ContextImpl.java:1768)
07-26 05:24:49.706  3337  3337 E ActivityThread: 	at android.app.ContextImpl.registerReceiver(ContextImpl.java:1734)
07-26 05:24:49.706  3337  3337 E ActivityThread: 	at android.app.ContextImpl.registerReceiver(ContextImpl.java:1722)
07-26 05:24:49.706  3337  3337 E ActivityThread: 	at android.content.ContextWrapper.registerReceiver(ContextWrapper.java:736)
07-26 05:24:49.706  3337  3337 E ActivityThread: 	at com.miui.cw.base.compat.b.a(SourceFile:26)
07-26 05:24:49.706  3337  3337 E ActivityThread: 	at com.miui.carousel.feature.ui.BaseMiuixActivity.registerLockscreenActionBroadcast(SourceFile:26)
07-26 05:24:49.706  3337  3337 E ActivityThread: 	at com.miui.carousel.feature.ui.BaseMiuixActivity.onCreate(SourceFile:51)
07-26 05:24:49.706  3337  3337 E ActivityThread: 	at com.miui.carousel.feature.ui.lockscreen.LockScreenActivity.onCreate(SourceFile:1)
07-26 05:24:49.706  3337  3337 E ActivityThread: 	at android.app.Activity.performCreate(Activity.java:8198)
07-26 05:24:49.706  3337  3337 E ActivityThread: 	at android.app.Activity.performCreate(Activity.java:8165)
07-26 05:24:49.706  3337  3337 E ActivityThread: 	at android.app.Instrumentation.callActivityOnCreate(Instrumentation.java:1342)
07-26 05:24:49.706  3337  3337 E ActivityThread: 	at android.app.ActivityThread.performLaunchActivity(ActivityThread.java:3754)
07-26 05:24:49.706  3337  3337 E ActivityThread: 	at android.app.ActivityThread.handleLaunchActivity(ActivityThread.java:3941)
07-26 05:24:49.706  3337  3337 E ActivityThread: 	at android.app.servertransaction.LaunchActivityItem.execute(LaunchActivityItem.java:103)
07-26 05:24:49.706  3337  3337 E ActivityThread: 	at android.app.servertransaction.TransactionExecutor.executeCallbacks(TransactionExecutor.java:135)
07-26 05:24:49.706  3337  3337 E ActivityThread: 	at android.app.servertransaction.TransactionExecutor.execute(TransactionExecutor.java:95)
07-26 05:24:49.706  3337  3337 E ActivityThread: 	at android.app.ActivityThread$H.handleMessage(ActivityThread.java:2291)
07-26 05:24:49.706  3337  3337 E ActivityThread: 	at android.os.Handler.dispatchMessage(Handler.java:106)
07-26 05:24:49.706  3337  3337 E ActivityThread: 	at android.os.Looper.loopOnce(Looper.java:211)
07-26 05:24:49.706  3337  3337 E ActivityThread: 	at android.os.Looper.loop(Looper.java:300)
07-26 05:24:49.706  3337  3337 E ActivityThread: 	at android.app.ActivityThread.main(ActivityThread.java:8322)
07-26 05:24:49.706  3337  3337 E ActivityThread: 	at java.lang.reflect.Method.invoke(Native Method)
07-26 05:24:49.706  3337  3337 E ActivityThread: 	at com.android.internal.os.RuntimeInit$MethodAndArgsCaller.run(RuntimeInit.java:556)
07-26 05:24:49.706  3337  3337 E ActivityThread: 	at com.android.internal.os.ZygoteInit.main(ZygoteInit.java:1038)
07-26 05:24:50.142  5416  5463 E ActivityThread: Failed to find provider info for com.miui.personalassistant.widget.external
07-26 05:25:00.143  1708  2125 E KernelCpuUidActiveTimeReader: Negative delta from active time for uid: 10072, delta: -8
07-26 05:25:00.143  1708  2125 E KernelCpuUidActiveTimeReader: Negative delta from active time for uid: 10216, delta: -14
07-26 05:25:00.143  1708  2125 E KernelCpuUidActiveTimeReader: Negative delta from active time for uid: 10093, delta: -18
07-26 05:25:00.143  1708  2125 E KernelCpuUidActiveTimeReader: Negative delta from active time for uid: 10169, delta: -5
07-26 05:25:00.143  1708  2125 E KernelCpuUidActiveTimeReader: Negative delta from active time for uid: 10232, delta: -34
07-26 05:25:00.144  1708  2125 E KernelCpuUidActiveTimeReader: Negative delta from active time for uid: 10219, delta: -15
07-26 05:25:00.144  1708  2125 E KernelCpuUidActiveTimeReader: Negative delta from active time for uid: 10154, delta: -16
07-26 05:25:00.144  1708  2125 E KernelCpuUidActiveTimeReader: Negative delta from active time for uid: 10060, delta: -1
07-26 05:25:00.144  1708  2125 E KernelCpuUidActiveTimeReader: Negative delta from active time for uid: 10170, delta: -13
07-26 05:25:00.144  1708  2125 E KernelCpuUidActiveTimeReader: Negative delta from active time for uid: 10173, delta: -11
07-26 05:25:00.145  1708  2125 E KernelCpuUidActiveTimeReader: Negative delta from active time for uid: 10129, delta: -11
07-26 05:32:28.003  1708  4201 E NotificationVibratorHelper: Error creating vibration waveform with pattern: [0]
07-26 05:48:42.056  1708  2125 E KernelCpuUidActiveTimeReader: Negative delta from active time for uid: 10072, delta: -8
07-26 05:48:42.056  1708  2125 E KernelCpuUidActiveTimeReader: Negative delta from active time for uid: 10216, delta: -14
07-26 05:48:42.056  1708  2125 E KernelCpuUidActiveTimeReader: Negative delta from active time for uid: 10093, delta: -18
07-26 05:48:42.056  1708  2125 E KernelCpuUidActiveTimeReader: Negative delta from active time for uid: 10169, delta: -5
07-26 05:48:42.056  1708  2125 E KernelCpuUidActiveTimeReader: Negative delta from active time for uid: 10232, delta: -34
07-26 05:48:42.056  1708  2125 E KernelCpuUidActiveTimeReader: Negative delta from active time for uid: 10219, delta: -15
07-26 05:48:42.056  1708  2125 E KernelCpuUidActiveTimeReader: Negative delta from active time for uid: 10154, delta: -16
07-26 05:48:42.056  1708  2125 E KernelCpuUidActiveTimeReader: Negative delta from active time for uid: 10060, delta: -1
07-26 05:48:42.056  1708  2125 E KernelCpuUidActiveTimeReader: Negative delta from active time for uid: 10170, delta: -13
07-26 05:48:42.056  1708  2125 E KernelCpuUidActiveTimeReader: Negative delta from active time for uid: 10173, delta: -11
07-26 05:48:42.057  1708  2125 E KernelCpuUidActiveTimeReader: Negative delta from active time for uid: 10129, delta: -11
07-26 06:00:00.948  1708  4543 E ActivityTaskManager: Abort background activity starts from 10137
07-26 06:00:01.496  5958  5974 E ActivityThread: Failed to find provider info for com.miui.personalassistant.widget.external
07-26 06:00:01.566 31028 31028 E MiuiMultiWindowUtils: initFreeFormResolutionArgs failed, device is lime
07-26 06:00:02.362  1708  2125 E KernelCpuUidActiveTimeReader: Negative delta from active time for uid: 10072, delta: -8
07-26 06:00:02.362  1708  2125 E KernelCpuUidActiveTimeReader: Negative delta from active time for uid: 10216, delta: -14
07-26 06:00:02.363  1708  2125 E KernelCpuUidActiveTimeReader: Negative delta from active time for uid: 10093, delta: -18
07-26 06:00:02.363  1708  2125 E KernelCpuUidActiveTimeReader: Negative delta from active time for uid: 10169, delta: -5
07-26 06:00:02.365  1708  2125 E KernelCpuUidActiveTimeReader: Negative delta from active time for uid: 10232, delta: -34
07-26 06:00:02.365  1708  2125 E KernelCpuUidActiveTimeReader: Negative delta from active time for uid: 10219, delta: -15
07-26 06:00:02.365  1708  2125 E KernelCpuUidActiveTimeReader: Negative delta from active time for uid: 10154, delta: -16
07-26 06:00:02.366  1708  2125 E KernelCpuUidActiveTimeReader: Negative delta from active time for uid: 10060, delta: -1
07-26 06:00:02.367  1708  2125 E KernelCpuUidActiveTimeReader: Negative delta from active time for uid: 10170, delta: -13
07-26 06:00:02.368  1708  2125 E KernelCpuUidActiveTimeReader: Negative delta from active time for uid: 10173, delta: -11
07-26 06:00:02.369  1708  2125 E KernelCpuUidActiveTimeReader: Negative delta from active time for uid: 10129, delta: -11
07-26 06:00:06.395 31028 31028 E ActivityThread: Failed to find provider info for miui.statusbar.notification.public
07-26 06:00:07.070  1708  2125 E KernelCpuUidActiveTimeReader: Negative delta from active time for uid: 10072, delta: -8
07-26 06:00:07.070  1708  2125 E KernelCpuUidActiveTimeReader: Negative delta from active time for uid: 10216, delta: -14
07-26 06:00:07.070  1708  2125 E KernelCpuUidActiveTimeReader: Negative delta from active time for uid: 10093, delta: -18
07-26 06:00:07.070  1708  2125 E KernelCpuUidActiveTimeReader: Negative delta from active time for uid: 10169, delta: -5
07-26 06:00:07.070  1708  2125 E KernelCpuUidActiveTimeReader: Negative delta from active time for uid: 10232, delta: -34
07-26 06:00:07.070  1708  2125 E KernelCpuUidActiveTimeReader: Negative delta from active time for uid: 10219, delta: -15
07-26 06:00:07.070  1708  2125 E KernelCpuUidActiveTimeReader: Negative delta from active time for uid: 10154, delta: -16
07-26 06:00:07.070  1708  2125 E KernelCpuUidActiveTimeReader: Negative delta from active time for uid: 10060, delta: -1
07-26 06:00:07.070  1708  2125 E KernelCpuUidActiveTimeReader: Negative delta from active time for uid: 10170, delta: -13
07-26 06:00:07.071  1708  2125 E KernelCpuUidActiveTimeReader: Negative delta from active time for uid: 10173, delta: -11
07-26 06:00:07.071  1708  2125 E KernelCpuUidActiveTimeReader: Negative delta from active time for uid: 10129, delta: -11
07-26 06:10:00.820  1708  2125 E KernelCpuUidActiveTimeReader: Negative delta from active time for uid: 10072, delta: -8
07-26 06:10:00.820  1708  2125 E KernelCpuUidActiveTimeReader: Negative delta from active time for uid: 10216, delta: -14
07-26 06:10:00.820  1708  2125 E KernelCpuUidActiveTimeReader: Negative delta from active time for uid: 10093, delta: -18
07-26 06:10:00.820  1708  2125 E KernelCpuUidActiveTimeReader: Negative delta from active time for uid: 10169, delta: -5
07-26 06:10:00.820  1708  2125 E KernelCpuUidActiveTimeReader: Negative delta from active time for uid: 10232, delta: -34
07-26 06:10:00.820  1708  2125 E KernelCpuUidActiveTimeReader: Negative delta from active time for uid: 10219, delta: -15
07-26 06:10:00.821  1708  2125 E KernelCpuUidActiveTimeReader: Negative delta from active time for uid: 10154, delta: -16
07-26 06:10:00.821  1708  2125 E KernelCpuUidActiveTimeReader: Negative delta from active time for uid: 10060, delta: -1
07-26 06:10:00.821  1708  2125 E KernelCpuUidActiveTimeReader: Negative delta from active time for uid: 10170, delta: -13
07-26 06:10:00.821  1708  2125 E KernelCpuUidActiveTimeReader: Negative delta from active time for uid: 10173, delta: -11
07-26 06:10:00.821  1708  2125 E KernelCpuUidActiveTimeReader: Negative delta from active time for uid: 10129, delta: -11
07-26 06:10:01.980  1708  2125 E KernelCpuUidActiveTimeReader: Negative delta from active time for uid: 10072, delta: -8
07-26 06:10:01.981  1708  2125 E KernelCpuUidActiveTimeReader: Negative delta from active time for uid: 10216, delta: -14
07-26 06:10:01.981  1708  2125 E KernelCpuUidActiveTimeReader: Negative delta from active time for uid: 10093, delta: -18
07-26 06:10:01.981  1708  2125 E KernelCpuUidActiveTimeReader: Negative delta from active time for uid: 10169, delta: -5
07-26 06:10:01.981  1708  2125 E KernelCpuUidActiveTimeReader: Negative delta from active time for uid: 10232, delta: -34
07-26 06:10:01.981  1708  2125 E KernelCpuUidActiveTimeReader: Negative delta from active time for uid: 10219, delta: -15
07-26 06:10:01.981  1708  2125 E KernelCpuUidActiveTimeReader: Negative delta from active time for uid: 10154, delta: -16
07-26 06:10:01.981  1708  2125 E KernelCpuUidActiveTimeReader: Negative delta from active time for uid: 10060, delta: -1
07-26 06:10:01.981  1708  2125 E KernelCpuUidActiveTimeReader: Negative delta from active time for uid: 10170, delta: -13
07-26 06:10:01.982  1708  2125 E KernelCpuUidActiveTimeReader: Negative delta from active time for uid: 10173, delta: -11
07-26 06:10:01.982  1708  2125 E KernelCpuUidActiveTimeReader: Negative delta from active time for uid: 10129, delta: -11
07-26 06:10:08.397 31028 31028 E ActivityThread: Failed to find provider info for miui.statusbar.notification.public
07-26 06:10:09.095  1708  2125 E KernelCpuUidActiveTimeReader: Negative delta from active time for uid: 10072, delta: -8
07-26 06:10:09.095  1708  2125 E KernelCpuUidActiveTimeReader: Negative delta from active time for uid: 10216, delta: -14
07-26 06:10:09.095  1708  2125 E KernelCpuUidActiveTimeReader: Negative delta from active time for uid: 10093, delta: -18
07-26 06:10:09.095  1708  2125 E KernelCpuUidActiveTimeReader: Negative delta from active time for uid: 10169, delta: -5
07-26 06:10:09.095  1708  2125 E KernelCpuUidActiveTimeReader: Negative delta from active time for uid: 10232, delta: -34
07-26 06:10:09.095  1708  2125 E KernelCpuUidActiveTimeReader: Negative delta from active time for uid: 10219, delta: -15
07-26 06:10:09.095  1708  2125 E KernelCpuUidActiveTimeReader: Negative delta from active time for uid: 10154, delta: -16
07-26 06:10:09.095  1708  2125 E KernelCpuUidActiveTimeReader: Negative delta from active time for uid: 10060, delta: -1
07-26 06:10:09.095  1708  2125 E KernelCpuUidActiveTimeReader: Negative delta from active time for uid: 10170, delta: -13
07-26 06:10:09.095  1708  2125 E KernelCpuUidActiveTimeReader: Negative delta from active time for uid: 10173, delta: -11
07-26 06:10:09.095  1708  2125 E KernelCpuUidActiveTimeReader: Negative delta from active time for uid: 10129, delta: -11
07-26 06:18:22.000  1708  2125 E KernelCpuUidActiveTimeReader: Negative delta from active time for uid: 10072, delta: -8
07-26 06:18:22.000  1708  2125 E KernelCpuUidActiveTimeReader: Negative delta from active time for uid: 10216, delta: -14
07-26 06:18:22.000  1708  2125 E KernelCpuUidActiveTimeReader: Negative delta from active time for uid: 10093, delta: -18
07-26 06:18:22.000  1708  2125 E KernelCpuUidActiveTimeReader: Negative delta from active time for uid: 10169, delta: -5
07-26 06:18:22.000  1708  2125 E KernelCpuUidActiveTimeReader: Negative delta from active time for uid: 10232, delta: -34
07-26 06:18:22.001  1708  2125 E KernelCpuUidActiveTimeReader: Negative delta from active time for uid: 10219, delta: -15
07-26 06:18:22.001  1708  2125 E KernelCpuUidActiveTimeReader: Negative delta from active time for uid: 10154, delta: -16
07-26 06:18:22.001  1708  2125 E KernelCpuUidActiveTimeReader: Negative delta from active time for uid: 10060, delta: -1
07-26 06:18:22.001  1708  2125 E KernelCpuUidActiveTimeReader: Negative delta from active time for uid: 10170, delta: -13
07-26 06:18:22.001  1708  2125 E KernelCpuUidActiveTimeReader: Negative delta from active time for uid: 10173, delta: -11
07-26 06:18:22.001  1708  2125 E KernelCpuUidActiveTimeReader: Negative delta from active time for uid: 10129, delta: -11
07-26 06:20:00.919  1708  3197 E ActivityTaskManager: Abort background activity starts from 10137
07-26 06:20:01.947  1708  2125 E KernelCpuUidActiveTimeReader: Negative delta from active time for uid: 10072, delta: -8
07-26 06:20:01.948  1708  2125 E KernelCpuUidActiveTimeReader: Negative delta from active time for uid: 10216, delta: -14
07-26 06:20:01.948  1708  2125 E KernelCpuUidActiveTimeReader: Negative delta from active time for uid: 10093, delta: -18
07-26 06:20:01.948  1708  2125 E KernelCpuUidActiveTimeReader: Negative delta from active time for uid: 10169, delta: -5
07-26 06:20:01.948  1708  2125 E KernelCpuUidActiveTimeReader: Negative delta from active time for uid: 10232, delta: -34
07-26 06:20:01.948  1708  2125 E KernelCpuUidActiveTimeReader: Negative delta from active time for uid: 10219, delta: -15
07-26 06:20:01.948  1708  2125 E KernelCpuUidActiveTimeReader: Negative delta from active time for uid: 10154, delta: -16
07-26 06:20:01.948  1708  2125 E KernelCpuUidActiveTimeReader: Negative delta from active time for uid: 10060, delta: -1
07-26 06:20:01.948  1708  2125 E KernelCpuUidActiveTimeReader: Negative delta from active time for uid: 10170, delta: -13
07-26 06:20:01.948  1708  2125 E KernelCpuUidActiveTimeReader: Negative delta from active time for uid: 10173, delta: -11
07-26 06:20:01.948  1708  2125 E KernelCpuUidActiveTimeReader: Negative delta from active time for uid: 10129, delta: -11
07-26 06:20:04.892 31028  5930 E ActivityThread: Failed to find provider info for com.mi.health.provider.main
07-26 06:20:18.408  1708  2125 E KernelCpuUidActiveTimeReader: Negative delta from active time for uid: 10072, delta: -8
07-26 06:20:18.408  1708  2125 E KernelCpuUidActiveTimeReader: Negative delta from active time for uid: 10216, delta: -14
07-26 06:20:18.408  1708  2125 E KernelCpuUidActiveTimeReader: Negative delta from active time for uid: 10093, delta: -18
07-26 06:20:18.408  1708  2125 E KernelCpuUidActiveTimeReader: Negative delta from active time for uid: 10169, delta: -5
07-26 06:20:18.408  1708  2125 E KernelCpuUidActiveTimeReader: Negative delta from active time for uid: 10232, delta: -34
07-26 06:20:18.408  1708  2125 E KernelCpuUidActiveTimeReader: Negative delta from active time for uid: 10219, delta: -15
07-26 06:20:18.408  1708  2125 E KernelCpuUidActiveTimeReader: Negative delta from active time for uid: 10154, delta: -16
07-26 06:20:18.409  1708  2125 E KernelCpuUidActiveTimeReader: Negative delta from active time for uid: 10060, delta: -1
07-26 06:20:18.409  1708  2125 E KernelCpuUidActiveTimeReader: Negative delta from active time for uid: 10170, delta: -13
07-26 06:20:18.409  1708  2125 E KernelCpuUidActiveTimeReader: Negative delta from active time for uid: 10173, delta: -11
07-26 06:20:18.409  1708  2125 E KernelCpuUidActiveTimeReader: Negative delta from active time for uid: 10129, delta: -11
07-26 06:24:01.974  1708  2125 E KernelCpuUidActiveTimeReader: Negative delta from active time for uid: 10072, delta: -8
07-26 06:24:01.974  1708  2125 E KernelCpuUidActiveTimeReader: Negative delta from active time for uid: 10216, delta: -14
07-26 06:24:01.974  1708  2125 E KernelCpuUidActiveTimeReader: Negative delta from active time for uid: 10093, delta: -18
07-26 06:24:01.974  1708  2125 E KernelCpuUidActiveTimeReader: Negative delta from active time for uid: 10169, delta: -5
07-26 06:24:01.974  1708  2125 E KernelCpuUidActiveTimeReader: Negative delta from active time for uid: 10232, delta: -34
07-26 06:24:01.975  1708  2125 E KernelCpuUidActiveTimeReader: Negative delta from active time for uid: 10219, delta: -15
07-26 06:24:01.975  1708  2125 E KernelCpuUidActiveTimeReader: Negative delta from active time for uid: 10154, delta: -16
07-26 06:24:01.975  1708  2125 E KernelCpuUidActiveTimeReader: Negative delta from active time for uid: 10060, delta: -1
07-26 06:24:01.975  1708  2125 E KernelCpuUidActiveTimeReader: Negative delta from active time for uid: 10170, delta: -13
07-26 06:24:01.975  1708  2125 E KernelCpuUidActiveTimeReader: Negative delta from active time for uid: 10173, delta: -11
07-26 06:24:01.975  1708  2125 E KernelCpuUidActiveTimeReader: Negative delta from active time for uid: 10129, delta: -11
07-26 06:35:05.987  1708  1708 E JobScheduler.Concurrency: Error executing JobStatus{837306e #u0a297/457 com.indus.appstore/androidx.work.impl.background.systemjob.SystemJobService u=0 s=10297 TIME=-30m47s745ms:none READY}
07-26 06:35:06.578  1708  6792 E KeyValueBackupTask: Error during PM metadata backup
07-26 06:35:06.578  1708  6792 E KeyValueBackupTask: com.android.server.backup.keyvalue.TaskException
07-26 06:35:06.578  1708  6792 E KeyValueBackupTask: 	at com.android.server.backup.keyvalue.KeyValueBackupTask.handleTransportStatus(KeyValueBackupTask.java:1127)
07-26 06:35:06.578  1708  6792 E KeyValueBackupTask: 	at com.android.server.backup.keyvalue.KeyValueBackupTask.sendDataToTransport(KeyValueBackupTask.java:1061)
07-26 06:35:06.578  1708  6792 E KeyValueBackupTask: 	at com.android.server.backup.keyvalue.KeyValueBackupTask.sendDataToTransport(KeyValueBackupTask.java:572)
07-26 06:35:06.578  1708  6792 E KeyValueBackupTask: 	at com.android.server.backup.keyvalue.KeyValueBackupTask.backupPm(KeyValueBackupTask.java:675)
07-26 06:35:06.578  1708  6792 E KeyValueBackupTask: 	at com.android.server.backup.keyvalue.KeyValueBackupTask.run(KeyValueBackupTask.java:363)
07-26 06:35:06.578  1708  6792 E KeyValueBackupTask: 	at java.lang.Thread.run(Thread.java:1012)
07-26 06:47:08.942  1708  2125 E KernelCpuUidActiveTimeReader: Negative delta from active time for uid: 10072, delta: -8
07-26 06:47:08.942  1708  2125 E KernelCpuUidActiveTimeReader: Negative delta from active time for uid: 10216, delta: -14
07-26 06:47:08.942  1708  2125 E KernelCpuUidActiveTimeReader: Negative delta from active time for uid: 10093, delta: -18
07-26 06:47:08.942  1708  2125 E KernelCpuUidActiveTimeReader: Negative delta from active time for uid: 10169, delta: -5
07-26 06:47:08.942  1708  2125 E KernelCpuUidActiveTimeReader: Negative delta from active time for uid: 10232, delta: -34
07-26 06:47:08.942  1708  2125 E KernelCpuUidActiveTimeReader: Negative delta from active time for uid: 10219, delta: -15
07-26 06:47:08.942  1708  2125 E KernelCpuUidActiveTimeReader: Negative delta from active time for uid: 10154, delta: -16
07-26 06:47:08.943  1708  2125 E KernelCpuUidActiveTimeReader: Negative delta from active time for uid: 10060, delta: -1
07-26 06:47:08.943  1708  2125 E KernelCpuUidActiveTimeReader: Negative delta from active time for uid: 10170, delta: -13
07-26 06:47:08.943  1708  2125 E KernelCpuUidActiveTimeReader: Negative delta from active time for uid: 10173, delta: -11
07-26 06:47:08.943  1708  2125 E KernelCpuUidActiveTimeReader: Negative delta from active time for uid: 10129, delta: -11
07-26 06:47:08.997  1708  2898 E NotificationVibratorHelper: Error creating vibration waveform with pattern: [0]
07-26 06:48:42.173  1708  2125 E KernelCpuUidActiveTimeReader: Negative delta from active time for uid: 10072, delta: -8
07-26 06:48:42.174  1708  2125 E KernelCpuUidActiveTimeReader: Negative delta from active time for uid: 10216, delta: -14
07-26 06:48:42.174  1708  2125 E KernelCpuUidActiveTimeReader: Negative delta from active time for uid: 10093, delta: -18
07-26 06:48:42.174  1708  2125 E KernelCpuUidActiveTimeReader: Negative delta from active time for uid: 10169, delta: -5
07-26 06:48:42.174  1708  2125 E KernelCpuUidActiveTimeReader: Negative delta from active time for uid: 10232, delta: -34
07-26 06:48:42.174  1708  2125 E KernelCpuUidActiveTimeReader: Negative delta from active time for uid: 10219, delta: -15
07-26 06:48:42.174  1708  2125 E KernelCpuUidActiveTimeReader: Negative delta from active time for uid: 10154, delta: -16
07-26 06:48:42.174  1708  2125 E KernelCpuUidActiveTimeReader: Negative delta from active time for uid: 10060, delta: -1
07-26 06:48:42.174  1708  2125 E KernelCpuUidActiveTimeReader: Negative delta from active time for uid: 10170, delta: -13
07-26 06:48:42.174  1708  2125 E KernelCpuUidActiveTimeReader: Negative delta from active time for uid: 10173, delta: -11
07-26 06:48:42.175  1708  2125 E KernelCpuUidActiveTimeReader: Negative delta from active time for uid: 10129, delta: -11
07-26 07:04:09.922  1708  2125 E KernelCpuUidActiveTimeReader: Negative delta from active time for uid: 10072, delta: -8
07-26 07:04:09.923  1708  2125 E KernelCpuUidActiveTimeReader: Negative delta from active time for uid: 10216, delta: -14
07-26 07:04:09.923  1708  2125 E KernelCpuUidActiveTimeReader: Negative delta from active time for uid: 10093, delta: -18
07-26 07:04:09.923  1708  2125 E KernelCpuUidActiveTimeReader: Negative delta from active time for uid: 10169, delta: -5
07-26 07:04:09.923  1708  2125 E KernelCpuUidActiveTimeReader: Negative delta from active time for uid: 10232, delta: -34
07-26 07:04:09.923  1708  2125 E KernelCpuUidActiveTimeReader: Negative delta from active time for uid: 10219, delta: -15
07-26 07:04:09.923  1708  2125 E KernelCpuUidActiveTimeReader: Negative delta from active time for uid: 10154, delta: -16
07-26 07:04:09.923  1708  2125 E KernelCpuUidActiveTimeReader: Negative delta from active time for uid: 10060, delta: -1
07-26 07:04:09.923  1708  2125 E KernelCpuUidActiveTimeReader: Negative delta from active time for uid: 10170, delta: -13
07-26 07:04:09.924  1708  2125 E KernelCpuUidActiveTimeReader: Negative delta from active time for uid: 10173, delta: -11
07-26 07:04:09.924  1708  2125 E KernelCpuUidActiveTimeReader: Negative delta from active time for uid: 10129, delta: -11
07-26 07:04:12.709  6010  6352 E KernelRpmStatsReader: Failure in reading rpm stats
07-26 07:04:12.709  6010  6352 E KernelRpmStatsReader: java.io.FileNotFoundException: /sys/power/system_sleep/stats: open failed: EACCES (Permission denied)
07-26 07:04:12.709  6010  6352 E KernelRpmStatsReader: 	at libcore.io.IoBridge.open(IoBridge.java:574)
07-26 07:04:12.709  6010  6352 E KernelRpmStatsReader: 	at java.io.FileInputStream.<init>(FileInputStream.java:179)
07-26 07:04:12.709  6010  6352 E KernelRpmStatsReader: 	at java.io.FileInputStream.<init>(FileInputStream.java:133)
07-26 07:04:12.709  6010  6352 E KernelRpmStatsReader: 	at com.miui.powerkeeper.utils.KernelRpmStatsReader.readRpmStatsType1(Unknown Source:19)
07-26 07:04:12.709  6010  6352 E KernelRpmStatsReader: 	at com.miui.powerkeeper.utils.KernelRpmStatsReader.readRpmStats(Unknown Source:63)
07-26 07:04:12.709  6010  6352 E KernelRpmStatsReader: 	at com.miui.powerkeeper.powerchecker.PowerCheckerService.requestKernelRpmStatsUpdate(Unknown Source:4)
07-26 07:04:12.709  6010  6352 E KernelRpmStatsReader: 	at com.miui.powerkeeper.powerchecker.PowerCheckerService.addBatteryHistoryRecord(Unknown Source:38)
07-26 07:04:12.709  6010  6352 E KernelRpmStatsReader: 	at com.miui.powerkeeper.powerchecker.PowerCheckerService.updateBatteryLevelChanged(Unknown Source:8)
07-26 07:04:12.709  6010  6352 E KernelRpmStatsReader: 	at com.miui.powerkeeper.powerchecker.PowerCheckerService.access$3800(Unknown Source:0)
07-26 07:04:12.709  6010  6352 E KernelRpmStatsReader: 	at com.miui.powerkeeper.powerchecker.PowerCheckerService$PowerCheckHandler.handleMessage(Unknown Source:72)
07-26 07:04:12.709  6010  6352 E KernelRpmStatsReader: 	at android.os.Handler.dispatchMessage(Handler.java:106)
07-26 07:04:12.709  6010  6352 E KernelRpmStatsReader: 	at android.os.Looper.loopOnce(Looper.java:211)
07-26 07:04:12.709  6010  6352 E KernelRpmStatsReader: 	at android.os.Looper.loop(Looper.java:300)
07-26 07:04:12.709  6010  6352 E KernelRpmStatsReader: 	at android.os.HandlerThread.run(HandlerThread.java:67)
07-26 07:04:12.709  6010  6352 E KernelRpmStatsReader: Caused by: android.system.ErrnoException: open failed: EACCES (Permission denied)
07-26 07:04:12.709  6010  6352 E KernelRpmStatsReader: 	at libcore.io.Linux.open(Native Method)
07-26 07:04:12.709  6010  6352 E KernelRpmStatsReader: 	at libcore.io.ForwardingOs.open(ForwardingOs.java:563)
07-26 07:04:12.709  6010  6352 E KernelRpmStatsReader: 	at libcore.io.BlockGuardOs.open(BlockGuardOs.java:274)
07-26 07:04:12.709  6010  6352 E KernelRpmStatsReader: 	at libcore.io.ForwardingOs.open(ForwardingOs.java:563)
07-26 07:04:12.709  6010  6352 E KernelRpmStatsReader: 	at android.app.ActivityThread$AndroidOs.open(ActivityThread.java:8192)
07-26 07:04:12.709  6010  6352 E KernelRpmStatsReader: 	at libcore.io.IoBridge.open(IoBridge.java:560)
07-26 07:04:12.709  6010  6352 E KernelRpmStatsReader: 	... 13 more
07-26 07:04:14.624  7263  7350 E ActivityThread: Failed to find provider info for com.facebook.appmanager.nekodirect
07-26 07:18:23.942  1708  2125 E KernelCpuUidActiveTimeReader: Negative delta from active time for uid: 10072, delta: -8
07-26 07:18:23.943  1708  2125 E KernelCpuUidActiveTimeReader: Negative delta from active time for uid: 10216, delta: -14
07-26 07:18:23.943  1708  2125 E KernelCpuUidActiveTimeReader: Negative delta from active time for uid: 10093, delta: -18
07-26 07:18:23.943  1708  2125 E KernelCpuUidActiveTimeReader: Negative delta from active time for uid: 10169, delta: -5
07-26 07:18:23.943  1708  2125 E KernelCpuUidActiveTimeReader: Negative delta from active time for uid: 10232, delta: -34
07-26 07:18:23.943  1708  2125 E KernelCpuUidActiveTimeReader: Negative delta from active time for uid: 10219, delta: -15
07-26 07:18:23.943  1708  2125 E KernelCpuUidActiveTimeReader: Negative delta from active time for uid: 10154, delta: -16
07-26 07:18:23.943  1708  2125 E KernelCpuUidActiveTimeReader: Negative delta from active time for uid: 10060, delta: -1
07-26 07:18:23.943  1708  2125 E KernelCpuUidActiveTimeReader: Negative delta from active time for uid: 10170, delta: -13
07-26 07:18:23.943  1708  2125 E KernelCpuUidActiveTimeReader: Negative delta from active time for uid: 10173, delta: -11
07-26 07:18:23.944  1708  2125 E KernelCpuUidActiveTimeReader: Negative delta from active time for uid: 10129, delta: -11
07-26 07:22:02.915  1708  2125 E KernelCpuUidActiveTimeReader: Negative delta from active time for uid: 10072, delta: -8
07-26 07:22:02.916  1708  2125 E KernelCpuUidActiveTimeReader: Negative delta from active time for uid: 10216, delta: -14
07-26 07:22:02.916  1708  2125 E KernelCpuUidActiveTimeReader: Negative delta from active time for uid: 10093, delta: -18
07-26 07:22:02.916  1708  2125 E KernelCpuUidActiveTimeReader: Negative delta from active time for uid: 10169, delta: -5
07-26 07:22:02.916  1708  2125 E KernelCpuUidActiveTimeReader: Negative delta from active time for uid: 10232, delta: -34
07-26 07:22:02.916  1708  2125 E KernelCpuUidActiveTimeReader: Negative delta from active time for uid: 10219, delta: -15
07-26 07:22:02.916  1708  2125 E KernelCpuUidActiveTimeReader: Negative delta from active time for uid: 10154, delta: -16
07-26 07:22:02.916  1708  2125 E KernelCpuUidActiveTimeReader: Negative delta from active time for uid: 10060, delta: -1
07-26 07:22:02.916  1708  2125 E KernelCpuUidActiveTimeReader: Negative delta from active time for uid: 10170, delta: -13
07-26 07:22:02.916  1708  2125 E KernelCpuUidActiveTimeReader: Negative delta from active time for uid: 10173, delta: -11
07-26 07:22:02.916  1708  2125 E KernelCpuUidActiveTimeReader: Negative delta from active time for uid: 10129, delta: -11
07-26 07:46:27.817  1708  2338 E AlarmManager: Attempt to decrement existing alarm count 0 by 1 for uid 1000
07-26 07:46:27.832  1708  2338 E AlarmManager: Attempt to decrement existing alarm count 0 by 1 for uid 1000
07-26 07:46:27.924  1708  2125 E KernelCpuUidActiveTimeReader: Negative delta from active time for uid: 10072, delta: -8
07-26 07:46:27.924  1708  2125 E KernelCpuUidActiveTimeReader: Negative delta from active time for uid: 10216, delta: -14
07-26 07:46:27.924  1708  2125 E KernelCpuUidActiveTimeReader: Negative delta from active time for uid: 10093, delta: -18
07-26 07:46:27.924  1708  2125 E KernelCpuUidActiveTimeReader: Negative delta from active time for uid: 10169, delta: -5
07-26 07:46:27.924  1708  2125 E KernelCpuUidActiveTimeReader: Negative delta from active time for uid: 10232, delta: -34
07-26 07:46:27.924  1708  2125 E KernelCpuUidActiveTimeReader: Negative delta from active time for uid: 10219, delta: -15
07-26 07:46:27.924  1708  2125 E KernelCpuUidActiveTimeReader: Negative delta from active time for uid: 10154, delta: -16
07-26 07:46:27.924  1708  2125 E KernelCpuUidActiveTimeReader: Negative delta from active time for uid: 10060, delta: -1
07-26 07:46:27.924  1708  2125 E KernelCpuUidActiveTimeReader: Negative delta from active time for uid: 10170, delta: -13
07-26 07:46:27.924  1708  2125 E KernelCpuUidActiveTimeReader: Negative delta from active time for uid: 10173, delta: -11
07-26 07:46:27.924  1708  2125 E KernelCpuUidActiveTimeReader: Negative delta from active time for uid: 10129, delta: -11
07-26 08:11:43.824  6762  6762 E MiuiMultiWindowUtils: initFreeFormResolutionArgs failed, device is lime
07-26 08:11:44.040  1708  2125 E KernelCpuUidActiveTimeReader: Negative delta from active time for uid: 10072, delta: -8
07-26 08:11:44.040  1708  2125 E KernelCpuUidActiveTimeReader: Negative delta from active time for uid: 10216, delta: -14
07-26 08:11:44.040  1708  2125 E KernelCpuUidActiveTimeReader: Negative delta from active time for uid: 10093, delta: -18
07-26 08:11:44.040  1708  2125 E KernelCpuUidActiveTimeReader: Negative delta from active time for uid: 10169, delta: -5
07-26 08:11:44.040  1708  2125 E KernelCpuUidActiveTimeReader: Negative delta from active time for uid: 10232, delta: -34
07-26 08:11:44.040  1708  2125 E KernelCpuUidActiveTimeReader: Negative delta from active time for uid: 10219, delta: -15
07-26 08:11:44.041  1708  2125 E KernelCpuUidActiveTimeReader: Negative delta from active time for uid: 10154, delta: -16
07-26 08:11:44.041  1708  2125 E KernelCpuUidActiveTimeReader: Negative delta from active time for uid: 10060, delta: -1
07-26 08:11:44.041  1708  2125 E KernelCpuUidActiveTimeReader: Negative delta from active time for uid: 10170, delta: -13
07-26 08:11:44.041  1708  2125 E KernelCpuUidActiveTimeReader: Negative delta from active time for uid: 10173, delta: -11
07-26 08:11:44.041  1708  2125 E KernelCpuUidActiveTimeReader: Negative delta from active time for uid: 10129, delta: -11
07-26 08:11:44.461  8153  8153 E MiuiMultiWindowUtils: initFreeFormResolutionArgs failed, device is lime
07-26 08:11:46.012  8286  8305 E ActivityThread: Failed to find provider info for com.miui.personalassistant.widget.external
07-26 08:11:50.332  1708  2125 E KernelCpuUidActiveTimeReader: Negative delta from active time for uid: 10072, delta: -8
07-26 08:11:50.332  1708  2125 E KernelCpuUidActiveTimeReader: Negative delta from active time for uid: 10216, delta: -14
07-26 08:11:50.332  1708  2125 E KernelCpuUidActiveTimeReader: Negative delta from active time for uid: 10093, delta: -18
07-26 08:11:50.333  1708  2125 E KernelCpuUidActiveTimeReader: Negative delta from active time for uid: 10169, delta: -5
07-26 08:11:50.333  1708  2125 E KernelCpuUidActiveTimeReader: Negative delta from active time for uid: 10232, delta: -34
07-26 08:11:50.333  1708  2125 E KernelCpuUidActiveTimeReader: Negative delta from active time for uid: 10219, delta: -15
07-26 08:11:50.333  1708  2125 E KernelCpuUidActiveTimeReader: Negative delta from active time for uid: 10154, delta: -16
07-26 08:11:50.333  1708  2125 E KernelCpuUidActiveTimeReader: Negative delta from active time for uid: 10060, delta: -1
07-26 08:11:50.333  1708  2125 E KernelCpuUidActiveTimeReader: Negative delta from active time for uid: 10170, delta: -13
07-26 08:11:50.333  1708  2125 E KernelCpuUidActiveTimeReader: Negative delta from active time for uid: 10173, delta: -11
07-26 08:11:50.333  1708  2125 E KernelCpuUidActiveTimeReader: Negative delta from active time for uid: 10129, delta: -11
07-26 08:11:57.174  1708  2125 E KernelCpuUidActiveTimeReader: Negative delta from active time for uid: 10072, delta: -8
07-26 08:11:57.174  1708  2125 E KernelCpuUidActiveTimeReader: Negative delta from active time for uid: 10216, delta: -14
07-26 08:11:57.174  1708  2125 E KernelCpuUidActiveTimeReader: Negative delta from active time for uid: 10093, delta: -18
07-26 08:11:57.175  1708  2125 E KernelCpuUidActiveTimeReader: Negative delta from active time for uid: 10169, delta: -5
07-26 08:11:57.175  1708  2125 E KernelCpuUidActiveTimeReader: Negative delta from active time for uid: 10232, delta: -34
07-26 08:11:57.175  1708  2125 E KernelCpuUidActiveTimeReader: Negative delta from active time for uid: 10219, delta: -15
07-26 08:11:57.175  1708  2125 E KernelCpuUidActiveTimeReader: Negative delta from active time for uid: 10154, delta: -16
07-26 08:11:57.175  1708  2125 E KernelCpuUidActiveTimeReader: Negative delta from active time for uid: 10060, delta: -1
07-26 08:11:57.175  1708  2125 E KernelCpuUidActiveTimeReader: Negative delta from active time for uid: 10170, delta: -13
07-26 08:11:57.175  1708  2125 E KernelCpuUidActiveTimeReader: Negative delta from active time for uid: 10173, delta: -11
07-26 08:11:57.175  1708  2125 E KernelCpuUidActiveTimeReader: Negative delta from active time for uid: 10129, delta: -11
07-26 08:12:00.155  1708  2125 E KernelCpuUidActiveTimeReader: Negative delta from active time for uid: 10072, delta: -8
07-26 08:12:00.155  1708  2125 E KernelCpuUidActiveTimeReader: Negative delta from active time for uid: 10216, delta: -14
07-26 08:12:00.155  1708  2125 E KernelCpuUidActiveTimeReader: Negative delta from active time for uid: 10093, delta: -18
07-26 08:12:00.155  1708  2125 E KernelCpuUidActiveTimeReader: Negative delta from active time for uid: 10169, delta: -5
07-26 08:12:00.155  1708  2125 E KernelCpuUidActiveTimeReader: Negative delta from active time for uid: 10232, delta: -34
07-26 08:12:00.155  1708  2125 E KernelCpuUidActiveTimeReader: Negative delta from active time for uid: 10219, delta: -15
07-26 08:12:00.155  1708  2125 E KernelCpuUidActiveTimeReader: Negative delta from active time for uid: 10154, delta: -16
07-26 08:12:00.155  1708  2125 E KernelCpuUidActiveTimeReader: Negative delta from active time for uid: 10060, delta: -1
07-26 08:12:00.155  1708  2125 E KernelCpuUidActiveTimeReader: Negative delta from active time for uid: 10170, delta: -13
07-26 08:12:00.155  1708  2125 E KernelCpuUidActiveTimeReader: Negative delta from active time for uid: 10173, delta: -11
07-26 08:12:00.155  1708  2125 E KernelCpuUidActiveTimeReader: Negative delta from active time for uid: 10129, delta: -11
07-26 08:12:03.302  1708  2898 E AppOps  : Operation not started: uid=1000 pkg=com.android.server.telecom(null) op=PHONE_CALL_MICROPHONE
07-26 08:12:13.631  1708  2125 E KernelCpuUidActiveTimeReader: Negative delta from active time for uid: 10072, delta: -8
07-26 08:12:13.631  1708  2125 E KernelCpuUidActiveTimeReader: Negative delta from active time for uid: 10216, delta: -14
07-26 08:12:13.631  1708  2125 E KernelCpuUidActiveTimeReader: Negative delta from active time for uid: 10093, delta: -18
07-26 08:12:13.631  1708  2125 E KernelCpuUidActiveTimeReader: Negative delta from active time for uid: 10169, delta: -5
07-26 08:12:13.631  1708  2125 E KernelCpuUidActiveTimeReader: Negative delta from active time for uid: 10232, delta: -34
07-26 08:12:13.631  1708  2125 E KernelCpuUidActiveTimeReader: Negative delta from active time for uid: 10219, delta: -15
07-26 08:12:13.632  1708  2125 E KernelCpuUidActiveTimeReader: Negative delta from active time for uid: 10154, delta: -16
07-26 08:12:13.632  1708  2125 E KernelCpuUidActiveTimeReader: Negative delta from active time for uid: 10060, delta: -1
07-26 08:12:13.632  1708  2125 E KernelCpuUidActiveTimeReader: Negative delta from active time for uid: 10170, delta: -13
07-26 08:12:13.632  1708  2125 E KernelCpuUidActiveTimeReader: Negative delta from active time for uid: 10173, delta: -11
07-26 08:12:13.632  1708  2125 E KernelCpuUidActiveTimeReader: Negative delta from active time for uid: 10129, delta: -11
07-26 08:15:39.465  1708  2125 E KernelCpuUidActiveTimeReader: Negative delta from active time for uid: 10072, delta: -8
07-26 08:15:39.465  1708  2125 E KernelCpuUidActiveTimeReader: Negative delta from active time for uid: 10216, delta: -14
07-26 08:15:39.465  1708  2125 E KernelCpuUidActiveTimeReader: Negative delta from active time for uid: 10093, delta: -18
07-26 08:15:39.465  1708  2125 E KernelCpuUidActiveTimeReader: Negative delta from active time for uid: 10169, delta: -5
07-26 08:15:39.465  1708  2125 E KernelCpuUidActiveTimeReader: Negative delta from active time for uid: 10232, delta: -34
07-26 08:15:39.465  1708  2125 E KernelCpuUidActiveTimeReader: Negative delta from active time for uid: 10219, delta: -15
07-26 08:15:39.465  1708  2125 E KernelCpuUidActiveTimeReader: Negative delta from active time for uid: 10154, delta: -16
07-26 08:15:39.465  1708  2125 E KernelCpuUidActiveTimeReader: Negative delta from active time for uid: 10060, delta: -1
07-26 08:15:39.465  1708  2125 E KernelCpuUidActiveTimeReader: Negative delta from active time for uid: 10170, delta: -13
07-26 08:15:39.466  1708  2125 E KernelCpuUidActiveTimeReader: Negative delta from active time for uid: 10173, delta: -11
07-26 08:15:39.466  1708  2125 E KernelCpuUidActiveTimeReader: Negative delta from active time for uid: 10129, delta: -11
07-26 08:15:42.603  2884  2884 E miui_keyguard_password: checkPasswordForUsers onChecked; result = true, mUserIdMatched = 0, mUserIdLocked: 0, mThrottleTimeout = 0
07-26 08:15:44.394  1708  4543 E PackageDexUsage: Unsupported context?
07-26 08:15:45.712   766   863 E NetlinkEvent: NetlinkEvent::FindParam(): Parameter 'INTERFACE' not found
07-26 08:15:45.712   766   863 E NetlinkEvent: NetlinkEvent::FindParam(): Parameter 'STATE' not found
07-26 08:15:45.712   766   863 E NetlinkEvent: NetlinkEvent::FindParam(): Parameter 'TIME_NS' not found
07-26 08:15:45.712   766   863 E NetlinkEvent: NetlinkEvent::FindParam(): Parameter 'UID' not found
07-26 08:15:45.923   766   863 E NetlinkEvent: NetlinkEvent::FindParam(): Parameter 'INTERFACE' not found
